--------- beginning of crash
06-14 15:25:24.240  2267 19288 F libc    : Fatal signal 6 (SIGABRT), code -6 in tid 19288 (IntentService[E)
06-14 15:25:24.304 19365 19365 F DEBUG   : *** *** *** *** *** *** *** *** *** *** *** *** *** *** *** ***
06-14 15:25:24.304 19365 19365 F DEBUG   : Build fingerprint: 'google/sdk_google_phone_x86/generic_x86:7.1.1/NYC/4729347:userdebug/test-keys'
06-14 15:25:24.304 19365 19365 F DEBUG   : Revision: '0'
06-14 15:25:24.305 19365 19365 F DEBUG   : ABI: 'x86'
06-14 15:25:24.305 19365 19365 F DEBUG   : pid: 2267, tid: 19288, name: IntentService[E  >>> com.google.android.googlequicksearchbox:search <<<
06-14 15:25:24.305 19365 19365 F DEBUG   : signal 6 (SIGABRT), code -6 (SI_TKILL), fault addr --------
06-14 15:25:24.306 19365 19365 F DEBUG   : Abort message: 'art/runtime/indirect_reference_table.cc:132] JNI ERROR (app bug): global reference table overflow (max=51200)'
06-14 15:25:24.306 19365 19365 F DEBUG   :     eax 00000000  ebx 000008db  ecx 00004b58  edx 00000006
06-14 15:25:24.306 19365 19365 F DEBUG   :     esi 88d00978  edi 88d00920
06-14 15:25:24.306 19365 19365 F DEBUG   :     xcs 00000073  xds 0000007b  xes 0000007b  xfs 0000003b  xss 0000007b
06-14 15:25:24.306 19365 19365 F DEBUG   :     eip add8b424  ebp 88cffb88  esp 88cffb2c  flags 00000296
06-14 15:25:24.703 19365 19365 F DEBUG   : 
06-14 15:25:24.703 19365 19365 F DEBUG   : backtrace:
06-14 15:25:24.703 19365 19365 F DEBUG   :     #00 pc ffffe424  [vdso:add8b000] (__kernel_vsyscall+16)
06-14 15:25:24.703 19365 19365 F DEBUG   :     #01 pc 0007a03c  /system/lib/libc.so (tgkill+28)
06-14 15:25:24.703 19365 19365 F DEBUG   :     #02 pc 00075885  /system/lib/libc.so (pthread_kill+85)
06-14 15:25:24.703 19365 19365 F DEBUG   :     #03 pc 0002785a  /system/lib/libc.so (raise+42)
06-14 15:25:24.703 19365 19365 F DEBUG   :     #04 pc 0001ee36  /system/lib/libc.so (abort+86)
06-14 15:25:24.703 19365 19365 F DEBUG   :     #05 pc 005183c5  /system/lib/libart.so (_ZN3art7Runtime5AbortEPKc+565)
06-14 15:25:24.703 19365 19365 F DEBUG   :     #06 pc 0011a5b3  /system/lib/libart.so (_ZN3art10LogMessageD1Ev+1747)
06-14 15:25:24.703 19365 19365 F DEBUG   :     #07 pc 002cd198  /system/lib/libart.so (_ZN3art22IndirectReferenceTable3AddEjPNS_6mirror6ObjectE+376)
06-14 15:25:24.703 19365 19365 F DEBUG   :     #08 pc 003931be  /system/lib/libart.so (_ZN3art9JavaVMExt12AddGlobalRefEPNS_6ThreadEPNS_6mirror6ObjectE+78)
06-14 15:25:24.703 19365 19365 F DEBUG   :     #09 pc 003d9134  /system/lib/libart.so (_ZN3art3JNI12NewGlobalRefEP7_JNIEnvP8_jobject+788)
06-14 15:25:24.703 19365 19365 F DEBUG   :     #10 pc 0013f927  /system/lib/libart.so (_ZN3art8CheckJNI6NewRefEPKcP7_JNIEnvP8_jobjectNS_15IndirectRefKindE+1063)
06-14 15:25:24.703 19365 19365 F DEBUG   :     #11 pc 0012cdf9  /system/lib/libart.so (_ZN3art8CheckJNI12NewGlobalRefEP7_JNIEnvP8_jobject+57)
06-14 15:25:24.703 19365 19365 F DEBUG   :     #12 pc 000e26b3  /system/lib/libandroid_runtime.so (_ZN7android20ibinderForJavaObjectEP7_JNIEnvP8_jobject+531)
06-14 15:25:24.704 19365 19365 F DEBUG   :     #13 pc 000d543c  /system/lib/libandroid_runtime.so
06-14 15:25:24.704 19365 19365 F DEBUG   :     #14 pc 01d3d5fe  /system/framework/x86/boot-framework.oat (offset 0x1585000) (android.os.Parcel.nativeWriteStrongBinder+154)
06-14 15:25:24.704 19365 19365 F DEBUG   :     #15 pc 01d468b5  /system/framework/x86/boot-framework.oat (offset 0x1585000) (android.os.Parcel.writeStrongBinder+65)
06-14 15:25:24.704 19365 19365 F DEBUG   :     #16 pc 0318247d  /system/priv-app/Velvet/oat/x86/Velvet.odex (offset 0x2413000)
--------- beginning of system
06-20 04:28:27.834  1256  1291 D VoldCryptCmdListener: cryptfs getpwtype
06-20 04:28:27.836  1658  1708 I chatty  : uid=1000(system) CryptdConnector expire 3 lines
06-20 04:42:00.031  1658  1675 I chatty  : uid=1000(system) ActivityManager expire 34 lines
06-20 04:44:54.779  1658  1678 I chatty  : uid=1000(system) batterystats-sy expire 76 lines
06-20 04:48:29.400  1658  1674 I chatty  : uid=1000(system) android.bg expire 17 lines
06-20 05:11:48.996  1658  1658 I chatty  : uid=1000 system_server expire 25 lines
06-20 06:45:24.395  1658  1683 I chatty  : uid=1000(system) CpuTracker expire 5 lines
06-20 07:00:00.114  1658  2044 I chatty  : uid=1000(system) backup expire 1 line
06-20 08:29:32.346  1658  1886 I chatty  : uid=1000(system) Binder:1658_4 expire 6 lines
06-20 08:29:53.792  1658   544 I chatty  : uid=1000(system) Binder:1658_15 expire 3 lines
06-20 08:29:53.831  1658  2291 I chatty  : uid=1000(system) Binder:1658_7 expire 2 lines
06-20 12:18:36.963  1658  1670 I chatty  : uid=1000(system) Binder:1658_2 expire 1 line
06-20 12:18:36.984  1658   543 I chatty  : uid=1000(system) Binder:1658_14 expire 7 lines
06-20 12:18:37.008  1658  4119 I chatty  : uid=1000(system) Binder:1658_C expire 3 lines
06-20 12:19:00.040  1658  4080 I chatty  : uid=1000(system) Binder:1658_9 expire 3 lines
06-20 14:06:40.035  1658  1725 I chatty  : uid=1000(system) onProviders.ECP expire 1 line
06-20 14:06:40.113  1658   542 I chatty  : uid=1000(system) Binder:1658_13 expire 5 lines
06-20 14:06:40.155  1658   539 I chatty  : uid=1000(system) Binder:1658_10 expire 3 lines
06-20 14:06:40.156  1658  1669 I chatty  : uid=1000(system) Binder:1658_1 expire 5 lines
06-20 14:06:40.315  1658  1719 I chatty  : uid=1000(system) ConnectivitySer expire 13 lines
06-20 14:07:23.483  1658  4120 I chatty  : uid=1000(system) Binder:1658_D expire 6 lines
06-20 14:27:16.616 19382 16697 I chatty  : uid=10029 com.google.android.googlequicksearchbox:search expire 11 lines
06-20 14:27:58.793  1658  2005 I chatty  : uid=1000(system) Binder:1658_5 expire 7 lines
06-20 14:28:07.708  1658  1687 I chatty  : uid=1000(system) PackageManager expire 5 lines
06-20 14:28:07.839  1658  1730 I chatty  : uid=1000(system) Binder:1658_3 expire 7 lines
06-20 14:28:07.843 16813 16813 W ContextImpl: Calling a method in the system process without a qualified user: android.app.ContextImpl.startService:1357 android.content.ContextWrapper.startService:613 android.content.ContextWrapper.startService:613 com.android.keychain.KeyChainBroadcastReceiver.onReceive:12 android.app.ActivityThread.handleReceiver:3040 
06-20 14:28:07.855  1658  4081 I chatty  : uid=1000(system) Binder:1658_A expire 5 lines
06-20 14:28:07.898  1658  1674 I chatty  : uid=1000(system) android.bg expire 5 lines
06-20 14:28:09.271  1658  2290 I chatty  : uid=1000(system) Binder:1658_6 expire 2 lines
06-20 14:28:12.104 19382 16697 I chatty  : uid=10029 com.google.android.googlequicksearchbox:search expire 1 line
06-20 14:28:13.594  1658  3177 I chatty  : uid=1000(system) Binder:1658_8 expire 2 lines
06-20 14:28:33.816  1658   540 I chatty  : uid=1000(system) Binder:1658_11 expire 2 lines
06-20 14:29:19.001 19382 16986 I chatty  : uid=10029 com.google.android.googlequicksearchbox:search expire 65 lines
06-20 14:31:00.005  1658  1675 I chatty  : uid=1000(system) ActivityManager expire 14 lines
06-20 14:32:05.650  1658  1678 I chatty  : uid=1000(system) batterystats-sy expire 12 lines
06-20 14:32:17.665  1658  1658 I chatty  : uid=1000 system_server expire 10 lines
06-20 14:34:43.526  1256  1291 D VoldCryptCmdListener: cryptfs getpwtype
06-20 14:34:46.375 19382 16986 I chatty  : uid=10029 com.google.android.googlequicksearchbox:search expire 273 lines
06-20 14:34:58.588  1658   541 I chatty  : uid=1000(system) Binder:1658_12 expire 5 lines
06-20 14:49:10.561  1658  1670 I chatty  : uid=1000(system) Binder:1658_2 expire 3 lines
06-20 14:57:43.126  1658  1687 I chatty  : uid=1000(system) PackageManager expire 10 lines
06-20 14:57:43.171 16813 16813 W ContextImpl: Calling a method in the system process without a qualified user: android.app.ContextImpl.startService:1357 android.content.ContextWrapper.startService:613 android.content.ContextWrapper.startService:613 com.android.keychain.KeyChainBroadcastReceiver.onReceive:12 android.app.ActivityThread.handleReceiver:3040 
06-20 14:57:43.806 19382 16986 I chatty  : uid=10029 com.google.android.googlequicksearchbox:search expire 22 lines
06-20 14:59:38.167  1658  2291 I chatty  : uid=1000(system) Binder:1658_7 expire 3 lines
06-20 14:59:46.120  1658  1702 I chatty  : uid=1000(system) InputDispatcher expire 8 lines
06-20 14:59:46.349 19382 19294 I chatty  : uid=10029 com.google.android.googlequicksearchbox:search expire 26 lines
06-20 15:01:52.481 16813 16813 W ContextImpl: Calling a method in the system process without a qualified user: android.app.ContextImpl.startService:1357 android.content.ContextWrapper.startService:613 android.content.ContextWrapper.startService:613 com.android.keychain.KeyChainBroadcastReceiver.onReceive:12 android.app.ActivityThread.handleReceiver:3040 
06-20 15:01:57.479 19382 19294 I chatty  : uid=10029 com.google.android.googlequicksearchbox:search expire 48 lines
06-20 15:02:13.755  1658  1683 I chatty  : uid=1000(system) CpuTracker expire 1 line
06-20 15:02:17.019  1658   539 I chatty  : uid=1000(system) Binder:1658_10 expire 5 lines
06-20 15:06:57.192  1658  1675 I chatty  : uid=1000(system) ActivityManager expire 12 lines
06-20 15:06:57.282  1658  1658 I chatty  : uid=1000 system_server expire 9 lines
06-20 15:06:57.331 16813 16813 W ContextImpl: Calling a method in the system process without a qualified user: android.app.ContextImpl.startService:1357 android.content.ContextWrapper.startService:613 android.content.ContextWrapper.startService:613 com.android.keychain.KeyChainBroadcastReceiver.onReceive:12 android.app.ActivityThread.handleReceiver:3040 
06-20 15:06:58.590  1658  1687 I chatty  : uid=1000(system) PackageManager expire 10 lines
06-20 15:06:59.798 19382 19294 I chatty  : uid=10029 com.google.android.googlequicksearchbox:search expire 1 line
06-20 15:07:01.404  1658   544 I chatty  : uid=1000(system) Binder:1658_15 expire 1 line
06-20 15:07:01.424  1658  4380 I chatty  : uid=1000(system) Binder:1658_E expire 3 lines
06-20 15:07:36.714  1658  4080 I chatty  : uid=1000(system) Binder:1658_9 expire 2 lines
06-20 15:08:59.151  1658   538 I chatty  : uid=1000(system) Binder:1658_F expire 2 lines
06-20 15:09:47.551 19382 20126 I chatty  : uid=10029 com.google.android.googlequicksearchbox:search expire 67 lines
06-20 15:15:20.440 16813 16813 W ContextImpl: Calling a method in the system process without a qualified user: android.app.ContextImpl.startService:1357 android.content.ContextWrapper.startService:613 android.content.ContextWrapper.startService:613 com.android.keychain.KeyChainBroadcastReceiver.onReceive:12 android.app.ActivityThread.handleReceiver:3040 
06-20 15:15:24.992 19382 20126 I chatty  : uid=10029 com.google.android.googlequicksearchbox:search expire 19 lines
06-20 15:20:06.724 16813 16813 W ContextImpl: Calling a method in the system process without a qualified user: android.app.ContextImpl.startService:1357 android.content.ContextWrapper.startService:613 android.content.ContextWrapper.startService:613 com.android.keychain.KeyChainBroadcastReceiver.onReceive:12 android.app.ActivityThread.handleReceiver:3040 
06-20 15:21:25.342 19382 20997 I chatty  : uid=10029 com.google.android.googlequicksearchbox:search expire 28 lines
06-20 15:23:46.330 19382 20997 E ActivityThread: Failed to find provider info for com.google.android.apps.gsa.testing.ui.audio.recorded
06-20 15:23:51.369 19382 20997 E ActivityThread: Failed to find provider info for com.google.android.apps.gsa.testing.ui.audio.recorded
06-20 15:23:56.402 19382 20997 E ActivityThread: Failed to find provider info for com.google.android.apps.gsa.testing.ui.audio.recorded
06-20 15:24:01.435 19382 20997 E ActivityThread: Failed to find provider info for com.google.android.apps.gsa.testing.ui.audio.recorded
06-20 15:24:06.477 19382 20997 E ActivityThread: Failed to find provider info for com.google.android.apps.gsa.testing.ui.audio.recorded
06-20 15:24:11.504 19382 20997 E ActivityThread: Failed to find provider info for com.google.android.apps.gsa.testing.ui.audio.recorded
06-20 15:24:16.538 19382 20997 E ActivityThread: Failed to find provider info for com.google.android.apps.gsa.testing.ui.audio.recorded
06-20 15:24:21.572 19382 20997 E ActivityThread: Failed to find provider info for com.google.android.apps.gsa.testing.ui.audio.recorded
06-20 15:24:26.603 19382 20997 E ActivityThread: Failed to find provider info for com.google.android.apps.gsa.testing.ui.audio.recorded
06-20 15:24:31.643 19382 20997 E ActivityThread: Failed to find provider info for com.google.android.apps.gsa.testing.ui.audio.recorded
06-20 15:24:36.683 19382 20997 E ActivityThread: Failed to find provider info for com.google.android.apps.gsa.testing.ui.audio.recorded
06-20 15:24:41.727 19382 20997 E ActivityThread: Failed to find provider info for com.google.android.apps.gsa.testing.ui.audio.recorded
06-20 15:24:46.755 19382 20997 E ActivityThread: Failed to find provider info for com.google.android.apps.gsa.testing.ui.audio.recorded
06-20 15:24:51.792 19382 20997 E ActivityThread: Failed to find provider info for com.google.android.apps.gsa.testing.ui.audio.recorded
06-20 15:24:56.819 19382 20997 E ActivityThread: Failed to find provider info for com.google.android.apps.gsa.testing.ui.audio.recorded
06-20 15:25:01.848 19382 20997 E ActivityThread: Failed to find provider info for com.google.android.apps.gsa.testing.ui.audio.recorded
06-20 15:25:06.885 19382 20997 E ActivityThread: Failed to find provider info for com.google.android.apps.gsa.testing.ui.audio.recorded
06-20 15:25:11.917 19382 20997 E ActivityThread: Failed to find provider info for com.google.android.apps.gsa.testing.ui.audio.recorded
06-20 15:25:16.960 19382 20997 E ActivityThread: Failed to find provider info for com.google.android.apps.gsa.testing.ui.audio.recorded
06-20 15:25:21.988 19382 20997 E ActivityThread: Failed to find provider info for com.google.android.apps.gsa.testing.ui.audio.recorded
06-20 15:25:27.022 19382 20997 E ActivityThread: Failed to find provider info for com.google.android.apps.gsa.testing.ui.audio.recorded
06-20 15:25:32.047 19382 20997 E ActivityThread: Failed to find provider info for com.google.android.apps.gsa.testing.ui.audio.recorded
06-20 15:25:37.089 19382 20997 E ActivityThread: Failed to find provider info for com.google.android.apps.gsa.testing.ui.audio.recorded
06-20 15:25:42.126 19382 20997 E ActivityThread: Failed to find provider info for com.google.android.apps.gsa.testing.ui.audio.recorded
06-20 15:25:47.167 19382 20997 E ActivityThread: Failed to find provider info for com.google.android.apps.gsa.testing.ui.audio.recorded
06-20 15:25:52.203 19382 20997 E ActivityThread: Failed to find provider info for com.google.android.apps.gsa.testing.ui.audio.recorded
06-20 15:25:57.252 19382 20997 E ActivityThread: Failed to find provider info for com.google.android.apps.gsa.testing.ui.audio.recorded
06-20 15:26:02.298 19382 20997 E ActivityThread: Failed to find provider info for com.google.android.apps.gsa.testing.ui.audio.recorded
06-20 15:26:07.341 19382 20997 E ActivityThread: Failed to find provider info for com.google.android.apps.gsa.testing.ui.audio.recorded
06-20 15:26:12.378 19382 20997 E ActivityThread: Failed to find provider info for com.google.android.apps.gsa.testing.ui.audio.recorded
06-20 15:26:17.404 19382 20997 E ActivityThread: Failed to find provider info for com.google.android.apps.gsa.testing.ui.audio.recorded
06-20 15:26:33.421 19382 21386 E ActivityThread: Failed to find provider info for com.google.android.apps.gsa.testing.ui.audio.recorded
06-20 15:26:38.447 19382 21386 E ActivityThread: Failed to find provider info for com.google.android.apps.gsa.testing.ui.audio.recorded
06-20 15:26:43.488 19382 21386 E ActivityThread: Failed to find provider info for com.google.android.apps.gsa.testing.ui.audio.recorded
06-20 15:26:48.520 19382 21386 E ActivityThread: Failed to find provider info for com.google.android.apps.gsa.testing.ui.audio.recorded
06-20 15:26:53.554 19382 21386 E ActivityThread: Failed to find provider info for com.google.android.apps.gsa.testing.ui.audio.recorded
06-20 15:26:58.597 19382 21386 E ActivityThread: Failed to find provider info for com.google.android.apps.gsa.testing.ui.audio.recorded
06-20 15:27:03.647 19382 21386 E ActivityThread: Failed to find provider info for com.google.android.apps.gsa.testing.ui.audio.recorded
06-20 15:27:08.682 19382 21386 E ActivityThread: Failed to find provider info for com.google.android.apps.gsa.testing.ui.audio.recorded
06-20 15:27:10.316  1658  1675 I chatty  : uid=1000(system) ActivityManager expire 10 lines
06-20 15:27:13.726 19382 21386 E ActivityThread: Failed to find provider info for com.google.android.apps.gsa.testing.ui.audio.recorded
06-20 15:27:18.767 19382 21386 E ActivityThread: Failed to find provider info for com.google.android.apps.gsa.testing.ui.audio.recorded
06-20 15:27:23.805 19382 21386 E ActivityThread: Failed to find provider info for com.google.android.apps.gsa.testing.ui.audio.recorded
06-20 15:27:28.843 19382 21386 E ActivityThread: Failed to find provider info for com.google.android.apps.gsa.testing.ui.audio.recorded
06-20 15:27:33.874 19382 21386 E ActivityThread: Failed to find provider info for com.google.android.apps.gsa.testing.ui.audio.recorded
06-20 15:27:38.907 19382 21386 E ActivityThread: Failed to find provider info for com.google.android.apps.gsa.testing.ui.audio.recorded
06-20 15:27:43.935 19382 21386 E ActivityThread: Failed to find provider info for com.google.android.apps.gsa.testing.ui.audio.recorded
06-20 15:27:48.973 19382 21386 E ActivityThread: Failed to find provider info for com.google.android.apps.gsa.testing.ui.audio.recorded
06-20 15:27:54.005 19382 21386 E ActivityThread: Failed to find provider info for com.google.android.apps.gsa.testing.ui.audio.recorded
06-20 15:27:59.032 19382 21386 E ActivityThread: Failed to find provider info for com.google.android.apps.gsa.testing.ui.audio.recorded
06-20 15:28:04.078 19382 21386 E ActivityThread: Failed to find provider info for com.google.android.apps.gsa.testing.ui.audio.recorded
06-20 15:28:09.109 19382 21386 E ActivityThread: Failed to find provider info for com.google.android.apps.gsa.testing.ui.audio.recorded
06-20 15:28:14.147 19382 21386 E ActivityThread: Failed to find provider info for com.google.android.apps.gsa.testing.ui.audio.recorded
06-20 15:28:19.188 19382 21386 E ActivityThread: Failed to find provider info for com.google.android.apps.gsa.testing.ui.audio.recorded
06-20 15:28:24.221 19382 21386 E ActivityThread: Failed to find provider info for com.google.android.apps.gsa.testing.ui.audio.recorded
06-20 15:28:29.250 19382 21386 E ActivityThread: Failed to find provider info for com.google.android.apps.gsa.testing.ui.audio.recorded
06-20 15:28:34.286 19382 21386 E ActivityThread: Failed to find provider info for com.google.android.apps.gsa.testing.ui.audio.recorded
06-20 15:28:39.320 19382 21386 E ActivityThread: Failed to find provider info for com.google.android.apps.gsa.testing.ui.audio.recorded
06-20 15:28:44.350 19382 21386 E ActivityThread: Failed to find provider info for com.google.android.apps.gsa.testing.ui.audio.recorded
06-20 15:28:49.412 19382 21386 E ActivityThread: Failed to find provider info for com.google.android.apps.gsa.testing.ui.audio.recorded
06-20 15:28:54.438 19382 21386 E ActivityThread: Failed to find provider info for com.google.android.apps.gsa.testing.ui.audio.recorded
06-20 15:28:59.481 19382 21386 E ActivityThread: Failed to find provider info for com.google.android.apps.gsa.testing.ui.audio.recorded
06-20 15:29:04.520 19382 21386 E ActivityThread: Failed to find provider info for com.google.android.apps.gsa.testing.ui.audio.recorded
06-20 15:29:09.557 19382 21386 E ActivityThread: Failed to find provider info for com.google.android.apps.gsa.testing.ui.audio.recorded
06-20 15:29:14.585 19382 21386 E ActivityThread: Failed to find provider info for com.google.android.apps.gsa.testing.ui.audio.recorded
06-20 15:29:19.621 19382 21386 E ActivityThread: Failed to find provider info for com.google.android.apps.gsa.testing.ui.audio.recorded
06-20 15:29:24.661 19382 21386 E ActivityThread: Failed to find provider info for com.google.android.apps.gsa.testing.ui.audio.recorded
06-20 15:29:29.687 19382 21386 E ActivityThread: Failed to find provider info for com.google.android.apps.gsa.testing.ui.audio.recorded
06-20 15:29:34.728 19382 21386 E ActivityThread: Failed to find provider info for com.google.android.apps.gsa.testing.ui.audio.recorded
06-20 15:29:39.764 19382 21386 E ActivityThread: Failed to find provider info for com.google.android.apps.gsa.testing.ui.audio.recorded
06-20 15:29:44.802 19382 21386 E ActivityThread: Failed to find provider info for com.google.android.apps.gsa.testing.ui.audio.recorded
06-20 15:29:49.838 19382 21386 E ActivityThread: Failed to find provider info for com.google.android.apps.gsa.testing.ui.audio.recorded
06-20 15:29:54.872 19382 21386 E ActivityThread: Failed to find provider info for com.google.android.apps.gsa.testing.ui.audio.recorded
06-20 15:29:59.912 19382 21386 E ActivityThread: Failed to find provider info for com.google.android.apps.gsa.testing.ui.audio.recorded
06-20 15:30:04.937 19382 21386 E ActivityThread: Failed to find provider info for com.google.android.apps.gsa.testing.ui.audio.recorded
06-20 15:30:09.980 19382 21386 E ActivityThread: Failed to find provider info for com.google.android.apps.gsa.testing.ui.audio.recorded
06-20 15:30:15.027 19382 21386 E ActivityThread: Failed to find provider info for com.google.android.apps.gsa.testing.ui.audio.recorded
06-20 15:30:20.056 19382 21386 E ActivityThread: Failed to find provider info for com.google.android.apps.gsa.testing.ui.audio.recorded
06-20 15:30:25.084 19382 21386 E ActivityThread: Failed to find provider info for com.google.android.apps.gsa.testing.ui.audio.recorded
06-20 15:30:30.117 19382 21386 E ActivityThread: Failed to find provider info for com.google.android.apps.gsa.testing.ui.audio.recorded
06-20 15:30:35.158 19382 21386 E ActivityThread: Failed to find provider info for com.google.android.apps.gsa.testing.ui.audio.recorded
06-20 15:30:40.185 19382 21386 E ActivityThread: Failed to find provider info for com.google.android.apps.gsa.testing.ui.audio.recorded
06-20 15:30:45.225 19382 21386 E ActivityThread: Failed to find provider info for com.google.android.apps.gsa.testing.ui.audio.recorded
06-20 15:30:50.258 19382 21386 E ActivityThread: Failed to find provider info for com.google.android.apps.gsa.testing.ui.audio.recorded
06-20 15:30:55.303 19382 21386 E ActivityThread: Failed to find provider info for com.google.android.apps.gsa.testing.ui.audio.recorded
06-20 15:31:00.382 19382 21386 E ActivityThread: Failed to find provider info for com.google.android.apps.gsa.testing.ui.audio.recorded
06-20 15:31:05.419 19382 21386 E ActivityThread: Failed to find provider info for com.google.android.apps.gsa.testing.ui.audio.recorded
06-20 15:31:07.693  1658  1719 I chatty  : uid=1000(system) ConnectivitySer expire 2 lines
06-20 15:31:07.725  1658  1687 I chatty  : uid=1000(system) PackageManager expire 10 lines
06-20 15:31:07.782 16813 16813 W ContextImpl: Calling a method in the system process without a qualified user: android.app.ContextImpl.startService:1357 android.content.ContextWrapper.startService:613 android.content.ContextWrapper.startService:613 com.android.keychain.KeyChainBroadcastReceiver.onReceive:12 android.app.ActivityThread.handleReceiver:3040 
06-20 15:31:10.453 19382 21386 E ActivityThread: Failed to find provider info for com.google.android.apps.gsa.testing.ui.audio.recorded
06-20 15:31:15.485 19382 21386 E ActivityThread: Failed to find provider info for com.google.android.apps.gsa.testing.ui.audio.recorded
06-20 15:31:20.516 19382 21386 E ActivityThread: Failed to find provider info for com.google.android.apps.gsa.testing.ui.audio.recorded
06-20 15:31:55.744 19382 21842 E ActivityThread: Failed to find provider info for com.google.android.apps.gsa.testing.ui.audio.recorded
06-20 15:35:10.434  1256  1291 D VoldCryptCmdListener: cryptfs getpwtype
06-20 15:36:56.272 19382 21386 E ActivityThread: Failed to find provider info for com.google.android.apps.gsa.testing.ui.audio.recorded
06-20 15:37:01.330 19382 21386 E ActivityThread: Failed to find provider info for com.google.android.apps.gsa.testing.ui.audio.recorded
06-20 15:37:06.368 19382 21386 E ActivityThread: Failed to find provider info for com.google.android.apps.gsa.testing.ui.audio.recorded
06-20 15:37:11.414 19382 21386 E ActivityThread: Failed to find provider info for com.google.android.apps.gsa.testing.ui.audio.recorded
06-20 15:37:16.452 19382 21386 E ActivityThread: Failed to find provider info for com.google.android.apps.gsa.testing.ui.audio.recorded
06-20 15:37:21.487 19382 21386 E ActivityThread: Failed to find provider info for com.google.android.apps.gsa.testing.ui.audio.recorded
06-20 15:37:26.521 19382 21386 E ActivityThread: Failed to find provider info for com.google.android.apps.gsa.testing.ui.audio.recorded
06-20 15:37:27.615  1658  1719 I chatty  : uid=1000(system) ConnectivitySer expire 11 lines
06-20 15:37:27.667  1658  1658 I chatty  : uid=1000 system_server expire 10 lines
06-20 15:37:27.695 16813 16813 W ContextImpl: Calling a method in the system process without a qualified user: android.app.ContextImpl.startService:1357 android.content.ContextWrapper.startService:613 android.content.ContextWrapper.startService:613 com.android.keychain.KeyChainBroadcastReceiver.onReceive:12 android.app.ActivityThread.handleReceiver:3040 
06-20 15:37:31.551 19382 21386 E ActivityThread: Failed to find provider info for com.google.android.apps.gsa.testing.ui.audio.recorded
06-20 15:37:36.601 19382 21386 E ActivityThread: Failed to find provider info for com.google.android.apps.gsa.testing.ui.audio.recorded
06-20 15:37:37.632  1658  3177 I chatty  : uid=1000(system) Binder:1658_8 expire 1 line
06-20 15:37:37.652  1658   538 I chatty  : uid=1000(system) Binder:1658_F expire 4 lines
06-20 15:37:40.723  1658  4119 I chatty  : uid=1000(system) Binder:1658_C expire 7 lines
06-20 15:42:12.743  1658  1702 I chatty  : uid=1000(system) InputDispatcher expire 6 lines
06-20 15:42:13.200 19382 22143 E ActivityThread: Failed to find provider info for com.google.android.apps.gsa.testing.ui.audio.recorded
06-20 15:42:16.725  1658  4080 I chatty  : uid=1000(system) Binder:1658_9 expire 4 lines
06-20 15:42:19.578 19382 21386 E ActivityThread: Failed to find provider info for com.google.android.apps.gsa.testing.ui.audio.recorded
06-20 15:42:24.603 19382 21386 E ActivityThread: Failed to find provider info for com.google.android.apps.gsa.testing.ui.audio.recorded
06-20 15:42:25.950  1658   539 I chatty  : uid=1000(system) Binder:1658_10 expire 3 lines
06-20 15:42:25.970  1658  1886 I chatty  : uid=1000(system) Binder:1658_4 expire 5 lines
06-20 15:42:27.753  1658  1675 I chatty  : uid=1000(system) ActivityManager expire 13 lines
06-20 15:42:27.852  1658   543 I chatty  : uid=1000(system) Binder:1658_14 expire 7 lines
06-20 15:42:27.872 16813 16813 W ContextImpl: Calling a method in the system process without a qualified user: android.app.ContextImpl.startService:1357 android.content.ContextWrapper.startService:613 android.content.ContextWrapper.startService:613 com.android.keychain.KeyChainBroadcastReceiver.onReceive:12 android.app.ActivityThread.handleReceiver:3040 
06-20 15:42:28.271 19382 21386 E ActivityThread: Failed to find provider info for com.google.android.apps.gsa.testing.ui.audio.recorded
06-20 15:42:33.318 19382 21386 E ActivityThread: Failed to find provider info for com.google.android.apps.gsa.testing.ui.audio.recorded
06-20 15:42:38.371 19382 21386 E ActivityThread: Failed to find provider info for com.google.android.apps.gsa.testing.ui.audio.recorded
06-20 15:42:43.420 19382 21386 E ActivityThread: Failed to find provider info for com.google.android.apps.gsa.testing.ui.audio.recorded
06-20 15:42:48.466 19382 21386 E ActivityThread: Failed to find provider info for com.google.android.apps.gsa.testing.ui.audio.recorded
06-20 15:42:53.507 19382 21386 E ActivityThread: Failed to find provider info for com.google.android.apps.gsa.testing.ui.audio.recorded
06-20 15:42:58.543 19382 21386 E ActivityThread: Failed to find provider info for com.google.android.apps.gsa.testing.ui.audio.recorded
06-20 15:43:02.186  1658  1687 I chatty  : uid=1000(system) PackageManager expire 10 lines
06-20 15:43:03.572 19382 21386 E ActivityThread: Failed to find provider info for com.google.android.apps.gsa.testing.ui.audio.recorded
06-20 15:43:08.024  1658  2005 I chatty  : uid=1000(system) Binder:1658_5 expire 3 lines
06-20 15:43:08.063  1658  2291 I chatty  : uid=1000(system) Binder:1658_7 expire 1 line
06-20 15:43:18.194  1658  1697 I chatty  : uid=1000(system) AlarmManager expire 1 line
06-20 15:45:59.572 19382 21386 E ActivityThread: Failed to find provider info for com.google.android.apps.gsa.testing.ui.audio.recorded
06-20 15:46:04.611 19382 21386 E ActivityThread: Failed to find provider info for com.google.android.apps.gsa.testing.ui.audio.recorded
06-20 15:46:09.649 19382 21386 E ActivityThread: Failed to find provider info for com.google.android.apps.gsa.testing.ui.audio.recorded
06-20 15:46:14.695 19382 21386 E ActivityThread: Failed to find provider info for com.google.android.apps.gsa.testing.ui.audio.recorded
06-20 15:46:19.749 19382 21386 E ActivityThread: Failed to find provider info for com.google.android.apps.gsa.testing.ui.audio.recorded
06-20 15:46:24.803 19382 21386 E ActivityThread: Failed to find provider info for com.google.android.apps.gsa.testing.ui.audio.recorded
06-20 15:46:29.120  1658  1670 I chatty  : uid=1000(system) Binder:1658_2 expire 4 lines
06-20 15:46:29.235 16813 16813 W ContextImpl: Calling a method in the system process without a qualified user: android.app.ContextImpl.startService:1357 android.content.ContextWrapper.startService:613 android.content.ContextWrapper.startService:613 com.android.keychain.KeyChainBroadcastReceiver.onReceive:12 android.app.ActivityThread.handleReceiver:3040 
06-20 15:46:29.849 19382 21386 E ActivityThread: Failed to find provider info for com.google.android.apps.gsa.testing.ui.audio.recorded
06-20 15:46:33.263  1658   541 I chatty  : uid=1000(system) Binder:1658_12 expire 4 lines
06-20 15:51:08.196  1658  1674 I chatty  : uid=1000(system) android.bg expire 10 lines
06-20 15:53:30.736  1658  4118 I chatty  : uid=1000(system) Binder:1658_B expire 2 lines
06-20 15:57:30.982  1658  1730 I chatty  : uid=1000(system) Binder:1658_3 expire 2 lines
06-20 16:02:05.658  1658  1678 I chatty  : uid=1000(system) batterystats-sy expire 4 lines
06-20 16:07:48.842 19382 22857 E ActivityThread: Failed to find provider info for com.google.android.apps.gsa.testing.ui.audio.recorded
06-20 16:07:53.869 19382 22857 E ActivityThread: Failed to find provider info for com.google.android.apps.gsa.testing.ui.audio.recorded
06-20 16:07:58.906 19382 22857 E ActivityThread: Failed to find provider info for com.google.android.apps.gsa.testing.ui.audio.recorded
06-20 16:08:03.939 19382 22857 E ActivityThread: Failed to find provider info for com.google.android.apps.gsa.testing.ui.audio.recorded
06-20 16:08:09.021 19382 22857 E ActivityThread: Failed to find provider info for com.google.android.apps.gsa.testing.ui.audio.recorded
06-20 16:08:14.069 19382 22857 E ActivityThread: Failed to find provider info for com.google.android.apps.gsa.testing.ui.audio.recorded
06-20 16:08:19.128 19382 22857 E ActivityThread: Failed to find provider info for com.google.android.apps.gsa.testing.ui.audio.recorded
06-20 16:08:24.234 19382 22857 E ActivityThread: Failed to find provider info for com.google.android.apps.gsa.testing.ui.audio.recorded
06-20 16:08:29.373 19382 22857 E ActivityThread: Failed to find provider info for com.google.android.apps.gsa.testing.ui.audio.recorded
06-20 16:08:34.437 19382 22857 E ActivityThread: Failed to find provider info for com.google.android.apps.gsa.testing.ui.audio.recorded
06-20 16:08:39.481 19382 22857 E ActivityThread: Failed to find provider info for com.google.android.apps.gsa.testing.ui.audio.recorded
06-20 16:08:44.522 19382 22857 E ActivityThread: Failed to find provider info for com.google.android.apps.gsa.testing.ui.audio.recorded
06-20 16:08:49.566 19382 22857 E ActivityThread: Failed to find provider info for com.google.android.apps.gsa.testing.ui.audio.recorded
06-20 16:08:54.604 19382 22857 E ActivityThread: Failed to find provider info for com.google.android.apps.gsa.testing.ui.audio.recorded
06-20 16:08:59.648 19382 22857 E ActivityThread: Failed to find provider info for com.google.android.apps.gsa.testing.ui.audio.recorded
06-20 16:09:04.687 19382 22857 E ActivityThread: Failed to find provider info for com.google.android.apps.gsa.testing.ui.audio.recorded
06-20 16:09:09.725 19382 22857 E ActivityThread: Failed to find provider info for com.google.android.apps.gsa.testing.ui.audio.recorded
06-20 16:09:14.764 19382 22857 E ActivityThread: Failed to find provider info for com.google.android.apps.gsa.testing.ui.audio.recorded
06-20 16:09:19.825 19382 22857 E ActivityThread: Failed to find provider info for com.google.android.apps.gsa.testing.ui.audio.recorded
06-20 16:09:24.881 19382 22857 E ActivityThread: Failed to find provider info for com.google.android.apps.gsa.testing.ui.audio.recorded
06-20 16:09:25.412 16813 16813 W ContextImpl: Calling a method in the system process without a qualified user: android.app.ContextImpl.startService:1357 android.content.ContextWrapper.startService:613 android.content.ContextWrapper.startService:613 com.android.keychain.KeyChainBroadcastReceiver.onReceive:12 android.app.ActivityThread.handleReceiver:3040 
06-20 16:09:29.921 19382 22857 E ActivityThread: Failed to find provider info for com.google.android.apps.gsa.testing.ui.audio.recorded
06-20 16:09:34.955 19382 22857 E ActivityThread: Failed to find provider info for com.google.android.apps.gsa.testing.ui.audio.recorded
06-20 16:09:39.986 19382 22857 E ActivityThread: Failed to find provider info for com.google.android.apps.gsa.testing.ui.audio.recorded
06-20 16:09:45.037 19382 22857 E ActivityThread: Failed to find provider info for com.google.android.apps.gsa.testing.ui.audio.recorded
06-20 16:09:50.067 19382 22857 E ActivityThread: Failed to find provider info for com.google.android.apps.gsa.testing.ui.audio.recorded
06-20 16:09:55.103 19382 22857 E ActivityThread: Failed to find provider info for com.google.android.apps.gsa.testing.ui.audio.recorded
06-20 16:10:00.147 19382 22857 E ActivityThread: Failed to find provider info for com.google.android.apps.gsa.testing.ui.audio.recorded
06-20 16:10:05.185 19382 22857 E ActivityThread: Failed to find provider info for com.google.android.apps.gsa.testing.ui.audio.recorded
06-20 16:10:10.222 19382 22857 E ActivityThread: Failed to find provider info for com.google.android.apps.gsa.testing.ui.audio.recorded
06-20 16:10:15.266 19382 22857 E ActivityThread: Failed to find provider info for com.google.android.apps.gsa.testing.ui.audio.recorded
06-20 16:10:20.302 19382 22857 E ActivityThread: Failed to find provider info for com.google.android.apps.gsa.testing.ui.audio.recorded
06-20 16:10:25.330 19382 22857 E ActivityThread: Failed to find provider info for com.google.android.apps.gsa.testing.ui.audio.recorded
06-20 16:10:28.539  1658  1675 I chatty  : uid=1000(system) ActivityManager expire 12 lines
06-20 16:10:28.635  1658  1687 I chatty  : uid=1000(system) PackageManager expire 12 lines
06-20 16:10:28.647  1658  1658 I chatty  : uid=1000 system_server expire 10 lines
06-20 16:10:28.675 16813 16813 W ContextImpl: Calling a method in the system process without a qualified user: android.app.ContextImpl.startService:1357 android.content.ContextWrapper.startService:613 android.content.ContextWrapper.startService:613 com.android.keychain.KeyChainBroadcastReceiver.onReceive:12 android.app.ActivityThread.handleReceiver:3040 
06-20 16:10:28.827  1658   542 I chatty  : uid=1000(system) Binder:1658_13 expire 3 lines
06-20 16:10:29.120 19382 22857 E ActivityThread: Failed to find provider info for com.google.android.apps.gsa.testing.ui.audio.recorded
06-20 16:10:34.141 19382 22857 E ActivityThread: Failed to find provider info for com.google.android.apps.gsa.testing.ui.audio.recorded
06-20 16:10:39.167 19382 22857 E ActivityThread: Failed to find provider info for com.google.android.apps.gsa.testing.ui.audio.recorded
06-20 16:10:44.215 19382 22857 E ActivityThread: Failed to find provider info for com.google.android.apps.gsa.testing.ui.audio.recorded
06-20 16:10:49.258 19382 22857 E ActivityThread: Failed to find provider info for com.google.android.apps.gsa.testing.ui.audio.recorded
06-20 16:10:54.293 19382 22857 E ActivityThread: Failed to find provider info for com.google.android.apps.gsa.testing.ui.audio.recorded
06-20 16:10:59.324 19382 22857 E ActivityThread: Failed to find provider info for com.google.android.apps.gsa.testing.ui.audio.recorded
06-20 16:11:04.366 19382 22857 E ActivityThread: Failed to find provider info for com.google.android.apps.gsa.testing.ui.audio.recorded
06-20 16:11:09.414 19382 22857 E ActivityThread: Failed to find provider info for com.google.android.apps.gsa.testing.ui.audio.recorded
06-20 16:11:14.463 19382 22857 E ActivityThread: Failed to find provider info for com.google.android.apps.gsa.testing.ui.audio.recorded
06-20 16:11:19.586 19382 22857 E ActivityThread: Failed to find provider info for com.google.android.apps.gsa.testing.ui.audio.recorded
06-20 16:11:24.641 19382 22857 E ActivityThread: Failed to find provider info for com.google.android.apps.gsa.testing.ui.audio.recorded
06-20 16:11:29.697 19382 22857 E ActivityThread: Failed to find provider info for com.google.android.apps.gsa.testing.ui.audio.recorded
06-20 16:11:34.749 19382 22857 E ActivityThread: Failed to find provider info for com.google.android.apps.gsa.testing.ui.audio.recorded
06-20 16:11:39.782 19382 22857 E ActivityThread: Failed to find provider info for com.google.android.apps.gsa.testing.ui.audio.recorded
06-20 16:11:44.831 19382 22857 E ActivityThread: Failed to find provider info for com.google.android.apps.gsa.testing.ui.audio.recorded
06-20 16:11:45.152  1658  1669 I chatty  : uid=1000(system) Binder:1658_1 expire 2 lines
06-20 16:11:45.170  1658  4081 I chatty  : uid=1000(system) Binder:1658_A expire 1 line
06-20 16:12:48.928  1658  4380 I chatty  : uid=1000(system) Binder:1658_E expire 1 line
06-20 16:13:58.758 19382 22857 E ActivityThread: Failed to find provider info for com.google.android.apps.gsa.testing.ui.audio.recorded
06-20 16:14:03.793 19382 22857 E ActivityThread: Failed to find provider info for com.google.android.apps.gsa.testing.ui.audio.recorded
06-20 16:14:06.361  1658   544 I chatty  : uid=1000(system) Binder:1658_15 expire 2 lines
06-20 16:14:06.361  1658   540 I chatty  : uid=1000(system) Binder:1658_11 expire 1 line
06-20 16:14:06.449 16813 16813 W ContextImpl: Calling a method in the system process without a qualified user: android.app.ContextImpl.startService:1357 android.content.ContextWrapper.startService:613 android.content.ContextWrapper.startService:613 com.android.keychain.KeyChainBroadcastReceiver.onReceive:12 android.app.ActivityThread.handleReceiver:3040 
06-20 16:14:06.983 19382 22857 E ActivityThread: Failed to find provider info for com.google.android.apps.gsa.testing.ui.audio.recorded
06-20 16:14:12.023 19382 22857 E ActivityThread: Failed to find provider info for com.google.android.apps.gsa.testing.ui.audio.recorded
06-20 16:14:17.057 19382 22857 E ActivityThread: Failed to find provider info for com.google.android.apps.gsa.testing.ui.audio.recorded
06-20 16:14:22.101 19382 22857 E ActivityThread: Failed to find provider info for com.google.android.apps.gsa.testing.ui.audio.recorded
06-20 16:14:27.148 19382 22857 E ActivityThread: Failed to find provider info for com.google.android.apps.gsa.testing.ui.audio.recorded
06-20 16:22:14.101  1658  1725 I chatty  : uid=1000(system) onProviders.ECP expire 1 line
06-20 16:22:18.031 19382 22857 E ActivityThread: Failed to find provider info for com.google.android.apps.gsa.testing.ui.audio.recorded
06-20 16:22:23.069 19382 22857 E ActivityThread: Failed to find provider info for com.google.android.apps.gsa.testing.ui.audio.recorded
06-20 16:22:28.101 19382 22857 E ActivityThread: Failed to find provider info for com.google.android.apps.gsa.testing.ui.audio.recorded
06-20 16:22:33.143 19382 22857 E ActivityThread: Failed to find provider info for com.google.android.apps.gsa.testing.ui.audio.recorded
06-20 16:22:38.185 19382 22857 E ActivityThread: Failed to find provider info for com.google.android.apps.gsa.testing.ui.audio.recorded
06-20 16:22:43.232 19382 22857 E ActivityThread: Failed to find provider info for com.google.android.apps.gsa.testing.ui.audio.recorded
06-20 16:22:48.275 19382 22857 E ActivityThread: Failed to find provider info for com.google.android.apps.gsa.testing.ui.audio.recorded
06-20 16:22:53.302 19382 22857 E ActivityThread: Failed to find provider info for com.google.android.apps.gsa.testing.ui.audio.recorded
06-20 16:22:58.349 19382 22857 E ActivityThread: Failed to find provider info for com.google.android.apps.gsa.testing.ui.audio.recorded
06-20 16:23:03.406 19382 22857 E ActivityThread: Failed to find provider info for com.google.android.apps.gsa.testing.ui.audio.recorded
06-20 16:23:08.451 19382 22857 E ActivityThread: Failed to find provider info for com.google.android.apps.gsa.testing.ui.audio.recorded
06-20 16:23:13.500 19382 22857 E ActivityThread: Failed to find provider info for com.google.android.apps.gsa.testing.ui.audio.recorded
06-20 16:23:18.548 19382 22857 E ActivityThread: Failed to find provider info for com.google.android.apps.gsa.testing.ui.audio.recorded
06-20 16:23:21.181  1658  1658 I chatty  : uid=1000 system_server expire 12 lines
06-20 16:23:21.205 16813 16813 W ContextImpl: Calling a method in the system process without a qualified user: android.app.ContextImpl.startService:1357 android.content.ContextWrapper.startService:613 android.content.ContextWrapper.startService:613 com.android.keychain.KeyChainBroadcastReceiver.onReceive:12 android.app.ActivityThread.handleReceiver:3040 
06-20 16:23:23.582 19382 22857 E ActivityThread: Failed to find provider info for com.google.android.apps.gsa.testing.ui.audio.recorded
06-20 16:23:28.624 19382 22857 E ActivityThread: Failed to find provider info for com.google.android.apps.gsa.testing.ui.audio.recorded
06-20 16:23:33.671 19382 22857 E ActivityThread: Failed to find provider info for com.google.android.apps.gsa.testing.ui.audio.recorded
06-20 16:23:38.708 19382 22857 E ActivityThread: Failed to find provider info for com.google.android.apps.gsa.testing.ui.audio.recorded
06-20 16:23:43.737 19382 22857 E ActivityThread: Failed to find provider info for com.google.android.apps.gsa.testing.ui.audio.recorded
06-20 16:23:48.787 19382 22857 E ActivityThread: Failed to find provider info for com.google.android.apps.gsa.testing.ui.audio.recorded
06-20 16:23:53.835 19382 22857 E ActivityThread: Failed to find provider info for com.google.android.apps.gsa.testing.ui.audio.recorded
06-20 16:23:58.879 19382 22857 E ActivityThread: Failed to find provider info for com.google.android.apps.gsa.testing.ui.audio.recorded
06-20 16:24:03.920 19382 22857 E ActivityThread: Failed to find provider info for com.google.android.apps.gsa.testing.ui.audio.recorded
06-20 16:24:08.953 19382 22857 E ActivityThread: Failed to find provider info for com.google.android.apps.gsa.testing.ui.audio.recorded
06-20 16:24:13.998 19382 22857 E ActivityThread: Failed to find provider info for com.google.android.apps.gsa.testing.ui.audio.recorded
06-20 16:24:19.048 19382 22857 E ActivityThread: Failed to find provider info for com.google.android.apps.gsa.testing.ui.audio.recorded
06-20 16:24:24.114 19382 22857 E ActivityThread: Failed to find provider info for com.google.android.apps.gsa.testing.ui.audio.recorded
06-20 16:24:29.155 19382 22857 E ActivityThread: Failed to find provider info for com.google.android.apps.gsa.testing.ui.audio.recorded
06-20 16:24:34.188 19382 22857 E ActivityThread: Failed to find provider info for com.google.android.apps.gsa.testing.ui.audio.recorded
06-20 16:24:39.240 19382 22857 E ActivityThread: Failed to find provider info for com.google.android.apps.gsa.testing.ui.audio.recorded
06-20 16:24:44.276 19382 22857 E ActivityThread: Failed to find provider info for com.google.android.apps.gsa.testing.ui.audio.recorded
06-20 16:24:49.313 19382 22857 E ActivityThread: Failed to find provider info for com.google.android.apps.gsa.testing.ui.audio.recorded
06-20 16:24:54.356 19382 22857 E ActivityThread: Failed to find provider info for com.google.android.apps.gsa.testing.ui.audio.recorded
06-20 16:24:59.383 19382 22857 E ActivityThread: Failed to find provider info for com.google.android.apps.gsa.testing.ui.audio.recorded
06-20 16:25:04.430 19382 22857 E ActivityThread: Failed to find provider info for com.google.android.apps.gsa.testing.ui.audio.recorded
06-20 16:25:09.470 19382 22857 E ActivityThread: Failed to find provider info for com.google.android.apps.gsa.testing.ui.audio.recorded
06-20 16:25:14.516 19382 22857 E ActivityThread: Failed to find provider info for com.google.android.apps.gsa.testing.ui.audio.recorded
06-20 16:25:19.566 19382 22857 E ActivityThread: Failed to find provider info for com.google.android.apps.gsa.testing.ui.audio.recorded
06-20 16:25:24.624 19382 22857 E ActivityThread: Failed to find provider info for com.google.android.apps.gsa.testing.ui.audio.recorded
06-20 16:25:29.657 19382 22857 E ActivityThread: Failed to find provider info for com.google.android.apps.gsa.testing.ui.audio.recorded
06-20 16:38:27.391 19382 22857 E ActivityThread: Failed to find provider info for com.google.android.apps.gsa.testing.ui.audio.recorded
06-20 16:38:32.436 19382 22857 E ActivityThread: Failed to find provider info for com.google.android.apps.gsa.testing.ui.audio.recorded
06-20 16:38:37.480 19382 22857 E ActivityThread: Failed to find provider info for com.google.android.apps.gsa.testing.ui.audio.recorded
06-20 16:38:42.535 19382 22857 E ActivityThread: Failed to find provider info for com.google.android.apps.gsa.testing.ui.audio.recorded
06-20 16:38:47.576 19382 22857 E ActivityThread: Failed to find provider info for com.google.android.apps.gsa.testing.ui.audio.recorded
06-20 16:38:52.620 19382 22857 E ActivityThread: Failed to find provider info for com.google.android.apps.gsa.testing.ui.audio.recorded
06-20 16:38:57.667 19382 22857 E ActivityThread: Failed to find provider info for com.google.android.apps.gsa.testing.ui.audio.recorded
06-20 16:39:02.710 19382 22857 E ActivityThread: Failed to find provider info for com.google.android.apps.gsa.testing.ui.audio.recorded
06-20 16:39:07.017  1658  1687 I chatty  : uid=1000(system) PackageManager expire 4 lines
06-20 16:39:07.075 16813 16813 W ContextImpl: Calling a method in the system process without a qualified user: android.app.ContextImpl.startService:1357 android.content.ContextWrapper.startService:613 android.content.ContextWrapper.startService:613 com.android.keychain.KeyChainBroadcastReceiver.onReceive:12 android.app.ActivityThread.handleReceiver:3040 
06-20 16:39:07.741 19382 22857 E ActivityThread: Failed to find provider info for com.google.android.apps.gsa.testing.ui.audio.recorded
06-20 16:39:12.791 19382 22857 E ActivityThread: Failed to find provider info for com.google.android.apps.gsa.testing.ui.audio.recorded
06-20 16:43:17.766  1658  1719 I chatty  : uid=1000(system) ConnectivitySer expire 3 lines
06-20 16:44:06.701 19382 22857 E ActivityThread: Failed to find provider info for com.google.android.apps.gsa.testing.ui.audio.recorded
06-20 16:44:11.734 19382 22857 E ActivityThread: Failed to find provider info for com.google.android.apps.gsa.testing.ui.audio.recorded
06-20 16:44:16.773 19382 22857 E ActivityThread: Failed to find provider info for com.google.android.apps.gsa.testing.ui.audio.recorded
06-20 16:44:21.808 19382 22857 E ActivityThread: Failed to find provider info for com.google.android.apps.gsa.testing.ui.audio.recorded
06-20 16:44:26.843 19382 22857 E ActivityThread: Failed to find provider info for com.google.android.apps.gsa.testing.ui.audio.recorded
06-20 16:44:31.889 19382 22857 E ActivityThread: Failed to find provider info for com.google.android.apps.gsa.testing.ui.audio.recorded
06-20 16:44:36.953 19382 22857 E ActivityThread: Failed to find provider info for com.google.android.apps.gsa.testing.ui.audio.recorded
06-20 16:44:42.000 19382 22857 E ActivityThread: Failed to find provider info for com.google.android.apps.gsa.testing.ui.audio.recorded
06-20 16:44:47.036 19382 22857 E ActivityThread: Failed to find provider info for com.google.android.apps.gsa.testing.ui.audio.recorded
06-20 16:46:43.026  1658  1674 I chatty  : uid=1000(system) android.bg expire 12 lines
06-20 16:46:47.683 19382 22857 E ActivityThread: Failed to find provider info for com.google.android.apps.gsa.testing.ui.audio.recorded
06-20 16:46:52.722 19382 22857 E ActivityThread: Failed to find provider info for com.google.android.apps.gsa.testing.ui.audio.recorded
06-20 16:46:57.755 19382 22857 E ActivityThread: Failed to find provider info for com.google.android.apps.gsa.testing.ui.audio.recorded
06-20 16:47:02.799 19382 22857 E ActivityThread: Failed to find provider info for com.google.android.apps.gsa.testing.ui.audio.recorded
06-20 16:47:07.856 19382 22857 E ActivityThread: Failed to find provider info for com.google.android.apps.gsa.testing.ui.audio.recorded
06-20 16:47:12.896 19382 22857 E ActivityThread: Failed to find provider info for com.google.android.apps.gsa.testing.ui.audio.recorded
