06-21 15:15:44.292  1348 19378 D MemoryDealer:    12: 0xac9f4c50 | 0x00180A80 | 0x000200E0 | A 
06-21 15:15:44.292  1348 19378 D MemoryDealer:    13: 0xacefe750 | 0x001A0B60 | 0x000200E0 | A 
06-21 15:15:44.292  1348 19378 D MemoryDealer:    14: 0xacefe860 | 0x001C0C40 | 0x000200E0 | A 
06-21 15:15:44.292  1348 19378 D MemoryDealer:    15: 0xacefe910 | 0x001E0D20 | 0x000200E0 | A 
06-21 15:15:44.292  1348 19378 D MemoryDealer:    16: 0xacefea70 | 0x00200E00 | 0x000200E0 | A 
06-21 15:15:44.292  1348 19378 D MemoryDealer:    17: 0xacefe300 | 0x00220EE0 | 0x000200E0 | A 
06-21 15:15:44.292  1348 19378 D MemoryDealer:    18: 0xac9f48c0 | 0x00240FC0 | 0x000200E0 | A 
06-21 15:15:44.292  1348 19378 D MemoryDealer:    19: 0xacefebd0 | 0x002610A0 | 0x000200E0 | A 
06-21 15:15:44.292  1348 19378 D MemoryDealer:    
06-21 15:15:44.292  1348 19378 E AudioFlinger: createRecordTrack_l() initCheck failed -12; no control block?
06-21 15:15:44.292 19382 17299 E AudioRecord: AudioFlinger could not create record track, status: -12
06-21 15:15:44.296 19382 17299 E AudioRecord-JNI: Error creating AudioRecord instance: initialization check failed with status -12.
06-21 15:15:44.296 19382 17299 E android.media.AudioRecord: Error code -20 when initializing native AudioRecord object.
06-21 15:15:44.296 19382 17299 I MicrophoneInputStream: mic_started com.google.android.apps.gsa.staticplugins.z.c@2bb5dc2
06-21 15:15:44.297 19382 17299 E ActivityThread: Failed to find provider info for com.google.android.apps.gsa.testing.ui.audio.recorded
06-21 15:15:44.297 19382 19382 I MicroDetectionWorker: onReady
06-21 15:15:44.303 19382 17299 I MicrophoneInputStream: mic_close com.google.android.apps.gsa.staticplugins.z.c@2bb5dc2
06-21 15:15:44.303 19382 17407 I MicroRecognitionRunner: Detection finished
06-21 15:15:44.303 19382 17407 W ErrorReporter: reportError [type: 211, code: 524300]: Error reading from input stream
06-21 15:15:44.303 19382 19437 I MicroRecognitionRunner: Stopping hotword detection.
06-21 15:15:44.304 19382 17407 W ErrorProcessor: onFatalError, processing error from engine(4)
06-21 15:15:44.304 19382 17407 W ErrorProcessor: com.google.android.apps.gsa.shared.speech.a.g: Error reading from input stream
06-21 15:15:44.304 19382 17407 W ErrorProcessor: 	at com.google.android.apps.gsa.staticplugins.recognizer.i.a.a(SourceFile:342)
06-21 15:15:44.304 19382 17407 W ErrorProcessor: 	at com.google.android.apps.gsa.staticplugins.recognizer.i.a$1.run(SourceFile:1367)
06-21 15:15:44.304 19382 17407 W ErrorProcessor: 	at java.util.concurrent.Executors$RunnableAdapter.call(Executors.java:428)
06-21 15:15:44.304 19382 17407 W ErrorProcessor: 	at java.util.concurrent.FutureTask.run(FutureTask.java:237)
06-21 15:15:44.304 19382 17407 W ErrorProcessor: 	at com.google.android.apps.gsa.shared.util.concurrent.a.ak.run(SourceFile:66)
06-21 15:15:44.304 19382 17407 W ErrorProcessor: 	at java.util.concurrent.ThreadPoolExecutor.runWorker(ThreadPoolExecutor.java:1133)
06-21 15:15:44.304 19382 17407 W ErrorProcessor: 	at java.util.concurrent.ThreadPoolExecutor$Worker.run(ThreadPoolExecutor.java:607)
06-21 15:15:44.304 19382 17407 W ErrorProcessor: 	at java.lang.Thread.run(Thread.java:761)
06-21 15:15:44.304 19382 17407 W ErrorProcessor: 	at com.google.android.apps.gsa.shared.util.concurrent.a.ad$1.run(SourceFile:85)
06-21 15:15:44.304 19382 17407 W ErrorProcessor: Caused by: com.google.android.apps.gsa.shared.exception.GsaIOException: Error code: 393238 | Buffer overflow, no available space.
06-21 15:15:44.304 19382 17407 W ErrorProcessor: 	at com.google.android.apps.gsa.speech.audio.Tee.g(SourceFile:2531)
06-21 15:15:44.304 19382 17407 W ErrorProcessor: 	at com.google.android.apps.gsa.speech.audio.ap.read(SourceFile:555)
06-21 15:15:44.304 19382 17407 W ErrorProcessor: 	at java.io.InputStream.read(InputStream.java:101)
06-21 15:15:44.304 19382 17407 W ErrorProcessor: 	at com.google.android.apps.gsa.speech.audio.al.run(SourceFile:362)
06-21 15:15:44.304 19382 17407 W ErrorProcessor: 	at com.google.android.apps.gsa.speech.audio.ak$1.run(SourceFile:471)
06-21 15:15:44.304 19382 17407 W ErrorProcessor: 	at java.util.concurrent.Executors$RunnableAdapter.call(Executors.java:428)
06-21 15:15:44.304 19382 17407 W ErrorProcessor: 	at java.util.concurrent.FutureTask.run(FutureTask.java:237)
06-21 15:15:44.304 19382 17407 W ErrorProcessor: 	at com.google.android.apps.gsa.shared.util.concurrent.a.ak.run(SourceFile:66)
06-21 15:15:44.304 19382 17407 W ErrorProcessor: 	at com.google.android.apps.gsa.shared.util.concurrent.a.ax.run(SourceFile:139)
06-21 15:15:44.304 19382 17407 W ErrorProcessor: 	at com.google.android.apps.gsa.shared.util.concurrent.a.ax.run(SourceFile:139)
06-21 15:15:44.304 19382 17407 W ErrorProcessor: 	... 4 more
06-21 15:15:44.304 19382 17407 I AudioController: internalShutdown
06-21 15:15:44.307 19382 19382 I MicroDetector: Keeping mic open: false
06-21 15:15:44.307 19382 19382 I MicroDetectionWorker: #onError(false)
06-21 15:15:44.307 19382 17406 I DeviceStateChecker: DeviceStateChecker cancelled
06-21 15:15:45.759 19382 19382 I GrammarCompilationSvcCt: #startService for null, APP_NAMES.
06-21 15:15:45.762 19382 17411 I ContextCompilationHandl: Compiling grammar for: en-US, type=APP_NAMES
06-21 15:15:45.763 19382 17411 I ContextCompilationHandl: No grammar compilation resources for VOICE_ACTIONS_COMPILER, aborting. 
06-21 15:15:49.314 19382 19382 I MicroDetectionWorker: Micro detection mode: [mDetectionMode: [1]].
06-21 15:15:49.314 19382 19382 I AudioController: Using mInputStreamFactoryBuilder
06-21 15:15:49.316 19382 17413 I MicroRecognitionRunner: Starting detection.
06-21 15:15:49.320 19382 17299 I MicrophoneInputStream: mic_starting com.google.android.apps.gsa.staticplugins.z.c@343511f
06-21 15:15:49.323  1348 17416 I AudioFlinger: AudioFlinger's thread 0xafd83ac0 ready to run
06-21 15:15:49.333  1348  1348 E AudioFlinger: not enough memory for AudioTrack size=131296
06-21 15:15:49.333  1348  1348 D MemoryDealer:   AudioTrack (0xafdf6ac0, size=4194304)
06-21 15:15:49.333  1348  1348 D MemoryDealer:     0: 0xacefe020 | 0x00000000 | 0x000200E0 | A 
06-21 15:15:49.333  1348  1348 D MemoryDealer:     1: 0xacefe0b0 | 0x000200E0 | 0x000200E0 | A 
06-21 15:15:49.333  1348  1348 D MemoryDealer:     2: 0xb239cf10 | 0x000401C0 | 0x000200E0 | A 
06-21 15:15:49.333  1348  1348 D MemoryDealer:     3: 0xb13fd7e0 | 0x000602A0 | 0x000200E0 | A 
06-21 15:15:49.333  1348  1348 D MemoryDealer:     4: 0xb1a8cec0 | 0x00080380 | 0x000200E0 | A 
06-21 15:15:49.333  1348  1348 D MemoryDealer:     5: 0xb13fdee0 | 0x000A0460 | 0x000200E0 | A 
06-21 15:15:49.333  1348  1348 D MemoryDealer:     6: 0xac9f44c0 | 0x000C0540 | 0x000200E0 | A 
06-21 15:15:49.333  1348  1348 D MemoryDealer:     7: 0xac9f40f0 | 0x000E0620 | 0x000200E0 | A 
06-21 15:15:49.333  1348  1348 D MemoryDealer:     8: 0xac9f46a0 | 0x00100700 | 0x000200E0 | A 
06-21 15:15:49.333  1348  1348 D MemoryDealer:     9: 0xac9f4430 | 0x001207E0 | 0x000200E0 | A 
06-21 15:15:49.333  1348  1348 D MemoryDealer:    10: 0xac9f4420 | 0x001408C0 | 0x000200E0 | A 
06-21 15:15:49.333  1348  1348 D MemoryDealer:    11: 0xacefe580 | 0x001609A0 | 0x000200E0 | A 
06-21 15:15:49.333  1348  1348 D MemoryDealer:    12: 0xac9f4c50 | 0x00180A80 | 0x000200E0 | A 
06-21 15:15:49.333  1348  1348 D MemoryDealer:    13: 0xacefe750 | 0x001A0B60 | 0x000200E0 | A 
06-21 15:15:49.333  1348  1348 D MemoryDealer:    14: 0xacefe860 | 0x001C0C40 | 0x000200E0 | A 
06-21 15:15:49.333  1348  1348 D MemoryDealer:    15: 0xacefe910 | 0x001E0D20 | 0x000200E0 | A 
06-21 15:15:49.333  1348  1348 D MemoryDealer:    16: 0xacefea70 | 0x00200E00 | 0x000200E0 | A 
06-21 15:15:49.333  1348  1348 D MemoryDealer:    17: 0xacefe300 | 0x00220EE0 | 0x000200E0 | A 
06-21 15:15:49.333  1348  1348 D MemoryDealer:    18: 0xac9f48c0 | 0x00240FC0 | 0x000200E0 | A 
06-21 15:15:49.333  1348  1348 D MemoryDealer:    19: 0xacefebd0 | 0x002610A0 | 0x000200E0 | A 
06-21 15:15:49.333  1348  1348 D MemoryDealer:    
06-21 15:15:49.333  1348  1348 E AudioFlinger: createRecordTrack_l() initCheck failed -12; no control block?
06-21 15:15:49.333 19382 17299 E AudioRecord: AudioFlinger could not create record track, status: -12
06-21 15:15:49.337 19382 17299 E AudioRecord-JNI: Error creating AudioRecord instance: initialization check failed with status -12.
06-21 15:15:49.337 19382 17299 E android.media.AudioRecord: Error code -20 when initializing native AudioRecord object.
06-21 15:15:49.337 19382 17299 I MicrophoneInputStream: mic_started com.google.android.apps.gsa.staticplugins.z.c@343511f
06-21 15:15:49.343 19382 17299 E ActivityThread: Failed to find provider info for com.google.android.apps.gsa.testing.ui.audio.recorded
06-21 15:15:49.344 19382 19382 I MicroDetectionWorker: onReady
06-21 15:15:49.345 19382 17299 I MicrophoneInputStream: mic_close com.google.android.apps.gsa.staticplugins.z.c@343511f
06-21 15:15:49.346 19382 17413 I MicroRecognitionRunner: Detection finished
06-21 15:15:49.346 19382 17413 W ErrorReporter: reportError [type: 211, code: 524300]: Error reading from input stream
06-21 15:15:49.346 19382 17413 W ErrorProcessor: onFatalError, processing error from engine(4)
06-21 15:15:49.346 19382 17413 W ErrorProcessor: com.google.android.apps.gsa.shared.speech.a.g: Error reading from input stream
06-21 15:15:49.346 19382 17413 W ErrorProcessor: 	at com.google.android.apps.gsa.staticplugins.recognizer.i.a.a(SourceFile:342)
06-21 15:15:49.346 19382 17413 W ErrorProcessor: 	at com.google.android.apps.gsa.staticplugins.recognizer.i.a$1.run(SourceFile:1367)
06-21 15:15:49.346 19382 17413 W ErrorProcessor: 	at java.util.concurrent.Executors$RunnableAdapter.call(Executors.java:428)
06-21 15:15:49.346 19382 17413 W ErrorProcessor: 	at java.util.concurrent.FutureTask.run(FutureTask.java:237)
06-21 15:15:49.346 19382 17413 W ErrorProcessor: 	at com.google.android.apps.gsa.shared.util.concurrent.a.ak.run(SourceFile:66)
06-21 15:15:49.346 19382 17413 W ErrorProcessor: 	at java.util.concurrent.ThreadPoolExecutor.runWorker(ThreadPoolExecutor.java:1133)
06-21 15:15:49.346 19382 17413 W ErrorProcessor: 	at java.util.concurrent.ThreadPoolExecutor$Worker.run(ThreadPoolExecutor.java:607)
06-21 15:15:49.346 19382 17413 W ErrorProcessor: 	at java.lang.Thread.run(Thread.java:761)
06-21 15:15:49.346 19382 17413 W ErrorProcessor: 	at com.google.android.apps.gsa.shared.util.concurrent.a.ad$1.run(SourceFile:85)
06-21 15:15:49.346 19382 17413 W ErrorProcessor: Caused by: com.google.android.apps.gsa.shared.exception.GsaIOException: Error code: 393238 | Buffer overflow, no available space.
06-21 15:15:49.346 19382 17413 W ErrorProcessor: 	at com.google.android.apps.gsa.speech.audio.Tee.g(SourceFile:2531)
06-21 15:15:49.346 19382 17413 W ErrorProcessor: 	at com.google.android.apps.gsa.speech.audio.ap.read(SourceFile:555)
06-21 15:15:49.346 19382 17413 W ErrorProcessor: 	at java.io.InputStream.read(InputStream.java:101)
06-21 15:15:49.346 19382 17413 W ErrorProcessor: 	at com.google.android.apps.gsa.speech.audio.al.run(SourceFile:362)
06-21 15:15:49.346 19382 17413 W ErrorProcessor: 	at com.google.android.apps.gsa.speech.audio.ak$1.run(SourceFile:471)
06-21 15:15:49.346 19382 17413 W ErrorProcessor: 	at java.util.concurrent.Executors$RunnableAdapter.call(Executors.java:428)
06-21 15:15:49.346 19382 17413 W ErrorProcessor: 	at java.util.concurrent.FutureTask.run(FutureTask.java:237)
06-21 15:15:49.346 19382 17413 W ErrorProcessor: 	at com.google.android.apps.gsa.shared.util.concurrent.a.ak.run(SourceFile:66)
06-21 15:15:49.346 19382 17413 W ErrorProcessor: 	at com.google.android.apps.gsa.shared.util.concurrent.a.ax.run(SourceFile:139)
06-21 15:15:49.346 19382 17413 W ErrorProcessor: 	at com.google.android.apps.gsa.shared.util.concurrent.a.ax.run(SourceFile:139)
06-21 15:15:49.346 19382 17413 W ErrorProcessor: 	... 4 more
06-21 15:15:49.346 19382 17413 I AudioController: internalShutdown
06-21 15:15:49.346 19382 19437 I MicroRecognitionRunner: Stopping hotword detection.
06-21 15:15:49.347 19382 19393 I art     : Background sticky concurrent mark sweep GC freed 7870(433KB) AllocSpace objects, 7(2MB) LOS objects, 12% free, 18MB/20MB, paused 5.700ms total 30.703ms
06-21 15:15:49.357 19382 19382 I MicroDetector: Keeping mic open: false
06-21 15:15:49.357 19382 19382 I MicroDetectionWorker: #onError(false)
06-21 15:15:49.357 19382 17412 I DeviceStateChecker: DeviceStateChecker cancelled
06-21 15:15:54.360 19382 19382 I MicroDetectionWorker: Micro detection mode: [mDetectionMode: [1]].
06-21 15:15:54.360 19382 19382 I AudioController: Using mInputStreamFactoryBuilder
06-21 15:15:54.362 19382 17419 I MicroRecognitionRunner: Starting detection.
06-21 15:15:54.363 19382 17299 I MicrophoneInputStream: mic_starting com.google.android.apps.gsa.staticplugins.z.c@cd9e2a5
06-21 15:15:54.364  1348 17422 I AudioFlinger: AudioFlinger's thread 0xb0a83e00 ready to run
06-21 15:15:54.370  1348 19379 E AudioFlinger: not enough memory for AudioTrack size=131296
06-21 15:15:54.370  1348 19379 D MemoryDealer:   AudioTrack (0xafdf6ac0, size=4194304)
06-21 15:15:54.370  1348 19379 D MemoryDealer:     0: 0xacefe020 | 0x00000000 | 0x000200E0 | A 
06-21 15:15:54.370  1348 19379 D MemoryDealer:     1: 0xacefe0b0 | 0x000200E0 | 0x000200E0 | A 
06-21 15:15:54.370  1348 19379 D MemoryDealer:     2: 0xb239cf10 | 0x000401C0 | 0x000200E0 | A 
06-21 15:15:54.370  1348 19379 D MemoryDealer:     3: 0xb13fd7e0 | 0x000602A0 | 0x000200E0 | A 
06-21 15:15:54.370  1348 19379 D MemoryDealer:     4: 0xb1a8cec0 | 0x00080380 | 0x000200E0 | A 
06-21 15:15:54.370  1348 19379 D MemoryDealer:     5: 0xb13fdee0 | 0x000A0460 | 0x000200E0 | A 
06-21 15:15:54.370  1348 19379 D MemoryDealer:     6: 0xac9f44c0 | 0x000C0540 | 0x000200E0 | A 
06-21 15:15:54.370  1348 19379 D MemoryDealer:     7: 0xac9f40f0 | 0x000E0620 | 0x000200E0 | A 
06-21 15:15:54.370  1348 19379 D MemoryDealer:     8: 0xac9f46a0 | 0x00100700 | 0x000200E0 | A 
06-21 15:15:54.370  1348 19379 D MemoryDealer:     9: 0xac9f4430 | 0x001207E0 | 0x000200E0 | A 
06-21 15:15:54.370  1348 19379 D MemoryDealer:    10: 0xac9f4420 | 0x001408C0 | 0x000200E0 | A 
06-21 15:15:54.370  1348 19379 D MemoryDealer:    11: 0xacefe580 | 0x001609A0 | 0x000200E0 | A 
06-21 15:15:54.370  1348 19379 D MemoryDealer:    12: 0xac9f4c50 | 0x00180A80 | 0x000200E0 | A 
06-21 15:15:54.370  1348 19379 D MemoryDealer:    13: 0xacefe750 | 0x001A0B60 | 0x000200E0 | A 
06-21 15:15:54.370  1348 19379 D MemoryDealer:    14: 0xacefe860 | 0x001C0C40 | 0x000200E0 | A 
06-21 15:15:54.370  1348 19379 D MemoryDealer:    15: 0xacefe910 | 0x001E0D20 | 0x000200E0 | A 
06-21 15:15:54.370  1348 19379 D MemoryDealer:    16: 0xacefea70 | 0x00200E00 | 0x000200E0 | A 
06-21 15:15:54.370  1348 19379 D MemoryDealer:    17: 0xacefe300 | 0x00220EE0 | 0x000200E0 | A 
06-21 15:15:54.370  1348 19379 D MemoryDealer:    18: 0xac9f48c0 | 0x00240FC0 | 0x000200E0 | A 
06-21 15:15:54.370  1348 19379 D MemoryDealer:    19: 0xacefebd0 | 0x002610A0 | 0x000200E0 | A 
06-21 15:15:54.370  1348 19379 D MemoryDealer:    
06-21 15:15:54.371  1348 19379 E AudioFlinger: createRecordTrack_l() initCheck failed -12; no control block?
06-21 15:15:54.371 19382 17299 E AudioRecord: AudioFlinger could not create record track, status: -12
06-21 15:15:54.375 19382 17299 E AudioRecord-JNI: Error creating AudioRecord instance: initialization check failed with status -12.
06-21 15:15:54.375 19382 17299 E android.media.AudioRecord: Error code -20 when initializing native AudioRecord object.
06-21 15:15:54.375 19382 17299 I MicrophoneInputStream: mic_started com.google.android.apps.gsa.staticplugins.z.c@cd9e2a5
06-21 15:15:54.378 19382 17299 E ActivityThread: Failed to find provider info for com.google.android.apps.gsa.testing.ui.audio.recorded
06-21 15:15:54.378 19382 19382 I MicroDetectionWorker: onReady
06-21 15:15:54.383 19382 17299 I MicrophoneInputStream: mic_close com.google.android.apps.gsa.staticplugins.z.c@cd9e2a5
06-21 15:15:54.384 19382 17419 I MicroRecognitionRunner: Detection finished
06-21 15:15:54.384 19382 17419 W ErrorReporter: reportError [type: 211, code: 524300]: Error reading from input stream
06-21 15:15:54.385 19382 19437 I MicroRecognitionRunner: Stopping hotword detection.
06-21 15:15:54.385 19382 17419 W ErrorProcessor: onFatalError, processing error from engine(4)
06-21 15:15:54.385 19382 17419 W ErrorProcessor: com.google.android.apps.gsa.shared.speech.a.g: Error reading from input stream
06-21 15:15:54.385 19382 17419 W ErrorProcessor: 	at com.google.android.apps.gsa.staticplugins.recognizer.i.a.a(SourceFile:342)
06-21 15:15:54.385 19382 17419 W ErrorProcessor: 	at com.google.android.apps.gsa.staticplugins.recognizer.i.a$1.run(SourceFile:1367)
06-21 15:15:54.385 19382 17419 W ErrorProcessor: 	at java.util.concurrent.Executors$RunnableAdapter.call(Executors.java:428)
06-21 15:15:54.385 19382 17419 W ErrorProcessor: 	at java.util.concurrent.FutureTask.run(FutureTask.java:237)
06-21 15:15:54.385 19382 17419 W ErrorProcessor: 	at com.google.android.apps.gsa.shared.util.concurrent.a.ak.run(SourceFile:66)
06-21 15:15:54.385 19382 17419 W ErrorProcessor: 	at java.util.concurrent.ThreadPoolExecutor.runWorker(ThreadPoolExecutor.java:1133)
06-21 15:15:54.385 19382 17419 W ErrorProcessor: 	at java.util.concurrent.ThreadPoolExecutor$Worker.run(ThreadPoolExecutor.java:607)
06-21 15:15:54.385 19382 17419 W ErrorProcessor: 	at java.lang.Thread.run(Thread.java:761)
06-21 15:15:54.385 19382 17419 W ErrorProcessor: 	at com.google.android.apps.gsa.shared.util.concurrent.a.ad$1.run(SourceFile:85)
06-21 15:15:54.385 19382 17419 W ErrorProcessor: Caused by: com.google.android.apps.gsa.shared.exception.GsaIOException: Error code: 393238 | Buffer overflow, no available space.
06-21 15:15:54.385 19382 17419 W ErrorProcessor: 	at com.google.android.apps.gsa.speech.audio.Tee.g(SourceFile:2531)
06-21 15:15:54.385 19382 17419 W ErrorProcessor: 	at com.google.android.apps.gsa.speech.audio.ap.read(SourceFile:555)
06-21 15:15:54.385 19382 17419 W ErrorProcessor: 	at java.io.InputStream.read(InputStream.java:101)
06-21 15:15:54.385 19382 17419 W ErrorProcessor: 	at com.google.android.apps.gsa.speech.audio.al.run(SourceFile:362)
06-21 15:15:54.385 19382 17419 W ErrorProcessor: 	at com.google.android.apps.gsa.speech.audio.ak$1.run(SourceFile:471)
06-21 15:15:54.385 19382 17419 W ErrorProcessor: 	at java.util.concurrent.Executors$RunnableAdapter.call(Executors.java:428)
06-21 15:15:54.385 19382 17419 W ErrorProcessor: 	at java.util.concurrent.FutureTask.run(FutureTask.java:237)
06-21 15:15:54.385 19382 17419 W ErrorProcessor: 	at com.google.android.apps.gsa.shared.util.concurrent.a.ak.run(SourceFile:66)
06-21 15:15:54.385 19382 17419 W ErrorProcessor: 	at com.google.android.apps.gsa.shared.util.concurrent.a.ax.run(SourceFile:139)
06-21 15:15:54.385 19382 17419 W ErrorProcessor: 	at com.google.android.apps.gsa.shared.util.concurrent.a.ax.run(SourceFile:139)
06-21 15:15:54.385 19382 17419 W ErrorProcessor: 	... 4 more
06-21 15:15:54.385 19382 17419 I AudioController: internalShutdown
06-21 15:15:54.390 19382 19382 I MicroDetector: Keeping mic open: false
06-21 15:15:54.390 19382 19382 I MicroDetectionWorker: #onError(false)
06-21 15:15:54.390 19382 17418 I DeviceStateChecker: DeviceStateChecker cancelled
06-21 15:15:55.476 17423 17423 D AndroidRuntime: >>>>>> START com.android.internal.os.RuntimeInit uid 2000 <<<<<<
06-21 15:15:55.477 17423 17423 D AndroidRuntime: CheckJNI is ON
06-21 15:15:55.508 17423 17423 W art     : Unexpected CPU variant for X86 using defaults: x86
06-21 15:15:55.512 17423 17423 D ICU     : No timezone override file found: /data/misc/zoneinfo/current/icu/icu_tzdata.dat
06-21 15:15:55.523 17423 17423 E memtrack: Couldn't load memtrack module (No such file or directory)
06-21 15:15:55.523 17423 17423 E android.os.Debug: failed to load memtrack module: -2
06-21 15:15:55.524 17423 17423 I Radio-JNI: register_android_hardware_Radio DONE
06-21 15:15:55.532 17423 17423 D AndroidRuntime: Calling main entry com.android.commands.am.Am
06-21 15:15:55.536  1658  1670 I ActivityManager: START u0 {act=android.intent.action.MAIN flg=0x10000000 cmp=io.ionic.starter/.MainActivity} from uid 2000 on display 0
06-21 15:15:55.565 17433 17433 I chatty  : uid=10197(io.ionic.starter) expire 118 lines
06-21 15:15:55.565  1658  2005 I ActivityManager: Start proc 17433:io.ionic.starter/u0a197 for activity io.ionic.starter/.MainActivity
06-21 15:15:55.613  1299  2320 D gralloc_ranchu: gralloc_alloc: Creating ashmem region of size 8294400
06-21 15:15:55.655 19382 19382 W SearchService: Abort, client detached.
06-21 15:15:55.727 19382 19405 D EGL_emulation: eglMakeCurrent: 0x9d429c80: ver 3 1 (tinfo 0x9f331c30)
06-21 15:15:55.729  2111  2309 D EGL_emulation: eglMakeCurrent: 0xad7054e0: ver 3 1 (tinfo 0xad703340)
06-21 15:15:55.912  1299  1313 E SurfaceFlinger: ro.sf.lcd_density must be defined as a build property
06-21 15:15:55.977 17433 17460 I chatty  : uid=10197(io.ionic.starter) expire 1 line
06-21 15:15:56.038 17433 17477 I chatty  : uid=10197(io.ionic.starter) expire 11 lines
06-21 15:15:56.113 17433 17468 I chatty  : uid=10197(io.ionic.starter) expire 18 lines
06-21 15:15:56.543  1658  1682 I ActivityManager: Displayed io.ionic.starter/.MainActivity: +992ms
06-21 15:15:56.546 17423 17423 D AndroidRuntime: Shutting down VM
06-21 15:15:56.590  1758  2002 D EGL_emulation: eglMakeCurrent: 0x9d13f500: ver 3 1 (tinfo 0x9d45ce20)
06-21 15:15:56.722  1299  1299 W SurfaceFlinger: couldn't log to binary event log: overflow.
06-21 15:15:56.742  1658  1668 I art     : Background sticky concurrent mark sweep GC freed 57567(2MB) AllocSpace objects, 10(200KB) LOS objects, 19% free, 14MB/18MB, paused 6.406ms total 138.426ms
06-21 15:15:59.252 17433 17444 I chatty  : uid=10197(io.ionic.starter) expire 4 lines
06-21 15:16:00.030  1758  2002 D EGL_emulation: eglMakeCurrent: 0x9d13f500: ver 3 1 (tinfo 0x9d45ce20)
06-21 15:16:01.785 17433 17487 I chatty  : uid=10197(io.ionic.starter) expire 1 line
06-21 15:16:23.268 17433 17433 W art     : Attempt to remove non-JNI local reference, dumping thread
06-21 15:16:23.303 17433 17433 W art     : Attempt to remove non-JNI local reference, dumping thread
06-21 15:16:23.344 17433 17433 W art     : Attempt to remove non-JNI local reference, dumping thread
06-21 15:16:23.383 17433 17433 W art     : Attempt to remove non-JNI local reference, dumping thread
06-21 15:16:23.422 17433 17433 W art     : Attempt to remove non-JNI local reference, dumping thread
06-21 15:16:23.457 17433 17433 W art     : Attempt to remove non-JNI local reference, dumping thread
06-21 15:16:23.485 17433 17433 W art     : Attempt to remove non-JNI local reference, dumping thread
06-21 15:16:23.517 17433 17433 W art     : Attempt to remove non-JNI local reference, dumping thread
06-21 15:16:23.548 17433 17433 W art     : Attempt to remove non-JNI local reference, dumping thread
06-21 15:16:23.582 17433 17433 W art     : Attempt to remove non-JNI local reference, dumping thread
06-21 15:16:23.621 17433 17433 W art     : Attempt to remove non-JNI local reference, dumping thread
06-21 15:16:23.645 17433 17433 W art     : Attempt to remove non-JNI local reference, dumping thread
06-21 15:16:23.810 17433 17433 W art     : Attempt to remove non-JNI local reference, dumping thread
06-21 15:16:25.720 19382 16876 W GmsLocationProvider: Error removing location updates: 16
06-21 15:20:56.408 17433 17433 W art     : Attempt to remove non-JNI local reference, dumping thread
06-21 15:20:56.487 17433 17433 W art     : Attempt to remove non-JNI local reference, dumping thread
06-21 15:20:56.516 17433 17433 W art     : Attempt to remove non-JNI local reference, dumping thread
06-21 15:20:56.543 17433 17433 W art     : Attempt to remove non-JNI local reference, dumping thread
06-21 15:20:56.581 17433 17444 I art     : Background partial concurrent mark sweep GC freed 22(656B) AllocSpace objects, 2(14MB) LOS objects, 13% free, 25MB/29MB, paused 8.763ms total 53.762ms
06-21 15:20:56.592 17433 17433 W art     : Attempt to remove non-JNI local reference, dumping thread
06-21 15:20:56.634 17433 17433 W art     : Attempt to remove non-JNI local reference, dumping thread
06-21 15:20:56.657 17433 17444 I art     : Background partial concurrent mark sweep GC freed 14(432B) AllocSpace objects, 2(14MB) LOS objects, 13% free, 25MB/29MB, paused 7.053ms total 38.322ms
06-21 15:20:56.690 17433 17433 W art     : Attempt to remove non-JNI local reference, dumping thread
06-21 15:20:56.728 17433 17433 W art     : Attempt to remove non-JNI local reference, dumping thread
06-21 15:20:56.773 17433 17433 W art     : Attempt to remove non-JNI local reference, dumping thread
06-21 15:20:56.812 17433 17433 W art     : Attempt to remove non-JNI local reference, dumping thread
06-21 15:20:56.850 17433 17433 W art     : Attempt to remove non-JNI local reference, dumping thread
06-21 15:20:56.876 17433 17444 I art     : Background sticky concurrent mark sweep GC freed 3(72B) AllocSpace objects, 0(0B) LOS objects, 0% free, 32MB/32MB, paused 6.947ms total 11.958ms
06-21 15:20:56.887 17433 17433 W art     : Attempt to remove non-JNI local reference, dumping thread
06-21 15:20:57.047 17433 17433 W art     : Attempt to remove non-JNI local reference, dumping thread
06-21 15:20:58.073 17433 17444 I art     : WaitForGcToComplete blocked for 13.111ms for cause Background
06-21 15:20:58.077 17433 17433 W art     : Attempt to remove non-JNI local reference, dumping thread
06-21 15:20:58.123 17433 17433 W art     : Attempt to remove non-JNI local reference, dumping thread
06-21 15:20:58.175 17433 17535 V PRNGFixes: 2018-06-21 15:20:58-null-No need to apply the fix ver:1.12.0
06-21 15:20:58.176 17433 17535 V PRNGFixes: 2018-06-21 15:20:58-null-No need to apply the fix ver:1.12.0
06-21 15:20:58.185 17433 17535 V AcquireTokenRequest: 2018-06-21 15:20:58-ff58797c-386c-4ffa-bb7a-87d581c979a5-Sending async task from thread:17535 ver:1.12.0
06-21 15:20:58.186 17433 17537 V AcquireTokenRequest: 2018-06-21 15:20:58-ff58797c-386c-4ffa-bb7a-87d581c979a5-Running task in thread:17537 ver:1.12.0
06-21 15:20:58.186 17433 17537 V AcquireTokenRequest: 2018-06-21 15:20:58-ff58797c-386c-4ffa-bb7a-87d581c979a5-Start validating authority ver:1.12.0
06-21 15:20:58.187 17433 17537 V AcquireTokenRequest: 2018-06-21 15:20:58-ff58797c-386c-4ffa-bb7a-87d581c979a5-The passed in authority is valid. ver:1.12.0
06-21 15:20:58.187 17433 17537 V BrokerProxy: 2018-06-21 15:20:58-ff58797c-386c-4ffa-bb7a-87d581c979a5-Broker auth is turned off or no valid broker is available on the device, cannot switch to broker. ver:1.12.0
06-21 15:20:58.187 17433 17537 D AcquireTokenRequest: Trying to acquire token interactively.
06-21 15:20:58.188 17433 17537 V AuthenticationContext: 2018-06-21 15:20:58-ff58797c-386c-4ffa-bb7a-87d581c979a5-Put waiting request: 116917798 CorrelationId: ff58797c-386c-4ffa-bb7a-87d581c979a5 ver:1.12.0
06-21 15:20:58.191 17433 17537 V BrokerProxy: 2018-06-21 15:20:58-ff58797c-386c-4ffa-bb7a-87d581c979a5-Broker auth is turned off or no valid broker is available on the device, cannot switch to broker. ver:1.12.0
06-21 15:20:58.204 17433 17537 V AcquireTokenRequest: 2018-06-21 15:20:58-ff58797c-386c-4ffa-bb7a-87d581c979a5-Starting Authentication Activity for embedded flow. Callback is:116917798 ver:1.12.0
06-21 15:20:58.223 17433 17433 W art     : Attempt to remove non-JNI local reference, dumping thread
06-21 15:20:58.242  1658  1730 I ActivityManager: START u0 {cmp=io.ionic.starter/com.microsoft.aad.adal.AuthenticationActivity (has extras)} from uid 10197 on display 0
06-21 15:20:58.265 17433 17433 W art     : Attempt to remove non-JNI local reference, dumping thread
06-21 15:20:58.303 17433 17433 W art     : Attempt to remove non-JNI local reference, dumping thread
06-21 15:20:58.313 17433 17433 D CordovaActivity: Paused the activity.
06-21 15:20:58.353 17433 17433 W art     : Attempt to remove non-JNI local reference, dumping thread
06-21 15:20:58.396 17433 17433 V AuthenticationActivity:onCreate: 2018-06-21 15:20:58-ff58797c-386c-4ffa-bb7a-87d581c979a5-AuthenticationActivity was created. ver:1.12.0
06-21 15:20:58.402 17433 17433 V AuthenticationActivity: 2018-06-21 15:20:58-ff58797c-386c-4ffa-bb7a-87d581c979a5-Init broadcastReceiver with requestId:116917798 ver:1.12.0 Request authority:https://login.microsoftonline.com/common resource:https://graph.microsoft.com clientid:a0ac5fdd-442b-416c-9c4b-aefe509de5c7
06-21 15:20:58.403 17433 17433 V AuthenticationActivity: 2018-06-21 15:20:58-ff58797c-386c-4ffa-bb7a-87d581c979a5-UserAgent:Mozilla/5.0 (Linux; Android 7.1.1; Android SDK built for x86 Build/NYC; wv) AppleWebKit/537.36 (KHTML, like Gecko) Version/4.0 Chrome/55.0.2883.91 Mobile Safari/537.36 PKeyAuth/1.0 ver:1.12.0
06-21 15:20:58.403 17433 17433 V AuthenticationActivity:onCreate: 2018-06-21 15:20:58-ff58797c-386c-4ffa-bb7a-87d581c979a5-Non-broker request for package io.ionic.starter ver:1.12.0  Start url: https://login.microsoftonline.com/common/oauth2/authorize?response_type=code&client_id=a0ac5fdd-442b-416c-9c4b-aefe509de5c7&resource=https%3A%2F%2Fgraph.microsoft.com&redirect_uri=http%3A%2F%2Flocalhost%3A8100&state=YT1odHRwczovL2xvZ2luLm1pY3Jvc29mdG9ubGluZS5jb20vY29tbW9uJnI9aHR0cHM6Ly9ncmFw
06-21 15:20:58.403 17433 17433 V AuthenticationActivity:onCreate: aC5taWNyb3NvZnQuY29t
06-21 15:20:58.403 17433 17433 V AuthenticationActivity:onCreate: &x-client-SKU=Android&x-client-Ver=1.12.0&x-client-OS=25&x-client-DM=Android+SDK+built+for+x86&client-request-id=ff58797c-386c-4ffa-bb7a-87d581c979a5&prompt=login&haschrome=1
06-21 15:20:58.404 17433 17433 I AuthenticationActivity: 2018-06-21 15:20:58-ff58797c-386c-4ffa-bb7a-87d581c979a5-Device info:7.1.1 GoogleAndroid SDK built for x86 ver:1.12.0 
06-21 15:20:58.414 17433 17433 V AuthenticationActivity: 2018-06-21 15:20:58-ff58797c-386c-4ffa-bb7a-87d581c979a5-Correlation id for request sent is:ff58797c-386c-4ffa-bb7a-87d581c979a5 ver:1.12.0
06-21 15:20:58.417 17433 17433 V AuthenticationActivity: 2018-06-21 15:20:58-ff58797c-386c-4ffa-bb7a-87d581c979a5-onResume ver:1.12.0
06-21 15:20:58.501 17433 17433 W art     : Attempt to remove non-JNI local reference, dumping thread
06-21 15:20:58.522 17433 17433 V AuthenticationActivity:onCreate: 2018-06-21 15:20:58-ff58797c-386c-4ffa-bb7a-87d581c979a5-Lauching webview for acquiring auth code. ver:1.12.0
06-21 15:20:58.525 17433 17433 I cr_Ime  : ImeThread is enabled.
06-21 15:20:58.556 17433 17468 D EGL_emulation: eglMakeCurrent: 0x9d406000: ver 3 1 (tinfo 0x9d409370)
06-21 15:20:58.657 17433 17433 W art     : Attempt to remove non-JNI local reference, dumping thread
06-21 15:20:58.661 17433 17468 D EGL_emulation: eglMakeCurrent: 0x9d406000: ver 3 1 (tinfo 0x9d409370)
06-21 15:20:58.671  1658  1682 I ActivityManager: Displayed io.ionic.starter/com.microsoft.aad.adal.AuthenticationActivity: +356ms
06-21 15:20:58.686 17433 17468 D EGL_emulation: eglMakeCurrent: 0x9d406000: ver 3 1 (tinfo 0x9d409370)
06-21 15:20:58.727 17433 17433 W art     : Attempt to remove non-JNI local reference, dumping thread
06-21 15:20:58.730 17433 17468 D EGL_emulation: eglMakeCurrent: 0x9d406000: ver 3 1 (tinfo 0x9d409370)
06-21 15:20:58.745 17433 17433 W cr_BindingManager: Cannot call determinedVisibility() - never saw a connection for the pid: 17433
06-21 15:20:58.749 17433 17433 E chromium: [ERROR:interface_registry.cc(104)] Failed to locate a binder for interface: autofill::mojom::PasswordManagerDriver
06-21 15:20:58.776 17433 17468 D EGL_emulation: eglMakeCurrent: 0x9d406000: ver 3 1 (tinfo 0x9d409370)
06-21 15:20:58.910 17433 17433 V BasicWebViewClient: 2018-06-21 15:20:58-ff58797c-386c-4ffa-bb7a-87d581c979a5-Webview starts loading: login.microsoftonline.com/common/oauth2/authorize ver:1.12.0 Full loading url is: https://login.microsoftonline.com/common/oauth2/authorize?response_type=code&client_id=a0ac5fdd-442b-416c-9c4b-aefe509de5c7&resource=https%3A%2F%2Fgraph.microsoft.com&redirect_uri=http%3A%2F%2Flocalhost%3A8100&state=YT1odHRwczovL2xvZ2luLm1pY3Jvc29mdG9ubGluZS5jb20vY29tbW9uJnI9aHR0cHM6Ly9ncmFwaC5taWNyb3NvZnQuY29t&x-client-SKU=Android&x-client-Ver=1.12.0&x-client-OS=25&x-client-DM=Android+SDK+built+for+x86&client-request-id=ff58797c-386c-4ffa-bb7a-87d581c979a5&prompt=login&haschrome=1
06-21 15:20:58.911 17433 17433 V AuthenticationActivity: 2018-06-21 15:20:58-ff58797c-386c-4ffa-bb7a-87d581c979a5-displaySpinner:true showing:false ver:1.12.0
06-21 15:20:58.966 17433 17444 I art     : Background sticky concurrent mark sweep GC freed 626(62KB) AllocSpace objects, 0(0B) LOS objects, 0% free, 18MB/18MB, paused 5.390ms total 21.251ms
06-21 15:20:58.984 17433 17433 W art     : Attempt to remove non-JNI local reference, dumping thread
06-21 15:20:58.986 17433 17468 D EGL_emulation: eglMakeCurrent: 0x9d406000: ver 3 1 (tinfo 0x9d409370)
06-21 15:20:59.017 17433 17496 D NetworkSecurityConfig: No Network Security Config specified, using platform default
06-21 15:20:59.092 17433 17468 D EGL_emulation: eglMakeCurrent: 0x9d406000: ver 3 1 (tinfo 0x9d409370)
06-21 15:20:59.182 17433 17433 W art     : Attempt to remove non-JNI local reference, dumping thread
06-21 15:20:59.187 17433 17468 D EGL_emulation: eglMakeCurrent: 0x9d406000: ver 3 1 (tinfo 0x9d409370)
06-21 15:20:59.210 17433 17468 D EGL_emulation: eglMakeCurrent: 0x9d406000: ver 3 1 (tinfo 0x9d409370)
06-21 15:20:59.229 17433 17433 W cr_BindingManager: Cannot call determinedVisibility() - never saw a connection for the pid: 17433
06-21 15:20:59.276 17433 17444 I art     : Background partial concurrent mark sweep GC freed 835(39KB) AllocSpace objects, 1(6MB) LOS objects, 24% free, 12MB/16MB, paused 8.344ms total 44.561ms
06-21 15:20:59.357 17433 17433 D CordovaActivity: Stopped the activity.
06-21 15:21:00.248 17433 17433 W cr_BindingManager: Cannot call determinedVisibility() - never saw a connection for the pid: 17433
06-21 15:21:00.252 17433 17433 V AuthenticationActivity: 2018-06-21 15:21:00-ff58797c-386c-4ffa-bb7a-87d581c979a5-displaySpinner:false showing:true ver:1.12.0
06-21 15:21:00.274 17433 17468 D EGL_emulation: eglMakeCurrent: 0x9d406000: ver 3 1 (tinfo 0x9d409370)
06-21 15:21:00.316  1658  2005 W InputMethodManagerService: Window already focused, ignoring focus gain of: com.android.internal.view.IInputMethodClient$Stub$Proxy@65ae6be attribute=null, token = android.os.BinderProxy@2bf002f
06-21 15:21:00.343 17433 17433 W art     : Attempt to remove non-JNI local reference, dumping thread
06-21 15:21:00.345 17433 17468 D EGL_emulation: eglMakeCurrent: 0x9d406000: ver 3 1 (tinfo 0x9d409370)
06-21 15:21:00.534 17433 17433 W art     : Attempt to remove non-JNI local reference, dumping thread
06-21 15:21:00.562 17433 17433 W art     : Attempt to remove non-JNI local reference, dumping thread
06-21 15:21:00.587 17433 17433 W art     : Attempt to remove non-JNI local reference, dumping thread
06-21 15:21:00.608 17433 17433 W art     : Attempt to remove non-JNI local reference, dumping thread
06-21 15:21:00.626 17433 17433 W art     : Attempt to remove non-JNI local reference, dumping thread
06-21 15:21:00.663 17433 17433 W art     : Attempt to remove non-JNI local reference, dumping thread
06-21 15:21:00.686 17433 17433 W art     : Attempt to remove non-JNI local reference, dumping thread
06-21 15:21:00.709 17433 17433 W art     : Attempt to remove non-JNI local reference, dumping thread
06-21 15:21:00.766 17433 17433 W art     : Attempt to remove non-JNI local reference, dumping thread
06-21 15:21:00.813 17433 17444 I art     : Background partial concurrent mark sweep GC freed 39(1184B) AllocSpace objects, 3(19MB) LOS objects, 17% free, 18MB/22MB, paused 1.024ms total 111.171ms
06-21 15:21:00.846 17433 17433 W art     : Attempt to remove non-JNI local reference, dumping thread
06-21 15:21:00.884 17433 17444 I art     : Background partial concurrent mark sweep GC freed 116(10KB) AllocSpace objects, 2(13MB) LOS objects, 24% free, 12MB/16MB, paused 5.335ms total 38.048ms
06-21 15:21:00.915 17433 17433 W art     : Attempt to remove non-JNI local reference, dumping thread
06-21 15:21:00.979 17433 17433 V AuthenticationActivity: 2018-06-21 15:21:00-ff58797c-386c-4ffa-bb7a-87d581c979a5-displaySpinner:false showing:false ver:1.12.0
06-21 15:21:01.071 17433 17433 W art     : Attempt to remove non-JNI local reference, dumping thread
06-21 15:21:01.131 17433 17433 W art     : Attempt to remove non-JNI local reference, dumping thread
06-21 15:21:01.400 17433 17433 W art     : Attempt to remove non-JNI local reference, dumping thread
06-21 15:21:01.897 17433 17433 W art     : Attempt to remove non-JNI local reference, dumping thread
06-21 15:21:01.912 17433 17444 I art     : Background sticky concurrent mark sweep GC freed 4(120B) AllocSpace objects, 0(0B) LOS objects, 0% free, 25MB/25MB, paused 5.136ms total 20.037ms
06-21 15:21:02.397 17433 17433 W art     : Attempt to remove non-JNI local reference, dumping thread
06-21 15:21:02.897 17433 17433 W art     : Attempt to remove non-JNI local reference, dumping thread
06-21 15:21:03.397 17433 17433 W art     : Attempt to remove non-JNI local reference, dumping thread
06-21 15:21:03.902 17433 17433 W art     : Attempt to remove non-JNI local reference, dumping thread
06-21 15:21:04.398 17433 17433 W art     : Attempt to remove non-JNI local reference, dumping thread
06-21 15:21:04.895 17433 17433 W art     : Attempt to remove non-JNI local reference, dumping thread
06-21 15:21:05.403 17433 17433 W art     : Attempt to remove non-JNI local reference, dumping thread
06-21 15:21:05.905 17433 17433 W art     : Attempt to remove non-JNI local reference, dumping thread
06-21 15:21:06.366 17433 17433 W art     : Attempt to remove non-JNI local reference, dumping thread
06-21 15:21:06.386 17433 17433 W art     : Attempt to remove non-JNI local reference, dumping thread
06-21 15:21:06.512  1737  1737 W InputMethodService: Window size has been changed. This may cause jankiness of resizing window: -1 -> -2
06-21 15:21:06.521  1737  1737 I LatinIME: Starting input. Cursor position = 0,0
06-21 15:21:06.542  1758  2002 D EGL_emulation: eglMakeCurrent: 0x9d13f500: ver 3 1 (tinfo 0x9d45ce20)
06-21 15:21:06.564 17433 17433 W art     : Attempt to remove non-JNI local reference, dumping thread
06-21 15:21:06.670  1737  3813 D EGL_emulation: eglMakeCurrent: 0x9d418cc0: ver 3 1 (tinfo 0x9d4548c0)
06-21 15:21:06.758 17433 17433 W art     : Attempt to remove non-JNI local reference, dumping thread
06-21 15:21:06.807 17433 17433 W art     : Attempt to remove non-JNI local reference, dumping thread
06-21 15:21:07.046 17433 17433 W art     : Attempt to remove non-JNI local reference, dumping thread
06-21 15:21:07.547 17433 17433 W art     : Attempt to remove non-JNI local reference, dumping thread
06-21 15:21:07.783 17433 17433 W art     : Attempt to remove non-JNI local reference, dumping thread
06-21 15:21:08.028 17433 17433 W art     : Attempt to remove non-JNI local reference, dumping thread
06-21 15:21:08.282 17433 17433 W art     : Attempt to remove non-JNI local reference, dumping thread
06-21 15:21:08.631 17433 17433 W art     : Attempt to remove non-JNI local reference, dumping thread
06-21 15:21:09.140 17433 17433 W art     : Attempt to remove non-JNI local reference, dumping thread
06-21 15:21:09.631 17433 17433 W art     : Attempt to remove non-JNI local reference, dumping thread
06-21 15:21:09.700 17433 17433 W art     : Attempt to remove non-JNI local reference, dumping thread
06-21 15:21:10.214 17433 17433 W art     : Attempt to remove non-JNI local reference, dumping thread
06-21 15:21:10.695 17433 17433 W art     : Attempt to remove non-JNI local reference, dumping thread
06-21 15:21:11.215 17433 17433 W art     : Attempt to remove non-JNI local reference, dumping thread
06-21 15:21:11.703 17433 17433 W art     : Attempt to remove non-JNI local reference, dumping thread
06-21 15:21:12.198 17433 17433 W art     : Attempt to remove non-JNI local reference, dumping thread
06-21 15:21:12.528 17433 17433 W art     : Attempt to remove non-JNI local reference, dumping thread
06-21 15:21:12.796 17433 17433 W art     : Attempt to remove non-JNI local reference, dumping thread
06-21 15:21:12.980 17433 17433 W art     : Attempt to remove non-JNI local reference, dumping thread
06-21 15:21:13.180 17433 17433 W art     : Attempt to remove non-JNI local reference, dumping thread
06-21 15:21:13.380 17433 17433 W art     : Attempt to remove non-JNI local reference, dumping thread
06-21 15:21:13.900 17433 17433 W art     : Attempt to remove non-JNI local reference, dumping thread
06-21 15:21:14.395 17433 17433 W art     : Attempt to remove non-JNI local reference, dumping thread
06-21 15:21:14.880 17433 17433 W art     : Attempt to remove non-JNI local reference, dumping thread
06-21 15:21:15.380 17433 17433 W art     : Attempt to remove non-JNI local reference, dumping thread
06-21 15:21:15.862 17433 17433 W art     : Attempt to remove non-JNI local reference, dumping thread
06-21 15:21:16.127 17433 17433 W art     : Attempt to remove non-JNI local reference, dumping thread
06-21 15:21:16.433 17433 17433 W art     : Attempt to remove non-JNI local reference, dumping thread
06-21 15:21:16.628 17433 17433 W art     : Attempt to remove non-JNI local reference, dumping thread
06-21 15:21:17.097 17433 17433 W art     : Attempt to remove non-JNI local reference, dumping thread
06-21 15:21:17.598 17433 17433 W art     : Attempt to remove non-JNI local reference, dumping thread
06-21 15:21:18.097 17433 17433 W art     : Attempt to remove non-JNI local reference, dumping thread
06-21 15:21:18.604 17433 17433 W art     : Attempt to remove non-JNI local reference, dumping thread
06-21 15:21:19.101 17433 17433 W art     : Attempt to remove non-JNI local reference, dumping thread
06-21 15:21:19.199 17433 17433 W art     : Attempt to remove non-JNI local reference, dumping thread
06-21 15:21:19.502 17433 17433 W art     : Attempt to remove non-JNI local reference, dumping thread
06-21 15:21:19.897 17433 17433 W art     : Attempt to remove non-JNI local reference, dumping thread
06-21 15:21:20.252 17433 17433 W art     : Attempt to remove non-JNI local reference, dumping thread
06-21 15:21:20.530 17433 17433 W art     : Attempt to remove non-JNI local reference, dumping thread
06-21 15:21:20.773 17433 17433 W art     : Attempt to remove non-JNI local reference, dumping thread
06-21 15:21:21.277 17433 17433 W art     : Attempt to remove non-JNI local reference, dumping thread
06-21 15:21:21.627 17433 17433 W art     : Attempt to remove non-JNI local reference, dumping thread
06-21 15:21:22.128 17433 17433 W art     : Attempt to remove non-JNI local reference, dumping thread
06-21 15:21:22.603 17433 17433 W art     : Attempt to remove non-JNI local reference, dumping thread
06-21 15:21:22.879 17433 17433 W art     : Attempt to remove non-JNI local reference, dumping thread
06-21 15:21:23.194 17433 17433 W art     : Attempt to remove non-JNI local reference, dumping thread
06-21 15:21:23.400 17433 17433 W art     : Attempt to remove non-JNI local reference, dumping thread
06-21 15:21:23.898 17433 17433 W art     : Attempt to remove non-JNI local reference, dumping thread
06-21 15:21:24.217 17433 17433 W art     : Attempt to remove non-JNI local reference, dumping thread
06-21 15:21:24.334 17433 17433 W art     : Attempt to remove non-JNI local reference, dumping thread
06-21 15:21:24.602 17433 17433 W art     : Attempt to remove non-JNI local reference, dumping thread
06-21 15:21:25.014 17433 17433 W art     : Attempt to remove non-JNI local reference, dumping thread
06-21 15:21:25.417 17433 17433 W art     : Attempt to remove non-JNI local reference, dumping thread
06-21 15:21:25.733 17433 17433 W art     : Attempt to remove non-JNI local reference, dumping thread
06-21 15:21:25.876 17433 17433 W art     : Attempt to remove non-JNI local reference, dumping thread
06-21 15:21:26.346 17433 17433 W art     : Attempt to remove non-JNI local reference, dumping thread
06-21 15:21:26.831 17433 17433 W art     : Attempt to remove non-JNI local reference, dumping thread
06-21 15:21:26.896 17433 17433 W art     : Attempt to remove non-JNI local reference, dumping thread
06-21 15:21:26.914 17433 17433 W art     : Attempt to remove non-JNI local reference, dumping thread
06-21 15:21:26.937 17433 17433 W art     : Attempt to remove non-JNI local reference, dumping thread
06-21 15:21:26.959 17433 17433 W art     : Attempt to remove non-JNI local reference, dumping thread
06-21 15:21:26.986 17433 17433 W art     : Attempt to remove non-JNI local reference, dumping thread
06-21 15:21:27.023 17433 17433 W art     : Attempt to remove non-JNI local reference, dumping thread
06-21 15:21:27.053 17433 17433 W art     : Attempt to remove non-JNI local reference, dumping thread
06-21 15:21:27.066 17433 17433 W art     : Attempt to remove non-JNI local reference, dumping thread
06-21 15:21:27.106 17433 17433 W art     : Attempt to remove non-JNI local reference, dumping thread
06-21 15:21:27.121 17433 17433 W art     : Attempt to remove non-JNI local reference, dumping thread
06-21 15:21:27.143 17433 17433 W art     : Attempt to remove non-JNI local reference, dumping thread
06-21 15:21:27.166 17433 17433 W art     : Attempt to remove non-JNI local reference, dumping thread
06-21 15:21:27.213 17433 17433 W art     : Attempt to remove non-JNI local reference, dumping thread
06-21 15:21:27.232 17433 17433 W art     : Attempt to remove non-JNI local reference, dumping thread
06-21 15:21:27.252 17433 17433 W art     : Attempt to remove non-JNI local reference, dumping thread
06-21 15:21:27.280 17433 17433 W art     : Attempt to remove non-JNI local reference, dumping thread
06-21 15:21:27.302 17433 17433 W art     : Attempt to remove non-JNI local reference, dumping thread
06-21 15:21:27.336 17433 17433 W art     : Attempt to remove non-JNI local reference, dumping thread
06-21 15:21:27.371 17433 17433 W art     : Attempt to remove non-JNI local reference, dumping thread
06-21 15:21:27.386 17433 17433 W art     : Attempt to remove non-JNI local reference, dumping thread
06-21 15:21:27.409 17433 17433 W art     : Attempt to remove non-JNI local reference, dumping thread
06-21 15:21:27.433 17433 17433 W art     : Attempt to remove non-JNI local reference, dumping thread
06-21 15:21:27.459 17433 17433 W art     : Attempt to remove non-JNI local reference, dumping thread
06-21 15:21:27.497 17433 17433 W art     : Attempt to remove non-JNI local reference, dumping thread
06-21 15:21:27.515 17433 17433 W art     : Attempt to remove non-JNI local reference, dumping thread
06-21 15:21:27.564 17433 17433 W art     : Attempt to remove non-JNI local reference, dumping thread
06-21 15:21:27.609 17433 17433 W art     : Attempt to remove non-JNI local reference, dumping thread
06-21 15:21:27.624 17433 17433 W art     : Attempt to remove non-JNI local reference, dumping thread
06-21 15:21:27.653 17433 17433 W art     : Attempt to remove non-JNI local reference, dumping thread
06-21 15:21:27.677 17433 17433 W art     : Attempt to remove non-JNI local reference, dumping thread
06-21 15:21:27.703 17433 17433 W art     : Attempt to remove non-JNI local reference, dumping thread
06-21 15:21:27.746 17433 17433 W art     : Attempt to remove non-JNI local reference, dumping thread
06-21 15:21:27.764 17433 17433 W art     : Attempt to remove non-JNI local reference, dumping thread
06-21 15:21:27.785 17433 17433 W art     : Attempt to remove non-JNI local reference, dumping thread
06-21 15:21:27.805 17433 17433 W art     : Attempt to remove non-JNI local reference, dumping thread
06-21 15:21:27.825 17433 17433 W art     : Attempt to remove non-JNI local reference, dumping thread
06-21 15:21:27.839 17433 17433 W art     : Attempt to remove non-JNI local reference, dumping thread
06-21 15:21:27.866 17433 17433 W art     : Attempt to remove non-JNI local reference, dumping thread
06-21 15:21:27.895 17433 17433 W art     : Attempt to remove non-JNI local reference, dumping thread
06-21 15:21:27.918 17433 17433 W art     : Attempt to remove non-JNI local reference, dumping thread
06-21 15:21:27.946 17433 17433 W cr_BindingManager: Cannot call determinedVisibility() - never saw a connection for the pid: 17433
06-21 15:21:27.947 17433 17433 V AuthenticationActivity: 2018-06-21 15:21:27-ff58797c-386c-4ffa-bb7a-87d581c979a5-displaySpinner:false showing:false ver:1.12.0
06-21 15:21:27.986  1737  1737 W InputMethodService: Window size has been changed. This may cause jankiness of resizing window: -1 -> -2
06-21 15:21:28.010  1737  3813 D EGL_emulation: eglMakeCurrent: 0x9d418cc0: ver 3 1 (tinfo 0x9d4548c0)
06-21 15:21:28.036  1737  1737 W InputMethodService: Window size has been changed. This may cause jankiness of resizing window: -1 -> -2
06-21 15:21:28.044  1737  1737 I LatinIME: Starting input. Cursor position = -1,-1
06-21 15:21:28.080 17433 17433 W art     : Attempt to remove non-JNI local reference, dumping thread
06-21 15:21:28.112 17433 17433 W art     : Attempt to remove non-JNI local reference, dumping thread
06-21 15:21:28.113 17433 17444 I art     : Background sticky concurrent mark sweep GC freed 419(29KB) AllocSpace objects, 0(0B) LOS objects, 0% free, 26MB/26MB, paused 13.027ms total 59.982ms
06-21 15:21:28.150 17433 17433 W art     : Attempt to remove non-JNI local reference, dumping thread
06-21 15:21:28.172  1737  1737 I InputAttributes: InputType.TYPE_NULL is specified
06-21 15:21:28.192  1737  1737 I LatinIME: Starting input. Cursor position = 0,0
06-21 15:21:28.302  1737  3813 D EGL_emulation: eglMakeCurrent: 0x9d418cc0: ver 3 1 (tinfo 0x9d4548c0)
06-21 15:21:28.376 17433 17433 W art     : Attempt to remove non-JNI local reference, dumping thread
06-21 15:21:28.428 17433 17433 W art     : Attempt to remove non-JNI local reference, dumping thread
