06-21 15:10:11.254 17144 17144 W art     : Attempt to remove non-JNI local reference, dumping thread
06-21 15:10:11.757 17144 17144 W art     : Attempt to remove non-JNI local reference, dumping thread
06-21 15:10:11.813 17144 17144 W art     : Attempt to remove non-JNI local reference, dumping thread
06-21 15:10:11.832 17144 17144 W art     : Attempt to remove non-JNI local reference, dumping thread
06-21 15:10:11.867 17144 17144 W art     : Attempt to remove non-JNI local reference, dumping thread
06-21 15:10:11.883 17144 17144 W art     : Attempt to remove non-JNI local reference, dumping thread
06-21 15:10:11.911 17144 17144 W art     : Attempt to remove non-JNI local reference, dumping thread
06-21 15:10:11.934 17144 17155 I art     : Background partial concurrent mark sweep GC freed 18(544B) AllocSpace objects, 3(11MB) LOS objects, 22% free, 13MB/17MB, paused 6.461ms total 22.375ms
06-21 15:10:11.934 17144 17144 W art     : Attempt to remove non-JNI local reference, dumping thread
06-21 15:10:11.975 17144 17144 W art     : Attempt to remove non-JNI local reference, dumping thread
06-21 15:10:11.996 17144 17144 W art     : Attempt to remove non-JNI local reference, dumping thread
06-21 15:10:12.001 17144 17155 I art     : Background sticky concurrent mark sweep GC freed 5(136B) AllocSpace objects, 0(0B) LOS objects, 0% free, 20MB/20MB, paused 7.484ms total 18.197ms
06-21 15:10:12.014 17144 17144 W art     : Attempt to remove non-JNI local reference, dumping thread
06-21 15:10:12.042 17144 17144 W art     : Attempt to remove non-JNI local reference, dumping thread
06-21 15:10:12.062 17144 17144 W art     : Attempt to remove non-JNI local reference, dumping thread
06-21 15:10:12.085 17144 17144 W art     : Attempt to remove non-JNI local reference, dumping thread
06-21 15:10:12.119 17144 17144 W art     : Attempt to remove non-JNI local reference, dumping thread
06-21 15:10:12.156 17144 17144 W art     : Attempt to remove non-JNI local reference, dumping thread
06-21 15:10:12.170 17144 17144 W art     : Attempt to remove non-JNI local reference, dumping thread
06-21 15:10:12.206 17144 17144 W art     : Attempt to remove non-JNI local reference, dumping thread
06-21 15:10:12.221 17144 17144 W art     : Attempt to remove non-JNI local reference, dumping thread
06-21 15:10:12.247 17144 17144 W art     : Attempt to remove non-JNI local reference, dumping thread
06-21 15:10:12.273 17144 17144 W art     : Attempt to remove non-JNI local reference, dumping thread
06-21 15:10:12.278 17144 17155 I art     : Background sticky concurrent mark sweep GC freed 5(136B) AllocSpace objects, 0(0B) LOS objects, 0% free, 24MB/24MB, paused 5.076ms total 13.517ms
06-21 15:10:12.309 17144 17144 W art     : Attempt to remove non-JNI local reference, dumping thread
06-21 15:10:12.333 17144 17144 W art     : Attempt to remove non-JNI local reference, dumping thread
06-21 15:10:12.347 17144 17144 W cr_BindingManager: Cannot call determinedVisibility() - never saw a connection for the pid: 17144
06-21 15:10:12.350 17144 17144 V AuthenticationActivity: 2018-06-21 15:10:12-f533be5e-56e4-402f-9139-a34b281e68d7-displaySpinner:false showing:false ver:1.12.0
06-21 15:10:12.396  1737  1737 W InputMethodService: Window size has been changed. This may cause jankiness of resizing window: -1 -> -2
06-21 15:10:12.397 17144 17180 W IInputConnectionWrapper: finishComposingText on inactive InputConnection
06-21 15:10:12.401  1737  1737 W InputMethodService: Window size has been changed. This may cause jankiness of resizing window: -1 -> -2
06-21 15:10:12.410  1758  2002 D EGL_emulation: eglMakeCurrent: 0x9d13f500: ver 3 1 (tinfo 0x9d45ce20)
06-21 15:10:12.411  1737  1737 I LatinIME: Starting input. Cursor position = -1,-1
06-21 15:10:12.414  1737  1737 I InputAttributes: InputType.TYPE_NULL is specified
06-21 15:10:12.436  1737  1737 I LatinIME: Starting input. Cursor position = 0,0
06-21 15:10:12.477 17144 17144 W art     : Attempt to remove non-JNI local reference, dumping thread
06-21 15:10:12.490 17144 17155 I art     : Background sticky concurrent mark sweep GC freed 414(28KB) AllocSpace objects, 0(0B) LOS objects, 0% free, 21MB/21MB, paused 5.665ms total 22.116ms
06-21 15:10:12.537 17144 17144 W art     : Attempt to remove non-JNI local reference, dumping thread
06-21 15:10:13.030 17144 17144 W art     : Attempt to remove non-JNI local reference, dumping thread
06-21 15:10:13.220 19382 17225 I chatty  : uid=10029 com.google.android.googlequicksearchbox:search expire 2 lines
06-21 15:10:13.535 17144 17144 W art     : Attempt to remove non-JNI local reference, dumping thread
06-21 15:10:14.029 17144 17144 W art     : Attempt to remove non-JNI local reference, dumping thread
06-21 15:10:14.531 17144 17144 W art     : Attempt to remove non-JNI local reference, dumping thread
06-21 15:10:15.028 17144 17144 W art     : Attempt to remove non-JNI local reference, dumping thread
06-21 15:10:15.241 19382 17226 I chatty  : uid=10029 com.google.android.googlequicksearchbox:search expire 2 lines
06-21 15:10:15.553 17144 17144 W art     : Attempt to remove non-JNI local reference, dumping thread
06-21 15:10:16.032 17144 17144 W art     : Attempt to remove non-JNI local reference, dumping thread
06-21 15:10:16.530 17144 17144 W art     : Attempt to remove non-JNI local reference, dumping thread
06-21 15:10:17.034 17144 17144 W art     : Attempt to remove non-JNI local reference, dumping thread
06-21 15:10:17.131 17144 17144 W art     : Attempt to remove non-JNI local reference, dumping thread
06-21 15:10:17.630 17144 17144 W art     : Attempt to remove non-JNI local reference, dumping thread
06-21 15:10:17.946 17144 17144 W art     : Attempt to remove non-JNI local reference, dumping thread
06-21 15:10:18.321 17144 17144 W art     : Attempt to remove non-JNI local reference, dumping thread
06-21 15:10:18.828 17144 17144 W art     : Attempt to remove non-JNI local reference, dumping thread
06-21 15:10:18.945 17144 17144 W art     : Attempt to remove non-JNI local reference, dumping thread
06-21 15:10:18.945 17144 17155 I art     : WaitForGcToComplete blocked for 5.425ms for cause Background
06-21 15:10:19.446 17144 17144 W art     : Attempt to remove non-JNI local reference, dumping thread
06-21 15:10:19.963 17144 17144 W art     : Attempt to remove non-JNI local reference, dumping thread
06-21 15:10:20.096 17144 17144 W art     : Attempt to remove non-JNI local reference, dumping thread
06-21 15:10:20.596 17144 17144 W art     : Attempt to remove non-JNI local reference, dumping thread
06-21 15:10:20.681 17144 17144 W art     : Attempt to remove non-JNI local reference, dumping thread
06-21 15:10:21.203 17144 17144 W art     : Attempt to remove non-JNI local reference, dumping thread
06-21 15:10:21.703 17144 17144 W art     : Attempt to remove non-JNI local reference, dumping thread
06-21 15:10:21.782 17144 17144 W art     : Attempt to remove non-JNI local reference, dumping thread
06-21 15:10:22.291 17144 17144 W art     : Attempt to remove non-JNI local reference, dumping thread
06-21 15:10:22.430 17144 17144 W art     : Attempt to remove non-JNI local reference, dumping thread
06-21 15:10:22.952 17144 17144 W art     : Attempt to remove non-JNI local reference, dumping thread
06-21 15:10:23.078 17144 17144 V BasicWebViewClient: 2018-06-21 15:10:23-f533be5e-56e4-402f-9139-a34b281e68d7-Webview starts loading: login.microsoftonline.com/common/login ver:1.12.0 Full loading url is: https://login.microsoftonline.com/common/login
06-21 15:10:23.082 17144 17144 V AuthenticationActivity: 2018-06-21 15:10:23-f533be5e-56e4-402f-9139-a34b281e68d7-displaySpinner:true showing:false ver:1.12.0
06-21 15:10:23.161 17144 17177 D EGL_emulation: eglMakeCurrent: 0xa9a038a0: ver 3 1 (tinfo 0x9f3ea810)
06-21 15:10:23.398 17144 17144 V BasicWebViewClient: 2018-06-21 15:10:23-f533be5e-56e4-402f-9139-a34b281e68d7-Webview starts loading: localhost/ Auth code is returned for the loading url. ver:1.12.0
06-21 15:10:23.399 17144 17144 V AuthenticationActivity: 2018-06-21 15:10:23-f533be5e-56e4-402f-9139-a34b281e68d7-displaySpinner:true showing:true ver:1.12.0
06-21 15:10:23.399 17144 17144 V BasicWebViewClient: 2018-06-21 15:10:23-f533be5e-56e4-402f-9139-a34b281e68d7-Navigation is detected ver:1.12.0
06-21 15:10:23.401 17144 17144 V BasicWebViewClient: 2018-06-21 15:10:23-f533be5e-56e4-402f-9139-a34b281e68d7-Navigation starts with the redirect uri. ver:1.12.0
06-21 15:10:23.402 17144 17144 I AuthenticationActivity: 2018-06-21 15:10:23-f533be5e-56e4-402f-9139-a34b281e68d7-It is not a broker request ver:1.12.0 
06-21 15:10:23.405 17144 17144 V AuthenticationActivity: 2018-06-21 15:10:23-f533be5e-56e4-402f-9139-a34b281e68d7-Return To Caller:2003 ver:1.12.0
06-21 15:10:23.406 17144 17144 V AuthenticationActivity: 2018-06-21 15:10:23-f533be5e-56e4-402f-9139-a34b281e68d7-displaySpinner:false showing:true ver:1.12.0
06-21 15:10:23.412 17144 17177 D EGL_emulation: eglMakeCurrent: 0xa9a038a0: ver 3 1 (tinfo 0x9f3ea810)
06-21 15:10:23.445 17144 17144 V AuthenticationActivity: 2018-06-21 15:10:23-f533be5e-56e4-402f-9139-a34b281e68d7-REQUEST_ID for caller returned to:716136 ver:1.12.0
06-21 15:10:23.467  1658  2290 W InputMethodManagerService: Window already focused, ignoring focus gain of: com.android.internal.view.IInputMethodClient$Stub$Proxy@2c2b268 attribute=android.view.inputmethod.EditorInfo@3b1d681, token = android.os.BinderProxy@6cddd87
06-21 15:10:23.472 17144 17144 V AuthenticationActivity: 2018-06-21 15:10:23-f533be5e-56e4-402f-9139-a34b281e68d7-AuthenticationActivity onPause unregister receiver ver:1.12.0
06-21 15:10:23.472 17144 17180 W IInputConnectionWrapper: finishComposingText on inactive InputConnection
06-21 15:10:23.477 17144 17144 V AuthenticationActivity: 2018-06-21 15:10:23-f533be5e-56e4-402f-9139-a34b281e68d7-Spinner at onPause will dismiss ver:1.12.0
06-21 15:10:23.483  1737  1737 I LatinIME: Starting input. Cursor position = 9,9
06-21 15:10:23.488 17144 17144 W cr_BindingManager: Cannot call determinedVisibility() - never saw a connection for the pid: 17144
06-21 15:10:23.493 17144 17144 D CordovaActivity: Incoming Result. Request code = 1001
06-21 15:10:23.493 17144 17144 D CordovaInterfaceImpl: Sending activity result to plugin
06-21 15:10:23.494 17144 17144 V AuthenticationContext: 2018-06-21 15:10:23-f533be5e-56e4-402f-9139-a34b281e68d7-Get waiting request: 716136 ver:1.12.0
06-21 15:10:23.495 17144 17144 V AcquireTokenRequest: 2018-06-21 15:10:23-f533be5e-56e4-402f-9139-a34b281e68d7-onActivityResult RequestId:716136 ver:1.12.0
06-21 15:10:23.497 17144 17215 V AcquireTokenInteractiveRequest: 2018-06-21 15:10:23-f533be5e-56e4-402f-9139-a34b281e68d7-Start token acquisition with auth code. ver:1.12.0 Request authority:https://login.microsoftonline.com/common resource:https://graph.microsoft.com clientid:a0ac5fdd-442b-416c-9c4b-aefe509de5c7
06-21 15:10:23.499 17144 17215 V Oauth   : 2018-06-21 15:10:23-f533be5e-56e4-402f-9139-a34b281e68d7-Building request message for redeeming token with auth code. ver:1.12.0
06-21 15:10:23.500 17144 17215 V Oauth   : 2018-06-21 15:10:23-f533be5e-56e4-402f-9139-a34b281e68d7-Sending request to redeem token with auth code. ver:1.12.0
06-21 15:10:23.502 17144 17215 V WebRequestHandler: 2018-06-21 15:10:23-f533be5e-56e4-402f-9139-a34b281e68d7-WebRequestHandler thread17215 ver:1.12.0
06-21 15:10:23.503 17144 17215 V HttpWebRequest: 2018-06-21 15:10:23-f533be5e-56e4-402f-9139-a34b281e68d7-HttpWebRequest send thread:17215 ver:1.12.0
06-21 15:10:23.503 17144 17144 D CordovaActivity: Started the activity.
06-21 15:10:23.503 17144 17144 D CordovaActivity: Resumed the activity.
06-21 15:10:23.508 17144 17215 V HttpWebRequest: 2018-06-21 15:10:23-f533be5e-56e4-402f-9139-a34b281e68d7-HttpWebRequest setupConnection thread:17215 ver:1.12.0
06-21 15:10:23.513 17144 17215 V HttpWebRequest: 2018-06-21 15:10:23-f533be5e-56e4-402f-9139-a34b281e68d7-Setting header: x-client-Ver ver:1.12.0
06-21 15:10:23.514 17144 17215 V HttpWebRequest: 2018-06-21 15:10:23-f533be5e-56e4-402f-9139-a34b281e68d7-Setting header: Host ver:1.12.0
06-21 15:10:23.515 17144 17215 V HttpWebRequest: 2018-06-21 15:10:23-f533be5e-56e4-402f-9139-a34b281e68d7-Setting header: x-client-DM ver:1.12.0
06-21 15:10:23.517 17144 17215 V HttpWebRequest: 2018-06-21 15:10:23-f533be5e-56e4-402f-9139-a34b281e68d7-Setting header: x-client-OS ver:1.12.0
06-21 15:10:23.517 17144 17215 V HttpWebRequest: 2018-06-21 15:10:23-f533be5e-56e4-402f-9139-a34b281e68d7-Setting header: x-client-SKU ver:1.12.0
06-21 15:10:23.518 17144 17215 V HttpWebRequest: 2018-06-21 15:10:23-f533be5e-56e4-402f-9139-a34b281e68d7-Setting header: Accept ver:1.12.0
06-21 15:10:23.521 17144 17215 V HttpWebRequest: 2018-06-21 15:10:23-f533be5e-56e4-402f-9139-a34b281e68d7-Setting header: client-request-id ver:1.12.0
06-21 15:10:23.637 17144 17144 W art     : Attempt to remove non-JNI local reference, dumping thread
06-21 15:10:23.642 17144 17177 D EGL_emulation: eglMakeCurrent: 0xa9a038a0: ver 3 1 (tinfo 0x9f3ea810)
06-21 15:10:23.710 17144 17144 W art     : Attempt to remove non-JNI local reference, dumping thread
06-21 15:10:23.712 17144 17177 D EGL_emulation: eglMakeCurrent: 0xa9a038a0: ver 3 1 (tinfo 0x9f3ea810)
06-21 15:10:23.744  1758  2002 D EGL_emulation: eglMakeCurrent: 0x9d13f500: ver 3 1 (tinfo 0x9d45ce20)
06-21 15:10:23.752 17144 17144 W art     : Attempt to remove non-JNI local reference, dumping thread
06-21 15:10:23.754 17144 17177 D EGL_emulation: eglMakeCurrent: 0xa9a038a0: ver 3 1 (tinfo 0x9f3ea810)
06-21 15:10:23.893 17144 17215 V HttpWebRequest: 2018-06-21 15:10:23-f533be5e-56e4-402f-9139-a34b281e68d7-Response is received ver:1.12.0
06-21 15:10:23.894 17144 17215 V Oauth   : 2018-06-21 15:10:23-f533be5e-56e4-402f-9139-a34b281e68d7-Token request does not have exception ver:1.12.0
06-21 15:10:23.894 17144 17215 V Oauth   : 2018-06-21 15:10:23-f533be5e-56e4-402f-9139-a34b281e68d7-x-ms-request-id: 119b6174-c188-4b0c-aa3a-d63045ef6200 ver:1.12.0
06-21 15:10:23.894 17144 17215 V Oauth   : 2018-06-21 15:10:23-f533be5e-56e4-402f-9139-a34b281e68d7-Id token was returned, parsing id token. ver:1.12.0
06-21 15:10:23.895 17144 17215 V Oauth   : 2018-06-21 15:10:23-f533be5e-56e4-402f-9139-a34b281e68d7-Response correlationId:f533be5e-56e4-402f-9139-a34b281e68d7 ver:1.12.0
06-21 15:10:23.895 17144 17215 V AcquireTokenInteractiveRequest: 2018-06-21 15:10:23-f533be5e-56e4-402f-9139-a34b281e68d7-OnActivityResult processed the result. Request authority:https://login.microsoftonline.com/common resource:https://graph.microsoft.com clientid:a0ac5fdd-442b-416c-9c4b-aefe509de5c7 ver:1.12.0
06-21 15:10:23.896 17144 17215 V TokenCacheAccessor: 2018-06-21 15:10:23-f533be5e-56e4-402f-9139-a34b281e68d7-Access TokenID JQ0scnLKibK8jQNYb7lScyjH3TkEcHoT2537HQXc3Kw= and Refresh TokenID NYIbTirm5DRKUUicH8HsOr5mpXS0aRMJZMe0Q8BpmNQ= returned. ver:1.12.0
06-21 15:10:23.896 17144 17215 V TokenCacheAccessor: 2018-06-21 15:10:23-f533be5e-56e4-402f-9139-a34b281e68d7-Save regular token into cache. ver:1.12.0
06-21 15:10:23.914 17144 17215 V DefaultTokenCacheStore: 2018-06-21 15:10:23-f533be5e-56e4-402f-9139-a34b281e68d7-Started to initialize storage helper ver:1.12.0
06-21 15:10:23.915 17144 17215 V DefaultTokenCacheStore: 2018-06-21 15:10:23-f533be5e-56e4-402f-9139-a34b281e68d7-Finished to initialize storage helper ver:1.12.0
06-21 15:10:23.915 17144 17215 V StorageHelper: 2018-06-21 15:10:23-f533be5e-56e4-402f-9139-a34b281e68d7-Starting encryption ver:1.12.0
06-21 15:10:23.917 17144 17215 V StorageHelper: 2018-06-21 15:10:23-f533be5e-56e4-402f-9139-a34b281e68d7-Key does not exist in AndroidKeyStore, try to generate new keys. ver:1.12.0
06-21 15:10:23.924 17144 17215 V StorageHelper: 2018-06-21 15:10:23-f533be5e-56e4-402f-9139-a34b281e68d7-Generate KeyPair from AndroidKeyStore ver:1.12.0
06-21 15:10:24.026 17144 17144 W art     : Attempt to remove non-JNI local reference, dumping thread
06-21 15:10:24.063  1737  1737 W InputMethodService: Window size has been changed. This may cause jankiness of resizing window: -1 -> -2
06-21 15:10:24.064  1737  1737 I Choreographer: Skipped 34 frames!  The application may be doing too much work on its main thread.
06-21 15:10:24.073  1737  3813 D EGL_emulation: eglMakeCurrent: 0x9d418cc0: ver 3 1 (tinfo 0x9d4548c0)
06-21 15:10:24.080  1758  2002 D EGL_emulation: eglMakeCurrent: 0x9d13f500: ver 3 1 (tinfo 0x9d45ce20)
06-21 15:10:24.122 17144 17180 W IInputConnectionWrapper: finishComposingText on inactive InputConnection
06-21 15:10:24.156 17144 17144 W art     : Attempt to remove non-JNI local reference, dumping thread
06-21 15:10:24.342 17144 17144 W art     : Attempt to remove non-JNI local reference, dumping thread
06-21 15:10:24.883 17144 17215 V StorageHelper: 2018-06-21 15:10:24-f533be5e-56e4-402f-9139-a34b281e68d7-Wrap secret key. ver:1.12.0
06-21 15:10:24.884 17144 17215 V StorageHelper: 2018-06-21 15:10:24-f533be5e-56e4-402f-9139-a34b281e68d7-Writing key data to a file ver:1.12.0
06-21 15:10:24.885 17144 17215 V StorageHelper: 2018-06-21 15:10:24-f533be5e-56e4-402f-9139-a34b281e68d7-Encrypt version:A001 ver:1.12.0
06-21 15:10:24.886 17144 17215 V StorageHelper: 2018-06-21 15:10:24-f533be5e-56e4-402f-9139-a34b281e68d7-Finished encryption ver:1.12.0
06-21 15:10:24.887 17144 17215 V TokenCacheAccessor: 2018-06-21 15:10:24-f533be5e-56e4-402f-9139-a34b281e68d7-Save Multi Resource Refresh token to cache ver:1.12.0
06-21 15:10:24.892 17144 17215 V StorageHelper: 2018-06-21 15:10:24-f533be5e-56e4-402f-9139-a34b281e68d7-Starting encryption ver:1.12.0
06-21 15:10:24.894 17144 17215 V StorageHelper: 2018-06-21 15:10:24-f533be5e-56e4-402f-9139-a34b281e68d7-Encrypt version:A001 ver:1.12.0
06-21 15:10:24.895 17144 17215 V StorageHelper: 2018-06-21 15:10:24-f533be5e-56e4-402f-9139-a34b281e68d7-Finished encryption ver:1.12.0
06-21 15:10:24.896 17144 17215 V TokenCacheAccessor: 2018-06-21 15:10:24-f533be5e-56e4-402f-9139-a34b281e68d7-Access TokenID JQ0scnLKibK8jQNYb7lScyjH3TkEcHoT2537HQXc3Kw= and Refresh TokenID NYIbTirm5DRKUUicH8HsOr5mpXS0aRMJZMe0Q8BpmNQ= returned. ver:1.12.0
06-21 15:10:24.896 17144 17215 V TokenCacheAccessor: 2018-06-21 15:10:24-f533be5e-56e4-402f-9139-a34b281e68d7-Save regular token into cache. ver:1.12.0
06-21 15:10:24.897 17144 17215 V StorageHelper: 2018-06-21 15:10:24-f533be5e-56e4-402f-9139-a34b281e68d7-Starting encryption ver:1.12.0
06-21 15:10:24.898 17144 17215 V StorageHelper: 2018-06-21 15:10:24-f533be5e-56e4-402f-9139-a34b281e68d7-Encrypt version:A001 ver:1.12.0
06-21 15:10:24.899 17144 17215 V StorageHelper: 2018-06-21 15:10:24-f533be5e-56e4-402f-9139-a34b281e68d7-Finished encryption ver:1.12.0
06-21 15:10:24.900 17144 17215 V TokenCacheAccessor: 2018-06-21 15:10:24-f533be5e-56e4-402f-9139-a34b281e68d7-Save Multi Resource Refresh token to cache ver:1.12.0
06-21 15:10:24.901 17144 17215 V StorageHelper: 2018-06-21 15:10:24-f533be5e-56e4-402f-9139-a34b281e68d7-Starting encryption ver:1.12.0
06-21 15:10:24.903 17144 17215 V StorageHelper: 2018-06-21 15:10:24-f533be5e-56e4-402f-9139-a34b281e68d7-Encrypt version:A001 ver:1.12.0
06-21 15:10:24.904 17144 17215 V StorageHelper: 2018-06-21 15:10:24-f533be5e-56e4-402f-9139-a34b281e68d7-Finished encryption ver:1.12.0
06-21 15:10:24.905 17144 17215 V TokenCacheAccessor: 2018-06-21 15:10:24-f533be5e-56e4-402f-9139-a34b281e68d7-Access TokenID JQ0scnLKibK8jQNYb7lScyjH3TkEcHoT2537HQXc3Kw= and Refresh TokenID NYIbTirm5DRKUUicH8HsOr5mpXS0aRMJZMe0Q8BpmNQ= returned. ver:1.12.0
06-21 15:10:24.906 17144 17215 V TokenCacheAccessor: 2018-06-21 15:10:24-f533be5e-56e4-402f-9139-a34b281e68d7-Save regular token into cache. ver:1.12.0
06-21 15:10:24.909 17144 17215 V StorageHelper: 2018-06-21 15:10:24-f533be5e-56e4-402f-9139-a34b281e68d7-Starting encryption ver:1.12.0
06-21 15:10:24.910 17144 17215 V StorageHelper: 2018-06-21 15:10:24-f533be5e-56e4-402f-9139-a34b281e68d7-Encrypt version:A001 ver:1.12.0
06-21 15:10:24.912 17144 17215 V StorageHelper: 2018-06-21 15:10:24-f533be5e-56e4-402f-9139-a34b281e68d7-Finished encryption ver:1.12.0
06-21 15:10:24.913 17144 17215 V TokenCacheAccessor: 2018-06-21 15:10:24-f533be5e-56e4-402f-9139-a34b281e68d7-Save Multi Resource Refresh token to cache ver:1.12.0
06-21 15:10:24.914 17144 17215 V StorageHelper: 2018-06-21 15:10:24-f533be5e-56e4-402f-9139-a34b281e68d7-Starting encryption ver:1.12.0
06-21 15:10:24.914 17144 17215 V StorageHelper: 2018-06-21 15:10:24-f533be5e-56e4-402f-9139-a34b281e68d7-Encrypt version:A001 ver:1.12.0
06-21 15:10:24.916 17144 17215 V StorageHelper: 2018-06-21 15:10:24-f533be5e-56e4-402f-9139-a34b281e68d7-Finished encryption ver:1.12.0
06-21 15:10:24.917 17144 17215 V AcquireTokenRequest: 2018-06-21 15:10:24-f533be5e-56e4-402f-9139-a34b281e68d7-Sending result to callback. Request authority:https://login.microsoftonline.com/common resource:https://graph.microsoft.com clientid:a0ac5fdd-442b-416c-9c4b-aefe509de5c7 ver:1.12.0
06-21 15:10:24.936 17144 17144 D SystemWebChromeClient: file:///android_asset/www/build/main.js: Line 394 : Set logStatus:Logged in
06-21 15:10:24.936 17144 17144 I chromium: [INFO:CONSOLE(394)] "Set logStatus:Logged in", source: file:///android_asset/www/build/main.js (394)
06-21 15:10:24.937 17144 17144 D SystemWebChromeClient: file:///android_asset/www/build/main.js: Line 394 : Set authStatus:Name: David<br>Access Token: eyJ0eXAiOiJKV1QiLCJub25jZSI6IkFRQUJBQUFBQUFEWDhHQ2k2SnM2U0s4MlRzRDJQYjdyYVpXQXVjdW5WQXdlSnhNZXdhdnR6Y0E3U2ZndkU2U0NCaGplN3J4VFVrc0R3Ynl3a1o1Y2ZhWXFjNWpDeFhRdEFYMGZrWlZKbWhfbElFVTU5Sk1jbnlBQSIsImFsZyI6IlJTMjU2IiwieDV0IjoiVGlvR3l3d2xodmRGYlhaODEzV3BQYXk5QWxVIiwia2lkIjoiVGlvR3l3d2xodmRGYlhaODEzV3BQYXk5QWxVIn0.eyJhdWQiOiJodHRwczovL2dyYXBoLm1pY3Jvc29mdC5jb20iLCJpc3MiOiJodHRwczovL3N0cy53aW5kb3dzLm5ldC8zNDgwODUzNi0yY2Q3LTRjYzktYTk0ZC0zNWYxMmVkMjE4NmQvIiwiaWF0IjoxNTI5NTkzNTIzLCJuYmYiOjE1Mjk1OTM1MjMsImV4cCI6MTUyOTU5NzQyMywiYWNyIjoiMSIsImFpbyI6IlkyZGdZS2o2cHZQdHpXdy9sY2NMMU54dERIT09WcTFpdjh2cm1PQ1k2N0ZyM3VQcUZmc0EiLCJhbXIiOlsicHdkIl0sImFwcF9kaXNwbGF5bmFtZSI6InNjYWktYWFkLWh0dHAiLCJhcHBpZCI6ImEwYWM1ZmRkLTQ0MmItNDE2Yy05YzRiLWFlZmU1MDlkZTVjNyIsImFwcGlkYWNyIjoiMCIsImVfZXhwIjoyNjI4MDAsImZhbWlseV9uYW1lIjoiQWJpZ3QiLCJnaXZlbl9uYW1lIjoiRGF2aWQiLCJpcGFkZHIiOiI3MC4xMjEuNzIuMzciLCJuYW1lIjoiQWJpZ3QsIERhdmlkIiwib2lkIjoiZmQ3NTY0MDItZjA1YS00ODU2LTk5NjItNjRmOTczZWE2OTA1Iiwib25wcmVtX3NpZCI6IlMtMS01LTIxLTEzMjk1ODgxNjItNDAxMDU3MjU2LTMzMjE0MzMzNzktMzc0OCIsInBsYXRmIjoiMSIsInB1aWQiOiIxMDAzMDAwMDk0RjFCNTVGIiwic2NwIjoiQm9va2luZ3MuTWFuYWdlLkFsbCBCb29raW5ncy5SZWFkLkFsbCBCb29raW5ncy5SZWFkV3JpdGUuQWxsIEJvb2tpbmdzQXBwb2ludG1lbnQuUmVhZFdyaXRlLkFsbCBDYWxlbmRhcnMuUmVhZCBDYWxlbmRhcnMuUmVhZC5TaGFyZWQgQ2FsZW5kYXJzLlJlYWRXcml0ZSBDYWxlbmRhcnMuUmVhZFdyaXRlLlNoYXJlZCBDb250YWN0cy5SZWFkIENvbnRhY3RzLlJlYWQuU2hhcmVkIENvbnRhY3RzLlJlYWRXcml0ZSBDb250YWN0cy5SZWFkV3JpdGUuU2hhcmVkIERldmljZS5Db21tYW5kIERldmljZS5SZWFkIERpcmVjdG9yeS5BY2Nlc3NBc1VzZXIuQWxsIEVBUy5BY2Nlc3NBc1VzZXIuQWxsIGVtYWlsIEZpbGVzLlJlYWQgRmlsZXMuUmVhZC5BbGwgRmlsZXMuUmVhZC5TZWxlY3RlZCBGaWxlcy5SZWFkV3JpdGUgRmlsZXMuUmVhZFdyaXRlLkFsbCBGaWxlcy5SZWFkV3JpdGUuQXBwRm9sZGVyIEZpbGVzLlJlYWRXcml0ZS5TZWxlY3RlZCBGaW5hbmNpYWxzLlJlYWRXcml0ZS5BbGwgTWFpbC5SZWFkIE1haWwuUmVhZC5TaGFyZWQgTWFpbC5SZWFkV3JpdGUgTWFpbC5SZWFkV3JpdGUuU2hhcmVkIE1haWwuU2VuZCBNYWlsLlNlbmQuU2hhcmVkIE1haWxib3hTZXR0aW5ncy5SZWFkIE1haWxib3hTZXR0aW5ncy5SZWFkV3JpdGUgTm90ZXMuQ3JlYXRlIE5vdGVzLlJlYWQgTm90ZXMuUmVhZC5BbGwgTm90ZXMuUmVhZFdyaXRlIE5vdGVzLlJlYWRXcml0ZS5BbGwgTm90ZXMuUmVhZFdyaXRlLkNyZWF0ZWRCeUFwcCBvZmZsaW5lX2FjY2VzcyBvcGVuaWQgUGVvcGxlLlJlYWQgcHJvZmlsZSBTaXRlcy5NYW5hZ2UuQWxsIFNpdGVzLlJlYWQuQWxsIFNpdGVzLlJlYWRXcml0ZS5BbGwgVGFza3MuUmVhZCBUYXNrcy5SZWFkLlNoYXJlZCBUYXNrcy5SZWFkV3JpdGUgVGFza3MuUmVhZFdyaXRlLlNoYXJlZCBVc2VyLlJlYWQgVXNlci5SZWFkQmFzaWMuQWxsIFVzZXIuUmVhZFdyaXRlIFVzZXJBY3Rpdml0eS5SZWFkV3JpdGUuQ3JlYXRlZEJ5QXBwIFVzZXJUaW1lbGluZUFjdGl2aXR5LldyaXRlLkNyZWF0ZWRCeUFwcCIsInN1YiI6IjlNUTFrTl9RbnZEQ1VnTnVRM09Mckt3N0dpa191YkZDZ2lCMXRyX1FpaDAiLCJ0aWQiOiIzNDgwODUzNi0yY2Q3LTRjYzktYTk0ZC0zNWYxMmVkMjE4NmQiLCJ1bmlxdWVfbmFtZSI6ImRhdmlkLmFiaWd0QGNpdGl6YW50LmNvbSIsInVwbiI6ImRhdmlkLmFiaWd0QGNpdGl6YW50LmNvbSIsInV0aSI6ImRHR2JFWWpCREV1cU90WXdSZTlpQUEiLCJ2ZXIiOiIxLjAifQ.toH08310O3pFEyyucTjsh8jeovkBwZsswzCUNEjeLelQqPTmiSpvMq_HLxpEsY8WuCzar2CtnfBBrblA_3sPeK3RK9FRNqzbHTmaunTGdpvLgwkKhiKqES_Ko57DdUk5qaWQOvD9_ucgTHTG7Sc-nZFLvpR2k4KvlHoKBLecW8gHnJmv9uBiXycrgf6RHxTHlweJRjApeWpajOrhBMx5t1sIbjDdl008FbabakZ1tOVvs-TKOly5opPJ-wj_wJqQJkf_TQNcwIEuUb1cAuVoMMILdqNtEBjNQRGQFBmYjRmkdzEICgLy4rSOpNYF3qhBTQRxEyeZ1yBdKMddSxlH7A<br>Expires: Thu Jun 21 2018 16:10:22 GMT+0000 (GMT)
06-21 15:10:24.937 17144 17144 I chromium: [INFO:CONSOLE(394)] "Set authStatus:Name: David<br>Access Token: eyJ0eXAiOiJKV1QiLCJub25jZSI6IkFRQUJBQUFBQUFEWDhHQ2k2SnM2U0s4MlRzRDJQYjdyYVpXQXVjdW5WQXdlSnhNZXdhdnR6Y0E3U2ZndkU2U0NCaGplN3J4VFVrc0R3Ynl3a1o1Y2ZhWXFjNWpDeFhRdEFYMGZrWlZKbWhfbElFVTU5Sk1jbnlBQSIsImFsZyI6IlJTMjU2IiwieDV0IjoiVGlvR3l3d2xodmRGYlhaODEzV3BQYXk5QWxVIiwia2lkIjoiVGlvR3l3d2xodmRGYlhaODEzV3BQYXk5QWxVIn0.eyJhdWQiOiJodHRwczovL2dyYXBoLm1pY3Jvc29mdC5jb20iLCJpc3MiOiJodHRwczovL3N0cy53aW5kb3dzLm5ldC8zNDgwODUzNi0yY2Q3LTRjYzktYTk0ZC0zNWYxMmVkMjE4NmQvIiwiaWF0IjoxNTI5NTkzNTIzLCJuYmYiOjE1Mjk1OTM1MjMsImV4cCI6MTUyOTU5NzQyMywiYWNyIjoiMSIsImFpbyI6IlkyZGdZS2o2cHZQdHpXdy9sY2NMMU54dERIT09WcTFpdjh2cm1PQ1k2N0ZyM3VQcUZmc0EiLCJhbXIiOlsicHdkIl0sImFwcF9kaXNwbGF5bmFtZSI6InNjYWktYWFkLWh0dHAiLCJhcHBpZCI6ImEwYWM1ZmRkLTQ0MmItNDE2Yy05YzRiLWFlZmU1MDlkZTVjNyIsImFwcGlkYWNyIjoiMCIsImVfZXhwIjoyNjI4MDAsImZhbWlseV9uYW1lIjoiQWJpZ3QiLCJnaXZlbl9uYW1lIjoiRGF2aWQiLCJpcGFkZHIiOiI3MC4xMjEuNzIuMzciLCJuYW1lIjoiQWJpZ3QsIERhdmlkIiwib2lkIjoiZmQ3NTY0MDItZjA1YS00ODU2LTk5NjItNjRmOTczZWE2OTA1Iiwib25wcmVtX3NpZCI6IlMtMS01LTIxLTEzMjk1ODgxNjItNDAxMDU3MjU2LTMzMjE0MzMzNzktMzc0OCIsInBsYXRmIjoiMSIsInB1aWQiOiIxMDAzMDAwMDk0RjFCNTVGIiwic2NwIjoiQm9va2luZ3MuTWFuYWdlLkFsbCBCb29raW5ncy5SZWFkLkFsbCBCb29raW5ncy5SZWFkV3JpdGUuQWxsIEJvb2tpbmdzQXBwb2ludG1lbnQuUmVhZFdyaXRlLkFsbCBDYWxlbmRhcnMuUmVhZCBDYWxlbmRhcnMuUmVhZC5TaGFyZWQgQ2FsZW5kYXJzLlJlYWRXcml0ZSBDYWxlbmRhcnMuUmVhZFdyaXRlLlNoYXJlZCBDb250YWN0cy5SZWFkIENvbnRhY3RzLlJlYWQuU2hhcmVkIENvbnRhY3RzLlJlYWRXcml0ZSBDb250YWN0cy5SZWFkV3JpdGUuU2hhcmVkIERldmljZS5Db21tYW5kIERldmljZS5SZWFkIERpcmVjdG9yeS5BY2Nlc3NBc1VzZXIuQWxsIEVBUy5BY2Nlc3NBc1VzZXIuQWxsIGVtYWlsIEZpbGVzLlJlYWQgRmlsZXMuUmVhZC5BbGwgRmlsZXMuUmVhZC5TZWxlY3RlZCBGaWxlcy5SZWFkV3JpdGUgRmlsZXMuUmVhZFdyaXRlLkFsbCBGaWxlcy5SZWFkV3JpdGUuQXBwRm9sZGVyIEZpbGVzLlJlYWRXcml0ZS5TZWxlY3RlZCBGaW5hbmNpYWxzLlJlYWRXcml0ZS5BbGwgTWFpbC5SZWFkIE1haWwuUmVhZC5TaGFyZWQgTWFpbC5SZWFkV3JpdGUgTWFpbC5SZWFkV3JpdGUuU2hhcmVkIE1haWwuU2VuZCBNYWlsLlNlbmQuU2hhcmVkIE1haWxib3hTZXR0aW5ncy5SZWFkIE1haWxib3hTZXR0aW5ncy5SZWFkV3JpdGUgTm90ZXMuQ3JlYXRlIE5vdGVzLlJlYWQgTm90ZXMuUmVhZC5BbGwgTm90ZXMuUmVhZFdyaXRlIE5vdGVzLlJlYWRXcml0ZS5BbGwgTm90ZXMuUmVhZFdyaXRlLkNyZWF0ZWRCeUFwcCBvZmZsaW5lX2FjY2VzcyBvcGVuaWQgUGVvcGxlLlJlYWQgcHJvZmlsZSBTaXRlcy5NYW5hZ2UuQWxsIFNpdGVzLlJlYWQuQWxsIFNpdGVzLlJlYWRXcml0ZS5BbGwgVGFza3MuUmVhZCBUYXNrcy5SZWFkLlNoYXJlZCBUYXNrcy5SZWFkV3JpdGUgVGFza3MuUmVhZFdyaXRlLlNoYXJlZCBVc2VyLlJlYWQgVXNlci5SZWFkQmFzaWMuQWxsIFVzZXIuUmVhZFdyaXRlIFVzZXJBY3Rpdml0eS5SZWFkV3JpdGUuQ3JlYXRlZEJ5QXBwIFVzZXJUaW1lbGluZUFjdGl2aXR5LldyaXRlLkNyZWF0ZWRCeUFwcCIsInN1YiI6IjlNUTFrTl9RbnZEQ1VnTnVRM09Mckt3N0dpa191YkZDZ2lCMXRyX1FpaDAiLCJ0aWQiOiIzNDgwODUzNi0yY2Q3LTRjYzktYTk0ZC0zNWYxMmVkMjE4NmQiLCJ1bmlxdWVfbmFtZSI6ImRhdmlkLmFiaWd0QGNpdGl6YW50LmNvbSIsInVwbiI6ImRhdmlkLmFiaWd0QGNpdGl6YW50LmNvbSIsInV0aSI6ImRHR2JFWWpCREV1cU90WXdSZTlpQUEiLCJ2ZXIiOiIxLjAifQ.toH08310O3pFEyyucTjsh8jeovkBwZsswzCUNEjeLelQqPTmiSpvMq_HLxpEsY8WuCzar2CtnfBBrblA_3sPeK3RK9FRNqzbHTmaunTGdpvLgwkKhiKqES_Ko57DdUk5qaWQOvD9_ucgTHTG7Sc-nZFLvpR2k4KvlHoKBLecW8gHnJmv9uBiXycrgf6RHxTHlweJRjApeWpajOrhBMx5t1sIbjDdl008FbabakZ1tOVvs-TKOly5opPJ-wj_wJqQJkf_TQNcwIEuUb1cAuVoMMILdqNtEBjNQRGQFBmYjRmkdzEICgLy4rSOpNYF3qhBTQRxEyeZ1yBdKMddSxlH7A<br>Expires: Thu Jun 21 2018 16:10:22 GMT+0000 (GMT)", source: file:///android_asset/www/build/main.js (394)
06-21 15:10:24.938 17144 17144 D SystemWebChromeClient: file:///android_asset/www/build/main.js: Line 367 : AuthResponse: 
06-21 15:10:24.938 17144 17144 I chromium: [INFO:CONSOLE(367)] "AuthResponse: ", source: file:///android_asset/www/build/main.js (367)
06-21 15:10:24.938 17144 17144 D SystemWebChromeClient: file:///android_asset/www/build/main.js: Line 368 : ID Token is
06-21 15:10:24.938 17144 17144 I chromium: [INFO:CONSOLE(368)] "ID Token is", source: file:///android_asset/www/build/main.js (368)
06-21 15:10:24.938 17144 17144 D SystemWebChromeClient: file:///android_asset/www/build/main.js: Line 369 : Access Token is
06-21 15:10:24.938 17144 17144 I chromium: [INFO:CONSOLE(369)] "Access Token is", source: file:///android_asset/www/build/main.js (369)
06-21 15:10:24.938 17144 17144 D SystemWebChromeClient: file:///android_asset/www/build/main.js: Line 370 : UserInfo: 
06-21 15:10:24.938 17144 17144 I chromium: [INFO:CONSOLE(370)] "UserInfo: ", source: file:///android_asset/www/build/main.js (370)
06-21 15:10:24.940 17144 17144 D SystemWebChromeClient: file:///android_asset/www/build/main.js: Line 371 : Token will expire on
06-21 15:10:24.940 17144 17144 I chromium: [INFO:CONSOLE(371)] "Token will expire on", source: file:///android_asset/www/build/main.js (371)
06-21 15:10:25.018 17144 17144 W art     : Attempt to remove non-JNI local reference, dumping thread
06-21 15:10:25.135 17144 17144 W art     : Attempt to remove non-JNI local reference, dumping thread
06-21 15:10:25.162 17144 17144 W art     : Attempt to remove non-JNI local reference, dumping thread
06-21 15:10:25.202 17144 17144 W art     : Attempt to remove non-JNI local reference, dumping thread
06-21 15:10:25.231 17144 17144 W art     : Attempt to remove non-JNI local reference, dumping thread
06-21 15:10:25.265 17144 17144 W art     : Attempt to remove non-JNI local reference, dumping thread
06-21 15:10:25.296 17144 17144 W art     : Attempt to remove non-JNI local reference, dumping thread
06-21 15:10:25.329 17144 17144 W art     : Attempt to remove non-JNI local reference, dumping thread
06-21 15:10:25.360 17144 17144 W art     : Attempt to remove non-JNI local reference, dumping thread
06-21 15:10:25.387 17144 17144 W art     : Attempt to remove non-JNI local reference, dumping thread
06-21 15:10:31.161 17144 17144 W art     : Attempt to remove non-JNI local reference, dumping thread
06-21 15:10:31.261 17144 17144 W art     : Attempt to remove non-JNI local reference, dumping thread
06-21 15:10:31.287 17144 17144 W art     : Attempt to remove non-JNI local reference, dumping thread
06-21 15:10:31.328 17144 17144 W art     : Attempt to remove non-JNI local reference, dumping thread
06-21 15:10:31.362 17144 17144 W art     : Attempt to remove non-JNI local reference, dumping thread
06-21 15:10:31.404 17144 17144 W art     : Attempt to remove non-JNI local reference, dumping thread
06-21 15:10:31.448 17144 17144 W art     : Attempt to remove non-JNI local reference, dumping thread
06-21 15:10:31.492 17144 17144 W art     : Attempt to remove non-JNI local reference, dumping thread
06-21 15:10:31.607 17144 17144 W art     : Attempt to remove non-JNI local reference, dumping thread
06-21 15:10:31.648 17144 17144 W art     : Attempt to remove non-JNI local reference, dumping thread
06-21 15:10:31.690 17144 17144 W art     : Attempt to remove non-JNI local reference, dumping thread
06-21 15:10:31.829 17144 17144 W art     : Attempt to remove non-JNI local reference, dumping thread
06-21 15:10:32.526 17144 17144 W art     : Attempt to remove non-JNI local reference, dumping thread
06-21 15:10:32.572 17144 17144 W art     : Attempt to remove non-JNI local reference, dumping thread
06-21 15:10:32.597 17144 17144 D SystemWebChromeClient: file:///android_asset/www/build/main.js: Line 356 : Opening page: 
06-21 15:10:32.597 17144 17144 I chromium: [INFO:CONSOLE(356)] "Opening page: ", source: file:///android_asset/www/build/main.js (356)
06-21 15:10:32.614 17144 17144 D SystemWebChromeClient: file:///android_asset/www/build/main.js: Line 163 : populating list page
06-21 15:10:32.614 17144 17144 I chromium: [INFO:CONSOLE(163)] "populating list page", source: file:///android_asset/www/build/main.js (163)
06-21 15:10:32.712 17144 17144 W art     : Attempt to remove non-JNI local reference, dumping thread
06-21 15:10:32.742 17144 17144 W art     : Attempt to remove non-JNI local reference, dumping thread
06-21 15:10:32.777 17144 17144 W art     : Attempt to remove non-JNI local reference, dumping thread
06-21 15:10:32.811 17144 17144 W art     : Attempt to remove non-JNI local reference, dumping thread
06-21 15:10:32.844 17144 17144 W art     : Attempt to remove non-JNI local reference, dumping thread
06-21 15:10:32.873 17144 17144 W art     : Attempt to remove non-JNI local reference, dumping thread
06-21 15:10:32.901 17144 17144 W art     : Attempt to remove non-JNI local reference, dumping thread
06-21 15:10:32.935 17144 17144 W art     : Attempt to remove non-JNI local reference, dumping thread
06-21 15:10:32.945 17144 17155 I art     : Background partial concurrent mark sweep GC freed 18(544B) AllocSpace objects, 3(21MB) LOS objects, 13% free, 26MB/30MB, paused 5.396ms total 58.997ms
06-21 15:10:32.974 17144 17144 W art     : Attempt to remove non-JNI local reference, dumping thread
06-21 15:10:33.005 17144 17144 W art     : Attempt to remove non-JNI local reference, dumping thread
06-21 15:10:33.031 17144 17144 W art     : Attempt to remove non-JNI local reference, dumping thread
06-21 15:10:33.076 17144 17144 W art     : Attempt to remove non-JNI local reference, dumping thread
06-21 15:10:33.229 17144 17144 W art     : Attempt to remove non-JNI local reference, dumping thread
06-21 15:10:33.887 17144 17144 D SystemWebChromeClient: file:///android_asset/www/build/vendor.js: Line 1823 : ERROR
06-21 15:10:33.887 17144 17144 I chromium: [INFO:CONSOLE(1823)] "ERROR", source: file:///android_asset/www/build/vendor.js (1823)
06-21 15:10:38.040 17144 17144 W art     : Attempt to remove non-JNI local reference, dumping thread
06-21 15:10:44.982 17144 17144 W art     : Attempt to remove non-JNI local reference, dumping thread
06-21 15:10:45.024 17144 17144 W art     : Attempt to remove non-JNI local reference, dumping thread
06-21 15:10:45.098 17144 17144 W art     : Attempt to remove non-JNI local reference, dumping thread
06-21 15:10:45.149 17144 17144 W art     : Attempt to remove non-JNI local reference, dumping thread
06-21 15:10:45.167 17144 17144 W art     : Attempt to remove non-JNI local reference, dumping thread
06-21 15:10:45.199 17144 17144 W art     : Attempt to remove non-JNI local reference, dumping thread
06-21 15:10:45.229 17144 17144 W art     : Attempt to remove non-JNI local reference, dumping thread
06-21 15:10:45.254 17144 17144 W art     : Attempt to remove non-JNI local reference, dumping thread
06-21 15:10:45.289 17144 17144 W art     : Attempt to remove non-JNI local reference, dumping thread
06-21 15:10:45.316 17144 17144 W art     : Attempt to remove non-JNI local reference, dumping thread
06-21 15:10:45.352 17144 17144 W art     : Attempt to remove non-JNI local reference, dumping thread
06-21 15:10:45.387 17144 17144 W art     : Attempt to remove non-JNI local reference, dumping thread
06-21 15:10:45.420 17144 17144 W art     : Attempt to remove non-JNI local reference, dumping thread
06-21 15:10:45.455 17144 17144 W art     : Attempt to remove non-JNI local reference, dumping thread
06-21 15:10:45.490 17144 17144 W art     : Attempt to remove non-JNI local reference, dumping thread
06-21 15:10:45.532 17144 17144 W art     : Attempt to remove non-JNI local reference, dumping thread
06-21 15:10:45.687 17144 17144 W art     : Attempt to remove non-JNI local reference, dumping thread
06-21 15:10:46.603 17144 17144 W art     : Attempt to remove non-JNI local reference, dumping thread
06-21 15:10:46.644 17144 17144 W art     : Attempt to remove non-JNI local reference, dumping thread
06-21 15:10:46.780 17144 17144 D SystemWebChromeClient: file:///android_asset/www/build/main.js: Line 356 : Opening page: 
06-21 15:10:46.780 17144 17144 I chromium: [INFO:CONSOLE(356)] "Opening page: ", source: file:///android_asset/www/build/main.js (356)
06-21 15:10:46.805 17144 17144 D SystemWebChromeClient: file:///android_asset/www/build/main.js: Line 163 : populating list page
06-21 15:10:46.805 17144 17144 I chromium: [INFO:CONSOLE(163)] "populating list page", source: file:///android_asset/www/build/main.js (163)
06-21 15:10:46.942 17144 17144 W art     : Attempt to remove non-JNI local reference, dumping thread
06-21 15:10:46.995 17144 17144 W art     : Attempt to remove non-JNI local reference, dumping thread
06-21 15:10:47.020 17144 17144 W art     : Attempt to remove non-JNI local reference, dumping thread
06-21 15:10:47.049 17144 17144 W art     : Attempt to remove non-JNI local reference, dumping thread
06-21 15:10:47.081 17144 17144 W art     : Attempt to remove non-JNI local reference, dumping thread
06-21 15:10:47.113 17144 17144 W art     : Attempt to remove non-JNI local reference, dumping thread
06-21 15:10:47.157 17144 17144 W art     : Attempt to remove non-JNI local reference, dumping thread
06-21 15:10:47.190 17144 17144 W art     : Attempt to remove non-JNI local reference, dumping thread
06-21 15:10:47.216 17144 17144 W art     : Attempt to remove non-JNI local reference, dumping thread
06-21 15:10:47.251 17144 17144 W art     : Attempt to remove non-JNI local reference, dumping thread
06-21 15:10:47.282 17144 17144 W art     : Attempt to remove non-JNI local reference, dumping thread
06-21 15:10:47.311 17144 17144 W art     : Attempt to remove non-JNI local reference, dumping thread
06-21 15:10:47.359 17144 17144 D SystemWebChromeClient: file:///android_asset/www/build/vendor.js: Line 1823 : ERROR
06-21 15:10:47.359 17144 17144 I chromium: [INFO:CONSOLE(1823)] "ERROR", source: file:///android_asset/www/build/vendor.js (1823)
06-21 15:10:47.464 17144 17144 W art     : Attempt to remove non-JNI local reference, dumping thread
06-21 15:10:49.516 24558 29705 E WakeLock: release without a matched acquire!
06-21 15:10:49.590  2446 17241 I EventLogChimeraService: Aggregate from 1529592110377 (log), 1529592110377 (data)
06-21 15:10:49.803 24558 17240 W Conscrypt: Could not set socket write timeout: java.lang.reflect.InvocationTargetException
06-21 15:10:49.803 24558 17240 W Conscrypt: 	at java.lang.reflect.Method.invoke(Native Method)
06-21 15:10:49.803 24558 17240 W Conscrypt: 	at com.google.android.gms.org.conscrypt.Platform.setSocketWriteTimeout(:com.google.android.gms@12521024@12.5.21 (040700-189987672):13)
06-21 15:10:49.803 24558 17240 W Conscrypt: Caused by: android.system.ErrnoException: setsockopt failed: EBADF (Bad file descriptor)
06-21 15:10:49.803 24558 17240 W Conscrypt: 	at libcore.io.Posix.setsockoptTimeval(Native Method)
06-21 15:10:49.803 24558 17240 W Conscrypt: 	at libcore.io.ForwardingOs.setsockoptTimeval(ForwardingOs.java:157)
06-21 15:10:49.882 24558 17240 W Conscrypt: Could not set socket write timeout: java.lang.reflect.InvocationTargetException
06-21 15:10:49.882 24558 17240 W Conscrypt: 	at java.lang.reflect.Method.invoke(Native Method)
06-21 15:10:49.882 24558 17240 W Conscrypt: 	at com.google.android.gms.org.conscrypt.Platform.setSocketWriteTimeout(:com.google.android.gms@12521024@12.5.21 (040700-189987672):13)
06-21 15:10:49.882 24558 17240 W Conscrypt: Caused by: android.system.ErrnoException: setsockopt failed: EBADF (Bad file descriptor)
06-21 15:10:49.882 24558 17240 W Conscrypt: 	at libcore.io.Posix.setsockoptTimeval(Native Method)
06-21 15:10:49.882 24558 17240 W Conscrypt: 	at libcore.io.ForwardingOs.setsockoptTimeval(ForwardingOs.java:157)
06-21 15:10:50.212 24558 17240 W Conscrypt: Could not set socket write timeout: java.lang.reflect.InvocationTargetException
06-21 15:10:50.212 24558 17240 W Conscrypt: 	at java.lang.reflect.Method.invoke(Native Method)
06-21 15:10:50.212 24558 17240 W Conscrypt: 	at com.google.android.gms.org.conscrypt.Platform.setSocketWriteTimeout(:com.google.android.gms@12521024@12.5.21 (040700-189987672):13)
06-21 15:10:50.212 24558 17240 W Conscrypt: Caused by: android.system.ErrnoException: setsockopt failed: EBADF (Bad file descriptor)
06-21 15:10:50.212 24558 17240 W Conscrypt: 	at libcore.io.Posix.setsockoptTimeval(Native Method)
06-21 15:10:50.212 24558 17240 W Conscrypt: 	at libcore.io.ForwardingOs.setsockoptTimeval(ForwardingOs.java:157)
06-21 15:10:50.247 24558 17240 W Conscrypt: Could not set socket write timeout: java.lang.reflect.InvocationTargetException
06-21 15:10:50.247 24558 17240 W Conscrypt: 	at java.lang.reflect.Method.invoke(Native Method)
06-21 15:10:50.247 24558 17240 W Conscrypt: 	at com.google.android.gms.org.conscrypt.Platform.setSocketWriteTimeout(:com.google.android.gms@12521024@12.5.21 (040700-189987672):13)
06-21 15:10:50.247 24558 17240 W Conscrypt: Caused by: android.system.ErrnoException: setsockopt failed: EBADF (Bad file descriptor)
06-21 15:10:50.247 24558 17240 W Conscrypt: 	at libcore.io.Posix.setsockoptTimeval(Native Method)
06-21 15:10:50.247 24558 17240 W Conscrypt: 	at libcore.io.ForwardingOs.setsockoptTimeval(ForwardingOs.java:157)
06-21 15:11:00.025  1758  2002 D EGL_emulation: eglMakeCurrent: 0x9d13f500: ver 3 1 (tinfo 0x9d45ce20)
06-21 15:12:00.006  1658  1658 I ActivityManager: Killing 16304:com.google.android.gms.unstable/u0a13 (adj 906): empty for 1804s
06-21 15:12:00.051  1658   544 D ActivityManager: cleanUpApplicationRecord -- 16304
06-21 15:12:21.766 17144 17144 W art     : Attempt to remove non-JNI local reference, dumping thread
06-21 15:12:21.803 17144 17144 W art     : Attempt to remove non-JNI local reference, dumping thread
06-21 15:12:21.831 17144 17155 I art     : Background partial concurrent mark sweep GC freed 56(1992B) AllocSpace objects, 2(14MB) LOS objects, 13% free, 26MB/30MB, paused 5.727ms total 83.450ms
06-21 15:14:27.050  1384  1384 I perfprofd: profile collection skipped (running in emulator)
06-21 15:14:43.191  1658  1675 I ActivityManager: Force stopping io.ionic.starter appid=10196 user=-1: deletePackageX
06-21 15:14:43.191  1658  1675 I ActivityManager: Killing 17144:io.ionic.starter/u0a196 (adj 0): stop io.ionic.starter
06-21 15:14:43.191  1658  1675 D ActivityManager: cleanUpApplicationRecord -- 17144
06-21 15:14:43.198  1658  1675 W ActivityManager: Force removing ActivityRecord{732d706 u0 io.ionic.starter/.MainActivity t224}: app died, no saved state
06-21 15:14:43.204  1658  1675 E JavaBinder: !!! FAILED BINDER TRANSACTION !!!  (parcel size = 56)
06-21 15:14:43.211  1658  1682 E JavaBinder: !!! FAILED BINDER TRANSACTION !!!  (parcel size = 60)
06-21 15:14:43.221  1658  4080 D GraphicsStats: Buffer count: 7
06-21 15:14:43.221  1658  4080 D ConnectivityService: ConnectivityService NetworkRequestInfo binderDied(NetworkRequest [ LISTEN id=168, [ Capabilities: INTERNET&NOT_RESTRICTED&TRUSTED&FOREGROUND] ], android.os.BinderProxy@9198eba)
06-21 15:14:43.221  1658  4080 D ConnectivityService: ConnectivityService NetworkRequestInfo binderDied(NetworkRequest [ LISTEN id=169, [ Capabilities: INTERNET&NOT_RESTRICTED&TRUSTED&FOREGROUND] ], android.os.BinderProxy@73aa16b)
06-21 15:14:43.230  1658  1719 E ConnectivityService: RemoteException caught trying to send a callback msg for NetworkRequest [ LISTEN id=168, [ Capabilities: INTERNET&NOT_RESTRICTED&TRUSTED&FOREGROUND] ]
06-21 15:14:43.230  1658  1719 E ConnectivityService: RemoteException caught trying to send a callback msg for NetworkRequest [ LISTEN id=169, [ Capabilities: INTERNET&NOT_RESTRICTED&TRUSTED&FOREGROUND] ]
06-21 15:14:43.268  1658  1687 I art     : Starting a blocking GC Explicit
06-21 15:14:43.346  1658  1687 I art     : Explicit concurrent mark sweep GC freed 53241(2MB) AllocSpace objects, 4(80KB) LOS objects, 21% free, 14MB/18MB, paused 5.116ms total 78.339ms
06-21 15:14:43.366  1658  1687 I ActivityManager: Force stopping io.ionic.starter appid=10196 user=0: pkg removed
06-21 15:14:43.385  2446  2457 I art     : WaitForGcToComplete blocked for 18.459ms for cause Background
06-21 15:14:43.400 24558 24558 I GeofencerStateMachine: removeGeofences: removeRequest=RemoveGeofencingRequest[REMOVE_ALL packageName=io.ionic.starter]
06-21 15:14:43.435  1351  1351 I         : free_cache(6185222) avail 16756436992
06-21 15:14:43.443  1658  1703 I InputReader: Reconfiguring input devices.  changes=0x00000010
06-21 15:14:43.446 15024 15024 W ContextImpl: Calling a method in the system process without a qualified user: android.app.ContextImpl.startService:1357 android.content.ContextWrapper.startService:613 android.content.ContextWrapper.startService:613 com.android.keychain.KeyChainBroadcastReceiver.onReceive:12 android.app.ActivityThread.handleReceiver:3040 
06-21 15:14:43.460  1658  1658 D ZenLog  : config: removeAutomaticZenRules,ZenModeConfig[user=0,allowCalls=true,allowRepeatCallers=false,allowMessages=false,allowCallsFrom=contacts,allowMessagesFrom=contacts,allowReminders=true,allowEvents=true,allowWhenScreenOff=true,allowWhenScreenOn=true,automaticRules={d392c0b1def4417d8fa4ec1e50d45cff=ZenRule[enabled=false,snoozing=false,name=Event,zenMode=ZEN_MODE_ALARMS,conditionId=condition://android/event?userId=-10000&calendar=&reply=1,condition=Condition[id=condition://android/event?userId=-10000&calendar=&reply=1,summary=...,line1=...,line2=...,icon=0,state=STATE_FALSE,flags=2],component=ComponentInfo{android/com.android.server.notification.EventConditionProvider},id=d392c0b1def4417d8fa4ec1e50d45cff,creationTime=1528476610993,enabler=null], ed815feff020470bb11dafc645cd7b8e=ZenRule[enabled=false,snoozing=false,name=Weekend,zenMode=ZEN_MODE_ALARMS,conditionId=condition://android/schedule?days=6.7&start=23.30&end=10.0&exitAtAlarm=false,condition=Condition[id=condition://android/schedule?days=6.7&start=23.30&end=10.0&exitAtAlarm=false,summary=...,line1=...,line2=...,icon=0,state=STATE_FALSE,flags=2],component=ComponentInfo{android/com.android.server.notification.ScheduleConditionProvider},id=ed815feff020470bb11dafc645cd7b8e,creationTime=1528476610993,enabler=null], f410b9980bbb4608b2acb62a40dadd8c=ZenRule[enabled=false,snoozing=false,name=Weeknight,zenMode=ZEN_MODE_ALARMS,conditionId=condition://android/schedule?days=1.2.3.4.5&start=22.0&end=7.0&exitAtAlarm=false,condition=Condition[id=condition://android/schedule?days=1.2.3.4.5&start=22.0&end=7.0&exitAtAlarm=false,summary=...,line1=...,line2=...,icon=0,state=STATE_FALSE,flags=2],component=ComponentInfo{android/com.android.server.notification.ScheduleConditionProvider},id=f410b9980bbb4608b2acb62a40dadd8c,creationTime=1528476610993,enabler=null]},manualRule=null],Diff[]
06-21 15:14:43.475  1658  1687 E KernelUidCpuTimeReader: failed to remove uid from uid_cputime module
06-21 15:14:43.475  1658  1687 E KernelUidCpuTimeReader: java.io.FileNotFoundException: /proc/uid_cputime/remove_uid_range (No such file or directory)
06-21 15:14:43.475  1658  1687 E KernelUidCpuTimeReader: 	at java.io.FileOutputStream.open(Native Method)
06-21 15:14:43.475  1658  1687 E KernelUidCpuTimeReader: 	at java.io.FileOutputStream.<init>(FileOutputStream.java:221)
06-21 15:14:43.475  1658  1687 E KernelUidCpuTimeReader: 	at java.io.FileOutputStream.<init>(FileOutputStream.java:108)
06-21 15:14:43.475  1658  1687 E KernelUidCpuTimeReader: 	at java.io.FileWriter.<init>(FileWriter.java:63)
06-21 15:14:43.475  1658  1687 E KernelUidCpuTimeReader: 	at com.android.internal.os.KernelUidCpuTimeReader.removeUid(KernelUidCpuTimeReader.java:158)
06-21 15:14:43.475  1658  1687 E KernelUidCpuTimeReader: 	at com.android.internal.os.BatteryStatsImpl.removeUidStatsLocked(BatteryStatsImpl.java:10169)
06-21 15:14:43.475  1658  1687 E KernelUidCpuTimeReader: 	at com.android.server.am.BatteryStatsService.removeUid(BatteryStatsService.java:291)
06-21 15:14:43.475  1658  1687 E KernelUidCpuTimeReader: 	at com.android.server.am.ActivityManagerService.broadcastIntentLocked(ActivityManagerService.java:18060)
06-21 15:14:43.475  1658  1687 E KernelUidCpuTimeReader: 	at com.android.server.am.ActivityManagerService.broadcastIntent(ActivityManagerService.java:18558)
06-21 15:14:43.475  1658  1687 E KernelUidCpuTimeReader: 	at com.android.server.pm.PackageManagerService$8.run(PackageManagerService.java:11464)
06-21 15:14:43.475  1658  1687 E KernelUidCpuTimeReader: 	at android.os.Handler.handleCallback(Handler.java:751)
06-21 15:14:43.475  1658  1687 E KernelUidCpuTimeReader: 	at android.os.Handler.dispatchMessage(Handler.java:95)
06-21 15:14:43.475  1658  1687 E KernelUidCpuTimeReader: 	at android.os.Looper.loop(Looper.java:154)
06-21 15:14:43.475  1658  1687 E KernelUidCpuTimeReader: 	at android.os.HandlerThread.run(HandlerThread.java:61)
06-21 15:14:43.475  1658  1687 E KernelUidCpuTimeReader: 	at com.android.server.ServiceThread.run(ServiceThread.java:46)
06-21 15:14:43.498  1658  1658 D ZenLog  : set_zen_mode: off,removeAutomaticZenRules
06-21 15:14:43.523  1856  1856 D CarrierSvcBindHelper: No carrier app for: 0
06-21 15:14:43.544 24558 16192 E NetworkScheduler: Unrecognised action provided: android.intent.action.PACKAGE_REMOVED
06-21 15:14:43.663 19382 17309 I chatty  : uid=10029 com.google.android.googlequicksearchbox:search expire 2 lines
06-21 15:14:43.664 19382 17308 I chatty  : uid=10029 com.google.android.googlequicksearchbox:search expire 6 lines
06-21 15:14:43.695 19382 17299 I chatty  : uid=10029 com.google.android.googlequicksearchbox:search expire 18 lines
06-21 15:14:43.701  1348  1728 E AudioFlinger: not enough memory for AudioTrack size=131296
06-21 15:14:43.701  1348  1728 D MemoryDealer:   AudioTrack (0xafdf6ac0, size=4194304)
06-21 15:14:43.701  1348  1728 D MemoryDealer:     0: 0xacefe020 | 0x00000000 | 0x000200E0 | A 
06-21 15:14:43.701  1348  1728 D MemoryDealer:     1: 0xacefe0b0 | 0x000200E0 | 0x000200E0 | A 
06-21 15:14:43.701  1348  1728 D MemoryDealer:     2: 0xb239cf10 | 0x000401C0 | 0x000200E0 | A 
06-21 15:14:43.701  1348  1728 D MemoryDealer:     3: 0xb13fd7e0 | 0x000602A0 | 0x000200E0 | A 
