06-21 14:32:41.672  1658  4118 I ActivityManager: START u0 {act=android.intent.action.MAIN flg=0x10000000 cmp=io.ionic.starter/.MainActivity} from uid 2000 on display 0
06-21 14:32:41.692  1658  2291 I ActivityManager: Start proc 15456:io.ionic.starter/u0a189 for activity io.ionic.starter/.MainActivity
06-21 14:32:42.925  1658  4081 I ActivityManager: Killing 4718:com.google.android.configupdater/u0a5 (adj 906): empty for 1800s
06-21 14:32:42.981  1658  1730 D ActivityManager: cleanUpApplicationRecord -- 4718
06-21 14:32:44.912  1658  2291 W InputMethodManagerService: Window already focused, ignoring focus gain of: com.android.internal.view.IInputMethodClient$Stub$Proxy@8ca3499 attribute=null, token = android.os.BinderProxy@e9e5a98
06-21 14:32:49.899  1658  1674 I UsageStatsService: User[0] Flushing usage stats to disk
06-21 14:33:11.828  1658  1702 I ActivityManager: START u0 {act=android.intent.action.MAIN cat=[android.intent.category.HOME] flg=0x10200000 cmp=com.google.android.apps.nexuslauncher/.NexusLauncherActivity (has extras)} from uid 1000 on display 0
06-21 14:33:12.294 19382 14675 E ActivityThread: Failed to find provider info for com.google.android.apps.gsa.testing.ui.audio.recorded
06-21 14:33:16.230  1658   538 I ActivityManager: START u0 {act=android.intent.action.MAIN cat=[android.intent.category.LAUNCHER] flg=0x10200000 cmp=io.ionic.starter/.MainActivity bnds=[24,239][230,517] (has extras)} from uid 10022 on display 0
06-21 14:33:26.195  1658  1702 I ActivityManager: START u0 {act=android.intent.action.MAIN cat=[android.intent.category.HOME] flg=0x10200000 cmp=com.google.android.apps.nexuslauncher/.NexusLauncherActivity (has extras)} from uid 1000 on display 0
06-21 14:33:28.574 19382 14675 E ActivityThread: Failed to find provider info for com.google.android.apps.gsa.testing.ui.audio.recorded
06-21 14:33:31.795  1658  2290 I ActivityManager: START u0 {act=android.intent.action.DELETE dat=package:io.ionic.starter flg=0x10800000 cmp=com.google.android.packageinstaller/com.android.packageinstaller.UninstallerActivity (has extras)} from uid 10022 on display 0
06-21 14:33:31.820  1658  4118 I ActivityManager: Start proc 15543:com.google.android.packageinstaller/u0a18 for activity com.google.android.packageinstaller/com.android.packageinstaller.UninstallerActivity
06-21 14:33:33.776  1658  1669 I ActivityManager: START u0 {act=android.intent.action.VIEW cmp=com.google.android.packageinstaller/com.android.packageinstaller.UninstallAppProgress (has extras)} from uid 10018 on display 0
06-21 14:33:33.871  1658  1675 I ActivityManager: Force stopping io.ionic.starter appid=10189 user=0: deletePackageX
06-21 14:33:33.871  1658  1675 I ActivityManager: Killing 15456:io.ionic.starter/u0a189 (adj 700): stop io.ionic.starter
06-21 14:33:33.872  1658  1675 D ActivityManager: cleanUpApplicationRecord -- 15456
06-21 14:33:33.882  1658  1675 I ActivityManager:   Force finishing activity ActivityRecord{4feb795 u0 io.ionic.starter/.MainActivity t216}
06-21 14:33:33.961  1658   539 D ConnectivityService: ConnectivityService NetworkRequestInfo binderDied(NetworkRequest [ LISTEN id=156, [ Capabilities: INTERNET&NOT_RESTRICTED&TRUSTED&FOREGROUND] ], android.os.BinderProxy@b40c9eb)
06-21 14:33:33.962  1658  2291 D ConnectivityService: ConnectivityService NetworkRequestInfo binderDied(NetworkRequest [ LISTEN id=157, [ Capabilities: INTERNET&NOT_RESTRICTED&TRUSTED&FOREGROUND] ], android.os.BinderProxy@eddc348)
06-21 14:33:33.968  1658  1719 E ConnectivityService: RemoteException caught trying to send a callback msg for NetworkRequest [ LISTEN id=156, [ Capabilities: INTERNET&NOT_RESTRICTED&TRUSTED&FOREGROUND] ]
06-21 14:33:33.969  1658  1719 E ConnectivityService: RemoteException caught trying to send a callback msg for NetworkRequest [ LISTEN id=157, [ Capabilities: INTERNET&NOT_RESTRICTED&TRUSTED&FOREGROUND] ]
06-21 14:33:34.020  1658  1687 I ActivityManager: Force stopping io.ionic.starter appid=10189 user=0: pkg removed
06-21 14:33:34.052  1658  1658 D ZenLog  : config: removeAutomaticZenRules,ZenModeConfig[user=0,allowCalls=true,allowRepeatCallers=false,allowMessages=false,allowCallsFrom=contacts,allowMessagesFrom=contacts,allowReminders=true,allowEvents=true,allowWhenScreenOff=true,allowWhenScreenOn=true,automaticRules={d392c0b1def4417d8fa4ec1e50d45cff=ZenRule[enabled=false,snoozing=false,name=Event,zenMode=ZEN_MODE_ALARMS,conditionId=condition://android/event?userId=-10000&calendar=&reply=1,condition=Condition[id=condition://android/event?userId=-10000&calendar=&reply=1,summary=...,line1=...,line2=...,icon=0,state=STATE_FALSE,flags=2],component=ComponentInfo{android/com.android.server.notification.EventConditionProvider},id=d392c0b1def4417d8fa4ec1e50d45cff,creationTime=1528476610993,enabler=null], ed815feff020470bb11dafc645cd7b8e=ZenRule[enabled=false,snoozing=false,name=Weekend,zenMode=ZEN_MODE_ALARMS,conditionId=condition://android/schedule?days=6.7&start=23.30&end=10.0&exitAtAlarm=false,condition=Condition[id=condition://android/schedule?days=6.7&start=23.30&end=10.0&exitAtAlarm=false,summary=...,line1=...,line2=...,icon=0,state=STATE_FALSE,flags=2],component=ComponentInfo{android/com.android.server.notification.ScheduleConditionProvider},id=ed815feff020470bb11dafc645cd7b8e,creationTime=1528476610993,enabler=null], f410b9980bbb4608b2acb62a40dadd8c=ZenRule[enabled=false,snoozing=false,name=Weeknight,zenMode=ZEN_MODE_ALARMS,conditionId=condition://android/schedule?days=1.2.3.4.5&start=22.0&end=7.0&exitAtAlarm=false,condition=Condition[id=condition://android/schedule?days=1.2.3.4.5&start=22.0&end=7.0&exitAtAlarm=false,summary=...,line1=...,line2=...,icon=0,state=STATE_FALSE,flags=2],component=ComponentInfo{android/com.android.server.notification.ScheduleConditionProvider},id=f410b9980bbb4608b2acb62a40dadd8c,creationTime=1528476610993,enabler=null]},manualRule=null],Diff[]
06-21 14:33:34.084  1658  1658 D ZenLog  : set_zen_mode: off,removeAutomaticZenRules
06-21 14:33:34.099 15024 15024 W ContextImpl: Calling a method in the system process without a qualified user: android.app.ContextImpl.startService:1357 android.content.ContextWrapper.startService:613 android.content.ContextWrapper.startService:613 com.android.keychain.KeyChainBroadcastReceiver.onReceive:12 android.app.ActivityThread.handleReceiver:3040 
06-21 14:33:34.149  1658  1687 E KernelUidCpuTimeReader: failed to remove uid from uid_cputime module
06-21 14:33:34.149  1658  1687 E KernelUidCpuTimeReader: java.io.FileNotFoundException: /proc/uid_cputime/remove_uid_range (No such file or directory)
06-21 14:33:34.149  1658  1687 E KernelUidCpuTimeReader: 	at java.io.FileOutputStream.open(Native Method)
06-21 14:33:34.149  1658  1687 E KernelUidCpuTimeReader: 	at java.io.FileOutputStream.<init>(FileOutputStream.java:221)
06-21 14:33:34.149  1658  1687 E KernelUidCpuTimeReader: 	at java.io.FileOutputStream.<init>(FileOutputStream.java:108)
06-21 14:33:34.149  1658  1687 E KernelUidCpuTimeReader: 	at java.io.FileWriter.<init>(FileWriter.java:63)
06-21 14:33:34.149  1658  1687 E KernelUidCpuTimeReader: 	at com.android.internal.os.KernelUidCpuTimeReader.removeUid(KernelUidCpuTimeReader.java:158)
06-21 14:33:34.149  1658  1687 E KernelUidCpuTimeReader: 	at com.android.internal.os.BatteryStatsImpl.removeUidStatsLocked(BatteryStatsImpl.java:10169)
06-21 14:33:34.149  1658  1687 E KernelUidCpuTimeReader: 	at com.android.server.am.BatteryStatsService.removeUid(BatteryStatsService.java:291)
06-21 14:33:34.149  1658  1687 E KernelUidCpuTimeReader: 	at com.android.server.am.ActivityManagerService.broadcastIntentLocked(ActivityManagerService.java:18060)
06-21 14:33:34.149  1658  1687 E KernelUidCpuTimeReader: 	at com.android.server.am.ActivityManagerService.broadcastIntent(ActivityManagerService.java:18558)
06-21 14:33:34.149  1658  1687 E KernelUidCpuTimeReader: 	at com.android.server.pm.PackageManagerService$8.run(PackageManagerService.java:11464)
06-21 14:33:34.149  1658  1687 E KernelUidCpuTimeReader: 	at android.os.Handler.handleCallback(Handler.java:751)
06-21 14:33:34.149  1658  1687 E KernelUidCpuTimeReader: 	at android.os.Handler.dispatchMessage(Handler.java:95)
06-21 14:33:34.149  1658  1687 E KernelUidCpuTimeReader: 	at android.os.Looper.loop(Looper.java:154)
06-21 14:33:34.149  1658  1687 E KernelUidCpuTimeReader: 	at android.os.HandlerThread.run(HandlerThread.java:61)
06-21 14:33:34.149  1658  1687 E KernelUidCpuTimeReader: 	at com.android.server.ServiceThread.run(ServiceThread.java:46)
06-21 14:33:34.218  1658   541 I WindowManager: WIN DEATH: Window{e04184f u0 io.ionic.starter/io.ionic.starter.MainActivity}
06-21 14:33:34.450  1658  3177 I WindowManager: Failed to capture screenshot of Token{703982e ActivityRecord{ad2eaa9 u0 com.google.android.packageinstaller/com.android.packageinstaller.UninstallAppProgress t217 f}} appWin=Window{b35093a u0 com.google.android.packageinstaller/com.android.packageinstaller.UninstallAppProgress} drawState=2
06-21 14:33:34.682  1658  4119 W InputMethodManagerService: Window already focused, ignoring focus gain of: com.android.internal.view.IInputMethodClient$Stub$Proxy@d6bdbaa attribute=android.view.inputmethod.EditorInfo@356839b, token = android.os.BinderProxy@f75c674
06-21 14:33:34.895 19382 14675 E ActivityThread: Failed to find provider info for com.google.android.apps.gsa.testing.ui.audio.recorded
06-21 14:33:37.707  1658  1658 W WindowManager: Attempted to remove non-existing token: android.os.Binder@a12449f
06-21 14:33:39.951 19382 14675 E ActivityThread: Failed to find provider info for com.google.android.apps.gsa.testing.ui.audio.recorded
06-21 14:33:44.997 19382 14675 E ActivityThread: Failed to find provider info for com.google.android.apps.gsa.testing.ui.audio.recorded
06-21 14:33:50.045 19382 14675 E ActivityThread: Failed to find provider info for com.google.android.apps.gsa.testing.ui.audio.recorded
06-21 14:33:55.085 19382 14675 E ActivityThread: Failed to find provider info for com.google.android.apps.gsa.testing.ui.audio.recorded
06-21 14:34:00.142 19382 14675 E ActivityThread: Failed to find provider info for com.google.android.apps.gsa.testing.ui.audio.recorded
06-21 14:34:05.195 19382 14675 E ActivityThread: Failed to find provider info for com.google.android.apps.gsa.testing.ui.audio.recorded
06-21 14:34:10.238 19382 14675 E ActivityThread: Failed to find provider info for com.google.android.apps.gsa.testing.ui.audio.recorded
06-21 14:34:15.298 19382 14675 E ActivityThread: Failed to find provider info for com.google.android.apps.gsa.testing.ui.audio.recorded
06-21 14:34:18.515  1658  1687 V BackupManagerService: restoreAtInstall pkg=io.ionic.starter token=53 restoreSet=0
06-21 14:34:18.515  1658  1687 V BackupManagerService: Finishing install immediately
06-21 14:34:20.342 19382 14675 E ActivityThread: Failed to find provider info for com.google.android.apps.gsa.testing.ui.audio.recorded
06-21 14:34:25.394 19382 14675 E ActivityThread: Failed to find provider info for com.google.android.apps.gsa.testing.ui.audio.recorded
06-21 14:34:30.448 19382 14675 E ActivityThread: Failed to find provider info for com.google.android.apps.gsa.testing.ui.audio.recorded
06-21 14:34:35.480 19382 14675 E ActivityThread: Failed to find provider info for com.google.android.apps.gsa.testing.ui.audio.recorded
06-21 14:34:40.527 19382 14675 E ActivityThread: Failed to find provider info for com.google.android.apps.gsa.testing.ui.audio.recorded
06-21 14:34:45.591 19382 14675 E ActivityThread: Failed to find provider info for com.google.android.apps.gsa.testing.ui.audio.recorded
06-21 14:34:50.637 19382 14675 E ActivityThread: Failed to find provider info for com.google.android.apps.gsa.testing.ui.audio.recorded
06-21 14:34:55.668 19382 14675 E ActivityThread: Failed to find provider info for com.google.android.apps.gsa.testing.ui.audio.recorded
06-21 14:35:00.725 19382 14675 E ActivityThread: Failed to find provider info for com.google.android.apps.gsa.testing.ui.audio.recorded
06-21 14:35:05.773 19382 14675 E ActivityThread: Failed to find provider info for com.google.android.apps.gsa.testing.ui.audio.recorded
06-21 14:35:10.819 19382 14675 E ActivityThread: Failed to find provider info for com.google.android.apps.gsa.testing.ui.audio.recorded
06-21 14:35:15.866 19382 14675 E ActivityThread: Failed to find provider info for com.google.android.apps.gsa.testing.ui.audio.recorded
06-21 14:35:20.897 19382 14675 E ActivityThread: Failed to find provider info for com.google.android.apps.gsa.testing.ui.audio.recorded
06-21 14:35:25.958 19382 14675 E ActivityThread: Failed to find provider info for com.google.android.apps.gsa.testing.ui.audio.recorded
06-21 14:35:31.022 19382 14675 E ActivityThread: Failed to find provider info for com.google.android.apps.gsa.testing.ui.audio.recorded
06-21 14:35:36.077 19382 14675 E ActivityThread: Failed to find provider info for com.google.android.apps.gsa.testing.ui.audio.recorded
06-21 14:35:41.115 19382 14675 E ActivityThread: Failed to find provider info for com.google.android.apps.gsa.testing.ui.audio.recorded
06-21 14:35:46.158 19382 14675 E ActivityThread: Failed to find provider info for com.google.android.apps.gsa.testing.ui.audio.recorded
06-21 14:35:51.210 19382 14675 E ActivityThread: Failed to find provider info for com.google.android.apps.gsa.testing.ui.audio.recorded
06-21 14:35:56.255 19382 14675 E ActivityThread: Failed to find provider info for com.google.android.apps.gsa.testing.ui.audio.recorded
06-21 14:36:01.316 19382 14675 E ActivityThread: Failed to find provider info for com.google.android.apps.gsa.testing.ui.audio.recorded
06-21 14:36:06.363 19382 14675 E ActivityThread: Failed to find provider info for com.google.android.apps.gsa.testing.ui.audio.recorded
06-21 14:36:11.411 19382 14675 E ActivityThread: Failed to find provider info for com.google.android.apps.gsa.testing.ui.audio.recorded
06-21 14:36:12.247  1658  1675 I ActivityManager: Force stopping io.ionic.starter appid=10190 user=-1: deletePackageX
06-21 14:36:12.309  1658  1687 I ActivityManager: Force stopping io.ionic.starter appid=10190 user=0: pkg removed
06-21 14:36:12.343  1658  1658 D ZenLog  : config: removeAutomaticZenRules,ZenModeConfig[user=0,allowCalls=true,allowRepeatCallers=false,allowMessages=false,allowCallsFrom=contacts,allowMessagesFrom=contacts,allowReminders=true,allowEvents=true,allowWhenScreenOff=true,allowWhenScreenOn=true,automaticRules={d392c0b1def4417d8fa4ec1e50d45cff=ZenRule[enabled=false,snoozing=false,name=Event,zenMode=ZEN_MODE_ALARMS,conditionId=condition://android/event?userId=-10000&calendar=&reply=1,condition=Condition[id=condition://android/event?userId=-10000&calendar=&reply=1,summary=...,line1=...,line2=...,icon=0,state=STATE_FALSE,flags=2],component=ComponentInfo{android/com.android.server.notification.EventConditionProvider},id=d392c0b1def4417d8fa4ec1e50d45cff,creationTime=1528476610993,enabler=null], ed815feff020470bb11dafc645cd7b8e=ZenRule[enabled=false,snoozing=false,name=Weekend,zenMode=ZEN_MODE_ALARMS,conditionId=condition://android/schedule?days=6.7&start=23.30&end=10.0&exitAtAlarm=false,condition=Condition[id=condition://android/schedule?days=6.7&start=23.30&end=10.0&exitAtAlarm=false,summary=...,line1=...,line2=...,icon=0,state=STATE_FALSE,flags=2],component=ComponentInfo{android/com.android.server.notification.ScheduleConditionProvider},id=ed815feff020470bb11dafc645cd7b8e,creationTime=1528476610993,enabler=null], f410b9980bbb4608b2acb62a40dadd8c=ZenRule[enabled=false,snoozing=false,name=Weeknight,zenMode=ZEN_MODE_ALARMS,conditionId=condition://android/schedule?days=1.2.3.4.5&start=22.0&end=7.0&exitAtAlarm=false,condition=Condition[id=condition://android/schedule?days=1.2.3.4.5&start=22.0&end=7.0&exitAtAlarm=false,summary=...,line1=...,line2=...,icon=0,state=STATE_FALSE,flags=2],component=ComponentInfo{android/com.android.server.notification.ScheduleConditionProvider},id=f410b9980bbb4608b2acb62a40dadd8c,creationTime=1528476610993,enabler=null]},manualRule=null],Diff[]
06-21 14:36:12.377  1658  1658 D ZenLog  : set_zen_mode: off,removeAutomaticZenRules
06-21 14:36:12.414 15024 15024 W ContextImpl: Calling a method in the system process without a qualified user: android.app.ContextImpl.startService:1357 android.content.ContextWrapper.startService:613 android.content.ContextWrapper.startService:613 com.android.keychain.KeyChainBroadcastReceiver.onReceive:12 android.app.ActivityThread.handleReceiver:3040 
06-21 14:36:12.426  1658  1687 E KernelUidCpuTimeReader: failed to remove uid from uid_cputime module
06-21 14:36:12.426  1658  1687 E KernelUidCpuTimeReader: java.io.FileNotFoundException: /proc/uid_cputime/remove_uid_range (No such file or directory)
06-21 14:36:12.426  1658  1687 E KernelUidCpuTimeReader: 	at java.io.FileOutputStream.open(Native Method)
06-21 14:36:12.426  1658  1687 E KernelUidCpuTimeReader: 	at java.io.FileOutputStream.<init>(FileOutputStream.java:221)
06-21 14:36:12.426  1658  1687 E KernelUidCpuTimeReader: 	at java.io.FileOutputStream.<init>(FileOutputStream.java:108)
06-21 14:36:12.426  1658  1687 E KernelUidCpuTimeReader: 	at java.io.FileWriter.<init>(FileWriter.java:63)
06-21 14:36:12.426  1658  1687 E KernelUidCpuTimeReader: 	at com.android.internal.os.KernelUidCpuTimeReader.removeUid(KernelUidCpuTimeReader.java:158)
06-21 14:36:12.426  1658  1687 E KernelUidCpuTimeReader: 	at com.android.internal.os.BatteryStatsImpl.removeUidStatsLocked(BatteryStatsImpl.java:10169)
06-21 14:36:12.426  1658  1687 E KernelUidCpuTimeReader: 	at com.android.server.am.BatteryStatsService.removeUid(BatteryStatsService.java:291)
06-21 14:36:12.426  1658  1687 E KernelUidCpuTimeReader: 	at com.android.server.am.ActivityManagerService.broadcastIntentLocked(ActivityManagerService.java:18060)
06-21 14:36:12.426  1658  1687 E KernelUidCpuTimeReader: 	at com.android.server.am.ActivityManagerService.broadcastIntent(ActivityManagerService.java:18558)
06-21 14:36:12.426  1658  1687 E KernelUidCpuTimeReader: 	at com.android.server.pm.PackageManagerService$8.run(PackageManagerService.java:11464)
06-21 14:36:12.426  1658  1687 E KernelUidCpuTimeReader: 	at android.os.Handler.handleCallback(Handler.java:751)
06-21 14:36:12.426  1658  1687 E KernelUidCpuTimeReader: 	at android.os.Handler.dispatchMessage(Handler.java:95)
06-21 14:36:12.426  1658  1687 E KernelUidCpuTimeReader: 	at android.os.Looper.loop(Looper.java:154)
06-21 14:36:12.426  1658  1687 E KernelUidCpuTimeReader: 	at android.os.HandlerThread.run(HandlerThread.java:61)
06-21 14:36:12.426  1658  1687 E KernelUidCpuTimeReader: 	at com.android.server.ServiceThread.run(ServiceThread.java:46)
06-21 14:36:13.912  1658  1687 V BackupManagerService: restoreAtInstall pkg=io.ionic.starter token=54 restoreSet=0
06-21 14:36:13.912  1658  1687 V BackupManagerService: Finishing install immediately
06-21 14:36:16.472 19382 14675 E ActivityThread: Failed to find provider info for com.google.android.apps.gsa.testing.ui.audio.recorded
06-21 14:36:21.515 19382 14675 E ActivityThread: Failed to find provider info for com.google.android.apps.gsa.testing.ui.audio.recorded
06-21 14:36:26.555 19382 14675 E ActivityThread: Failed to find provider info for com.google.android.apps.gsa.testing.ui.audio.recorded
06-21 14:36:31.618 19382 14675 E ActivityThread: Failed to find provider info for com.google.android.apps.gsa.testing.ui.audio.recorded
06-21 14:36:36.673 19382 14675 E ActivityThread: Failed to find provider info for com.google.android.apps.gsa.testing.ui.audio.recorded
06-21 14:36:41.715 19382 14675 E ActivityThread: Failed to find provider info for com.google.android.apps.gsa.testing.ui.audio.recorded
06-21 14:36:46.774 19382 14675 E ActivityThread: Failed to find provider info for com.google.android.apps.gsa.testing.ui.audio.recorded
06-21 14:36:51.827 19382 14675 E ActivityThread: Failed to find provider info for com.google.android.apps.gsa.testing.ui.audio.recorded
06-21 14:36:56.910 19382 14675 E ActivityThread: Failed to find provider info for com.google.android.apps.gsa.testing.ui.audio.recorded
06-21 14:37:01.952 19382 14675 E ActivityThread: Failed to find provider info for com.google.android.apps.gsa.testing.ui.audio.recorded
06-21 14:37:06.991 19382 14675 E ActivityThread: Failed to find provider info for com.google.android.apps.gsa.testing.ui.audio.recorded
06-21 14:37:12.066 19382 14675 E ActivityThread: Failed to find provider info for com.google.android.apps.gsa.testing.ui.audio.recorded
06-21 14:37:13.818  1658  1675 I ActivityManager: Force stopping io.ionic.starter appid=10191 user=-1: deletePackageX
06-21 14:37:13.881  1658  1687 I ActivityManager: Force stopping io.ionic.starter appid=10191 user=0: pkg removed
06-21 14:37:13.908  1658  1658 D ZenLog  : config: removeAutomaticZenRules,ZenModeConfig[user=0,allowCalls=true,allowRepeatCallers=false,allowMessages=false,allowCallsFrom=contacts,allowMessagesFrom=contacts,allowReminders=true,allowEvents=true,allowWhenScreenOff=true,allowWhenScreenOn=true,automaticRules={d392c0b1def4417d8fa4ec1e50d45cff=ZenRule[enabled=false,snoozing=false,name=Event,zenMode=ZEN_MODE_ALARMS,conditionId=condition://android/event?userId=-10000&calendar=&reply=1,condition=Condition[id=condition://android/event?userId=-10000&calendar=&reply=1,summary=...,line1=...,line2=...,icon=0,state=STATE_FALSE,flags=2],component=ComponentInfo{android/com.android.server.notification.EventConditionProvider},id=d392c0b1def4417d8fa4ec1e50d45cff,creationTime=1528476610993,enabler=null], ed815feff020470bb11dafc645cd7b8e=ZenRule[enabled=false,snoozing=false,name=Weekend,zenMode=ZEN_MODE_ALARMS,conditionId=condition://android/schedule?days=6.7&start=23.30&end=10.0&exitAtAlarm=false,condition=Condition[id=condition://android/schedule?days=6.7&start=23.30&end=10.0&exitAtAlarm=false,summary=...,line1=...,line2=...,icon=0,state=STATE_FALSE,flags=2],component=ComponentInfo{android/com.android.server.notification.ScheduleConditionProvider},id=ed815feff020470bb11dafc645cd7b8e,creationTime=1528476610993,enabler=null], f410b9980bbb4608b2acb62a40dadd8c=ZenRule[enabled=false,snoozing=false,name=Weeknight,zenMode=ZEN_MODE_ALARMS,conditionId=condition://android/schedule?days=1.2.3.4.5&start=22.0&end=7.0&exitAtAlarm=false,condition=Condition[id=condition://android/schedule?days=1.2.3.4.5&start=22.0&end=7.0&exitAtAlarm=false,summary=...,line1=...,line2=...,icon=0,state=STATE_FALSE,flags=2],component=ComponentInfo{android/com.android.server.notification.ScheduleConditionProvider},id=f410b9980bbb4608b2acb62a40dadd8c,creationTime=1528476610993,enabler=null]},manualRule=null],Diff[]
06-21 14:37:13.927  1658  1658 D ZenLog  : set_zen_mode: off,removeAutomaticZenRules
06-21 14:37:13.932  1658  1687 E KernelUidCpuTimeReader: failed to remove uid from uid_cputime module
06-21 14:37:13.932  1658  1687 E KernelUidCpuTimeReader: java.io.FileNotFoundException: /proc/uid_cputime/remove_uid_range (No such file or directory)
06-21 14:37:13.932  1658  1687 E KernelUidCpuTimeReader: 	at java.io.FileOutputStream.open(Native Method)
06-21 14:37:13.932  1658  1687 E KernelUidCpuTimeReader: 	at java.io.FileOutputStream.<init>(FileOutputStream.java:221)
06-21 14:37:13.932  1658  1687 E KernelUidCpuTimeReader: 	at java.io.FileOutputStream.<init>(FileOutputStream.java:108)
06-21 14:37:13.932  1658  1687 E KernelUidCpuTimeReader: 	at java.io.FileWriter.<init>(FileWriter.java:63)
06-21 14:37:13.932  1658  1687 E KernelUidCpuTimeReader: 	at com.android.internal.os.KernelUidCpuTimeReader.removeUid(KernelUidCpuTimeReader.java:158)
06-21 14:37:13.932  1658  1687 E KernelUidCpuTimeReader: 	at com.android.internal.os.BatteryStatsImpl.removeUidStatsLocked(BatteryStatsImpl.java:10169)
06-21 14:37:13.932  1658  1687 E KernelUidCpuTimeReader: 	at com.android.server.am.BatteryStatsService.removeUid(BatteryStatsService.java:291)
06-21 14:37:13.932  1658  1687 E KernelUidCpuTimeReader: 	at com.android.server.am.ActivityManagerService.broadcastIntentLocked(ActivityManagerService.java:18060)
06-21 14:37:13.932  1658  1687 E KernelUidCpuTimeReader: 	at com.android.server.am.ActivityManagerService.broadcastIntent(ActivityManagerService.java:18558)
06-21 14:37:13.932  1658  1687 E KernelUidCpuTimeReader: 	at com.android.server.pm.PackageManagerService$8.run(PackageManagerService.java:11464)
06-21 14:37:13.932  1658  1687 E KernelUidCpuTimeReader: 	at android.os.Handler.handleCallback(Handler.java:751)
06-21 14:37:13.932  1658  1687 E KernelUidCpuTimeReader: 	at android.os.Handler.dispatchMessage(Handler.java:95)
06-21 14:37:13.932  1658  1687 E KernelUidCpuTimeReader: 	at android.os.Looper.loop(Looper.java:154)
06-21 14:37:13.932  1658  1687 E KernelUidCpuTimeReader: 	at android.os.HandlerThread.run(HandlerThread.java:61)
06-21 14:37:13.932  1658  1687 E KernelUidCpuTimeReader: 	at com.android.server.ServiceThread.run(ServiceThread.java:46)
06-21 14:37:13.960 15024 15024 W ContextImpl: Calling a method in the system process without a qualified user: android.app.ContextImpl.startService:1357 android.content.ContextWrapper.startService:613 android.content.ContextWrapper.startService:613 com.android.keychain.KeyChainBroadcastReceiver.onReceive:12 android.app.ActivityThread.handleReceiver:3040 
06-21 14:37:15.413  1658  1687 V BackupManagerService: restoreAtInstall pkg=io.ionic.starter token=55 restoreSet=0
06-21 14:37:15.413  1658  1687 V BackupManagerService: Finishing install immediately
06-21 14:37:17.109 19382 14675 E ActivityThread: Failed to find provider info for com.google.android.apps.gsa.testing.ui.audio.recorded
06-21 14:37:22.152 19382 14675 E ActivityThread: Failed to find provider info for com.google.android.apps.gsa.testing.ui.audio.recorded
06-21 14:37:27.197 19382 14675 E ActivityThread: Failed to find provider info for com.google.android.apps.gsa.testing.ui.audio.recorded
06-21 14:37:32.233 19382 14675 E ActivityThread: Failed to find provider info for com.google.android.apps.gsa.testing.ui.audio.recorded
06-21 14:37:33.991  1658   544 I ActivityManager: START u0 {act=android.intent.action.MAIN flg=0x10000000 cmp=io.ionic.starter/.MainActivity} from uid 2000 on display 0
06-21 14:37:34.014  1658  2291 I ActivityManager: Start proc 16029:io.ionic.starter/u0a192 for activity io.ionic.starter/.MainActivity
06-21 14:37:37.092  1658  2005 W InputMethodManagerService: Window already focused, ignoring focus gain of: com.android.internal.view.IInputMethodClient$Stub$Proxy@1d98fd6 attribute=null, token = android.os.BinderProxy@febbd49
06-21 14:38:07.959 19382 14675 E ActivityThread: Failed to find provider info for com.google.android.apps.gsa.testing.ui.audio.recorded
06-21 14:38:13.043 19382 14675 E ActivityThread: Failed to find provider info for com.google.android.apps.gsa.testing.ui.audio.recorded
06-21 14:38:14.381  1658  2291 I ActivityManager: START u0 {act=android.intent.action.MAIN cat=[android.intent.category.LAUNCHER] flg=0x10200000 cmp=io.ionic.starter/.MainActivity bnds=[24,239][230,517] (has extras)} from uid 10022 on display 0
06-21 14:39:54.435  1658  1675 I ActivityManager: Force stopping io.ionic.starter appid=10192 user=-1: deletePackageX
06-21 14:39:54.435  1658  1675 I ActivityManager: Killing 16029:io.ionic.starter/u0a192 (adj 0): stop io.ionic.starter
06-21 14:39:54.435  1658  1675 D ActivityManager: cleanUpApplicationRecord -- 16029
06-21 14:39:54.437  1658  1675 W ActivityManager: Force removing ActivityRecord{cf95bd4 u0 io.ionic.starter/.MainActivity t219}: app died, no saved state
06-21 14:39:54.474  1658  1886 D ConnectivityService: ConnectivityService NetworkRequestInfo binderDied(NetworkRequest [ LISTEN id=160, [ Capabilities: INTERNET&NOT_RESTRICTED&TRUSTED&FOREGROUND] ], android.os.BinderProxy@49c4759)
06-21 14:39:54.475  1658   544 D ConnectivityService: ConnectivityService NetworkRequestInfo binderDied(NetworkRequest [ LISTEN id=159, [ Capabilities: INTERNET&NOT_RESTRICTED&TRUSTED&FOREGROUND] ], android.os.BinderProxy@c1daf1e)
06-21 14:39:54.482  1658  1719 E ConnectivityService: RemoteException caught trying to send a callback msg for NetworkRequest [ LISTEN id=160, [ Capabilities: INTERNET&NOT_RESTRICTED&TRUSTED&FOREGROUND] ]
06-21 14:39:54.483  1658  1719 E ConnectivityService: RemoteException caught trying to send a callback msg for NetworkRequest [ LISTEN id=159, [ Capabilities: INTERNET&NOT_RESTRICTED&TRUSTED&FOREGROUND] ]
06-21 14:39:54.602  1658  1687 I ActivityManager: Force stopping io.ionic.starter appid=10192 user=0: pkg removed
06-21 14:39:54.683  1658  1658 D ZenLog  : config: removeAutomaticZenRules,ZenModeConfig[user=0,allowCalls=true,allowRepeatCallers=false,allowMessages=false,allowCallsFrom=contacts,allowMessagesFrom=contacts,allowReminders=true,allowEvents=true,allowWhenScreenOff=true,allowWhenScreenOn=true,automaticRules={d392c0b1def4417d8fa4ec1e50d45cff=ZenRule[enabled=false,snoozing=false,name=Event,zenMode=ZEN_MODE_ALARMS,conditionId=condition://android/event?userId=-10000&calendar=&reply=1,condition=Condition[id=condition://android/event?userId=-10000&calendar=&reply=1,summary=...,line1=...,line2=...,icon=0,state=STATE_FALSE,flags=2],component=ComponentInfo{android/com.android.server.notification.EventConditionProvider},id=d392c0b1def4417d8fa4ec1e50d45cff,creationTime=1528476610993,enabler=null], ed815feff020470bb11dafc645cd7b8e=ZenRule[enabled=false,snoozing=false,name=Weekend,zenMode=ZEN_MODE_ALARMS,conditionId=condition://android/schedule?days=6.7&start=23.30&end=10.0&exitAtAlarm=false,condition=Condition[id=condition://android/schedule?days=6.7&start=23.30&end=10.0&exitAtAlarm=false,summary=...,line1=...,line2=...,icon=0,state=STATE_FALSE,flags=2],component=ComponentInfo{android/com.android.server.notification.ScheduleConditionProvider},id=ed815feff020470bb11dafc645cd7b8e,creationTime=1528476610993,enabler=null], f410b9980bbb4608b2acb62a40dadd8c=ZenRule[enabled=false,snoozing=false,name=Weeknight,zenMode=ZEN_MODE_ALARMS,conditionId=condition://android/schedule?days=1.2.3.4.5&start=22.0&end=7.0&exitAtAlarm=false,condition=Condition[id=condition://android/schedule?days=1.2.3.4.5&start=22.0&end=7.0&exitAtAlarm=false,summary=...,line1=...,line2=...,icon=0,state=STATE_FALSE,flags=2],component=ComponentInfo{android/com.android.server.notification.ScheduleConditionProvider},id=f410b9980bbb4608b2acb62a40dadd8c,creationTime=1528476610993,enabler=null]},manualRule=null],Diff[]
06-21 14:39:54.792 15024 15024 W ContextImpl: Calling a method in the system process without a qualified user: android.app.ContextImpl.startService:1357 android.content.ContextWrapper.startService:613 android.content.ContextWrapper.startService:613 com.android.keychain.KeyChainBroadcastReceiver.onReceive:12 android.app.ActivityThread.handleReceiver:3040 
06-21 14:39:54.970  1658  1687 E KernelUidCpuTimeReader: failed to remove uid from uid_cputime module
06-21 14:39:54.970  1658  1687 E KernelUidCpuTimeReader: java.io.FileNotFoundException: /proc/uid_cputime/remove_uid_range (No such file or directory)
06-21 14:39:54.970  1658  1687 E KernelUidCpuTimeReader: 	at java.io.FileOutputStream.open(Native Method)
06-21 14:39:54.970  1658  1687 E KernelUidCpuTimeReader: 	at java.io.FileOutputStream.<init>(FileOutputStream.java:221)
06-21 14:39:54.970  1658  1687 E KernelUidCpuTimeReader: 	at java.io.FileOutputStream.<init>(FileOutputStream.java:108)
06-21 14:39:54.970  1658  1687 E KernelUidCpuTimeReader: 	at java.io.FileWriter.<init>(FileWriter.java:63)
06-21 14:39:54.970  1658  1687 E KernelUidCpuTimeReader: 	at com.android.internal.os.KernelUidCpuTimeReader.removeUid(KernelUidCpuTimeReader.java:158)
06-21 14:39:54.970  1658  1687 E KernelUidCpuTimeReader: 	at com.android.internal.os.BatteryStatsImpl.removeUidStatsLocked(BatteryStatsImpl.java:10169)
06-21 14:39:54.970  1658  1687 E KernelUidCpuTimeReader: 	at com.android.server.am.BatteryStatsService.removeUid(BatteryStatsService.java:291)
06-21 14:39:54.970  1658  1687 E KernelUidCpuTimeReader: 	at com.android.server.am.ActivityManagerService.broadcastIntentLocked(ActivityManagerService.java:18060)
06-21 14:39:54.970  1658  1687 E KernelUidCpuTimeReader: 	at com.android.server.am.ActivityManagerService.broadcastIntent(ActivityManagerService.java:18558)
06-21 14:39:54.970  1658  1687 E KernelUidCpuTimeReader: 	at com.android.server.pm.PackageManagerService$8.run(PackageManagerService.java:11464)
06-21 14:39:54.970  1658  1687 E KernelUidCpuTimeReader: 	at android.os.Handler.handleCallback(Handler.java:751)
06-21 14:39:54.970  1658  1687 E KernelUidCpuTimeReader: 	at android.os.Handler.dispatchMessage(Handler.java:95)
06-21 14:39:54.970  1658  1687 E KernelUidCpuTimeReader: 	at android.os.Looper.loop(Looper.java:154)
06-21 14:39:54.970  1658  1687 E KernelUidCpuTimeReader: 	at android.os.HandlerThread.run(HandlerThread.java:61)
06-21 14:39:54.970  1658  1687 E KernelUidCpuTimeReader: 	at com.android.server.ServiceThread.run(ServiceThread.java:46)
06-21 14:39:55.032 19382 14675 E ActivityThread: Failed to find provider info for com.google.android.apps.gsa.testing.ui.audio.recorded
06-21 14:39:55.166  1658  1658 D ZenLog  : set_zen_mode: off,removeAutomaticZenRules
06-21 14:39:57.064  1658  1687 V BackupManagerService: restoreAtInstall pkg=io.ionic.starter token=56 restoreSet=0
06-21 14:39:57.064  1658  1687 V BackupManagerService: Finishing install immediately
06-21 14:39:58.901  1658  1670 I ActivityManager: START u0 {act=android.intent.action.MAIN flg=0x10000000 cmp=io.ionic.starter/.MainActivity} from uid 2000 on display 0
06-21 14:39:58.925  1658  1730 I ActivityManager: Start proc 16215:io.ionic.starter/u0a193 for activity io.ionic.starter/.MainActivity
06-21 14:40:02.287  1658  4080 W InputMethodManagerService: Window already focused, ignoring focus gain of: com.android.internal.view.IInputMethodClient$Stub$Proxy@a8dc2f7 attribute=null, token = android.os.BinderProxy@90788e9
06-21 14:41:49.662  1658   544 I ActivityManager: Start proc 16304:com.google.android.gms.unstable/u0a13 for service com.google.android.gms/.droidguard.DroidGuardService
06-21 14:41:50.035  1658  2290 W ActivityManager: Unable to start service Intent { act=com.google.android.finsky.BIND_PLAY_MODULE_SERVICE pkg=com.android.vending } U=0: not found
06-21 14:49:44.536  1658  1675 I ActivityManager: Force stopping io.ionic.starter appid=10193 user=-1: deletePackageX
06-21 14:49:44.537  1658  1675 I ActivityManager: Killing 16215:io.ionic.starter/u0a193 (adj 0): stop io.ionic.starter
06-21 14:49:44.537  1658  1675 D ActivityManager: cleanUpApplicationRecord -- 16215
06-21 14:49:44.538  1658  1675 W ActivityManager: Force removing ActivityRecord{ce5fd3 u0 io.ionic.starter/.MainActivity t220}: app died, no saved state
06-21 14:49:44.585  1658   542 D ConnectivityService: ConnectivityService NetworkRequestInfo binderDied(NetworkRequest [ LISTEN id=161, [ Capabilities: INTERNET&NOT_RESTRICTED&TRUSTED&FOREGROUND] ], android.os.BinderProxy@2eb99d9)
06-21 14:49:44.595  1658  4080 D ConnectivityService: ConnectivityService NetworkRequestInfo binderDied(NetworkRequest [ LISTEN id=162, [ Capabilities: INTERNET&NOT_RESTRICTED&TRUSTED&FOREGROUND] ], android.os.BinderProxy@e06cf9e)
06-21 14:49:44.595  1658  1719 E ConnectivityService: RemoteException caught trying to send a callback msg for NetworkRequest [ LISTEN id=161, [ Capabilities: INTERNET&NOT_RESTRICTED&TRUSTED&FOREGROUND] ]
06-21 14:49:44.596  1658  1719 E ConnectivityService: RemoteException caught trying to send a callback msg for NetworkRequest [ LISTEN id=162, [ Capabilities: INTERNET&NOT_RESTRICTED&TRUSTED&FOREGROUND] ]
06-21 14:49:44.815  1658  1687 I ActivityManager: Force stopping io.ionic.starter appid=10193 user=0: pkg removed
06-21 14:49:44.917  1658  1658 D ZenLog  : config: removeAutomaticZenRules,ZenModeConfig[user=0,allowCalls=true,allowRepeatCallers=false,allowMessages=false,allowCallsFrom=contacts,allowMessagesFrom=contacts,allowReminders=true,allowEvents=true,allowWhenScreenOff=true,allowWhenScreenOn=true,automaticRules={d392c0b1def4417d8fa4ec1e50d45cff=ZenRule[enabled=false,snoozing=false,name=Event,zenMode=ZEN_MODE_ALARMS,conditionId=condition://android/event?userId=-10000&calendar=&reply=1,condition=Condition[id=condition://android/event?userId=-10000&calendar=&reply=1,summary=...,line1=...,line2=...,icon=0,state=STATE_FALSE,flags=2],component=ComponentInfo{android/com.android.server.notification.EventConditionProvider},id=d392c0b1def4417d8fa4ec1e50d45cff,creationTime=1528476610993,enabler=null], ed815feff020470bb11dafc645cd7b8e=ZenRule[enabled=false,snoozing=false,name=Weekend,zenMode=ZEN_MODE_ALARMS,conditionId=condition://android/schedule?days=6.7&start=23.30&end=10.0&exitAtAlarm=false,condition=Condition[id=condition://android/schedule?days=6.7&start=23.30&end=10.0&exitAtAlarm=false,summary=...,line1=...,line2=...,icon=0,state=STATE_FALSE,flags=2],component=ComponentInfo{android/com.android.server.notification.ScheduleConditionProvider},id=ed815feff020470bb11dafc645cd7b8e,creationTime=1528476610993,enabler=null], f410b9980bbb4608b2acb62a40dadd8c=ZenRule[enabled=false,snoozing=false,name=Weeknight,zenMode=ZEN_MODE_ALARMS,conditionId=condition://android/schedule?days=1.2.3.4.5&start=22.0&end=7.0&exitAtAlarm=false,condition=Condition[id=condition://android/schedule?days=1.2.3.4.5&start=22.0&end=7.0&exitAtAlarm=false,summary=...,line1=...,line2=...,icon=0,state=STATE_FALSE,flags=2],component=ComponentInfo{android/com.android.server.notification.ScheduleConditionProvider},id=f410b9980bbb4608b2acb62a40dadd8c,creationTime=1528476610993,enabler=null]},manualRule=null],Diff[]
06-21 14:49:44.952 15024 15024 W ContextImpl: Calling a method in the system process without a qualified user: android.app.ContextImpl.startService:1357 android.content.ContextWrapper.startService:613 android.content.ContextWrapper.startService:613 com.android.keychain.KeyChainBroadcastReceiver.onReceive:12 android.app.ActivityThread.handleReceiver:3040 
06-21 14:49:45.007  1658  1687 E KernelUidCpuTimeReader: failed to remove uid from uid_cputime module
06-21 14:49:45.007  1658  1687 E KernelUidCpuTimeReader: java.io.FileNotFoundException: /proc/uid_cputime/remove_uid_range (No such file or directory)
06-21 14:49:45.007  1658  1687 E KernelUidCpuTimeReader: 	at java.io.FileOutputStream.open(Native Method)
06-21 14:49:45.007  1658  1687 E KernelUidCpuTimeReader: 	at java.io.FileOutputStream.<init>(FileOutputStream.java:221)
06-21 14:49:45.007  1658  1687 E KernelUidCpuTimeReader: 	at java.io.FileOutputStream.<init>(FileOutputStream.java:108)
06-21 14:49:45.007  1658  1687 E KernelUidCpuTimeReader: 	at java.io.FileWriter.<init>(FileWriter.java:63)
06-21 14:49:45.007  1658  1687 E KernelUidCpuTimeReader: 	at com.android.internal.os.KernelUidCpuTimeReader.removeUid(KernelUidCpuTimeReader.java:158)
06-21 14:49:45.007  1658  1687 E KernelUidCpuTimeReader: 	at com.android.internal.os.BatteryStatsImpl.removeUidStatsLocked(BatteryStatsImpl.java:10169)
06-21 14:49:45.007  1658  1687 E KernelUidCpuTimeReader: 	at com.android.server.am.BatteryStatsService.removeUid(BatteryStatsService.java:291)
06-21 14:49:45.007  1658  1687 E KernelUidCpuTimeReader: 	at com.android.server.am.ActivityManagerService.broadcastIntentLocked(ActivityManagerService.java:18060)
06-21 14:49:45.007  1658  1687 E KernelUidCpuTimeReader: 	at com.android.server.am.ActivityManagerService.broadcastIntent(ActivityManagerService.java:18558)
06-21 14:49:45.007  1658  1687 E KernelUidCpuTimeReader: 	at com.android.server.pm.PackageManagerService$8.run(PackageManagerService.java:11464)
06-21 14:49:45.007  1658  1687 E KernelUidCpuTimeReader: 	at android.os.Handler.handleCallback(Handler.java:751)
06-21 14:49:45.007  1658  1687 E KernelUidCpuTimeReader: 	at android.os.Handler.dispatchMessage(Handler.java:95)
06-21 14:49:45.007  1658  1687 E KernelUidCpuTimeReader: 	at android.os.Looper.loop(Looper.java:154)
06-21 14:49:45.007  1658  1687 E KernelUidCpuTimeReader: 	at android.os.HandlerThread.run(HandlerThread.java:61)
06-21 14:49:45.007  1658  1687 E KernelUidCpuTimeReader: 	at com.android.server.ServiceThread.run(ServiceThread.java:46)
06-21 14:49:45.050  1658  1658 D ZenLog  : set_zen_mode: off,removeAutomaticZenRules
06-21 14:49:45.342 19382 16428 E ActivityThread: Failed to find provider info for com.google.android.apps.gsa.testing.ui.audio.recorded
06-21 14:49:47.049  1658  1687 V BackupManagerService: restoreAtInstall pkg=io.ionic.starter token=57 restoreSet=0
06-21 14:49:47.049  1658  1687 V BackupManagerService: Finishing install immediately
06-21 14:49:50.393 19382 16428 E ActivityThread: Failed to find provider info for com.google.android.apps.gsa.testing.ui.audio.recorded
06-21 14:49:55.442 19382 16428 E ActivityThread: Failed to find provider info for com.google.android.apps.gsa.testing.ui.audio.recorded
06-21 14:50:00.482 19382 16428 E ActivityThread: Failed to find provider info for com.google.android.apps.gsa.testing.ui.audio.recorded
06-21 14:50:05.513 19382 16428 E ActivityThread: Failed to find provider info for com.google.android.apps.gsa.testing.ui.audio.recorded
06-21 14:50:10.562 19382 16428 E ActivityThread: Failed to find provider info for com.google.android.apps.gsa.testing.ui.audio.recorded
06-21 14:50:15.610 19382 16428 E ActivityThread: Failed to find provider info for com.google.android.apps.gsa.testing.ui.audio.recorded
06-21 14:50:20.656 19382 16428 E ActivityThread: Failed to find provider info for com.google.android.apps.gsa.testing.ui.audio.recorded
06-21 14:50:25.701 19382 16428 E ActivityThread: Failed to find provider info for com.google.android.apps.gsa.testing.ui.audio.recorded
06-21 14:50:30.736 19382 16428 E ActivityThread: Failed to find provider info for com.google.android.apps.gsa.testing.ui.audio.recorded
06-21 14:50:35.766 19382 16428 E ActivityThread: Failed to find provider info for com.google.android.apps.gsa.testing.ui.audio.recorded
06-21 14:50:40.806 19382 16428 E ActivityThread: Failed to find provider info for com.google.android.apps.gsa.testing.ui.audio.recorded
06-21 14:50:45.847 19382 16428 E ActivityThread: Failed to find provider info for com.google.android.apps.gsa.testing.ui.audio.recorded
06-21 14:50:50.895 19382 16428 E ActivityThread: Failed to find provider info for com.google.android.apps.gsa.testing.ui.audio.recorded
06-21 14:50:55.933 19382 16428 E ActivityThread: Failed to find provider info for com.google.android.apps.gsa.testing.ui.audio.recorded
06-21 14:51:00.963 19382 16428 E ActivityThread: Failed to find provider info for com.google.android.apps.gsa.testing.ui.audio.recorded
06-21 14:51:06.023 19382 16428 E ActivityThread: Failed to find provider info for com.google.android.apps.gsa.testing.ui.audio.recorded
06-21 14:51:11.074 19382 16428 E ActivityThread: Failed to find provider info for com.google.android.apps.gsa.testing.ui.audio.recorded
06-21 14:51:16.119 19382 16428 E ActivityThread: Failed to find provider info for com.google.android.apps.gsa.testing.ui.audio.recorded
06-21 14:51:21.175 19382 16428 E ActivityThread: Failed to find provider info for com.google.android.apps.gsa.testing.ui.audio.recorded
06-21 14:51:26.223 19382 16428 E ActivityThread: Failed to find provider info for com.google.android.apps.gsa.testing.ui.audio.recorded
06-21 14:51:31.276 19382 16428 E ActivityThread: Failed to find provider info for com.google.android.apps.gsa.testing.ui.audio.recorded
06-21 14:51:36.315 19382 16428 E ActivityThread: Failed to find provider info for com.google.android.apps.gsa.testing.ui.audio.recorded
06-21 14:51:40.285  1658   539 I ActivityManager: START u0 {act=android.intent.action.MAIN flg=0x10000000 cmp=io.ionic.starter/.MainActivity} from uid 2000 on display 0
06-21 14:51:40.306  1658   538 I ActivityManager: Start proc 16618:io.ionic.starter/u0a194 for activity io.ionic.starter/.MainActivity
06-21 14:52:09.962  1658  1669 I ActivityManager: START u0 {cmp=io.ionic.starter/com.microsoft.aad.adal.AuthenticationActivity (has extras)} from uid 10194 on display 0
06-21 14:52:13.001  1658  1670 W InputMethodManagerService: Window already focused, ignoring focus gain of: com.android.internal.view.IInputMethodClient$Stub$Proxy@bf71a44 attribute=null, token = android.os.BinderProxy@60e84bd
06-21 14:52:39.749 16618 16618 W ViewRootImpl[AuthenticationActivity]: Cancelling event due to no window focus: KeyEvent { action=ACTION_UP, keyCode=KEYCODE_ENTER, scanCode=28, metaState=0, flags=0x28, repeatCount=0, eventTime=669191798, downTime=669191780, deviceId=0, source=0x101 }
06-21 14:52:40.216  1658  4080 W InputMethodManagerService: Window already focused, ignoring focus gain of: com.android.internal.view.IInputMethodClient$Stub$Proxy@f2c7dba attribute=android.view.inputmethod.EditorInfo@c1c646b, token = android.os.BinderProxy@60e84bd
06-21 14:53:11.851  1658  1674 I UsageStatsService: User[0] Flushing usage stats to disk
06-21 14:55:11.943  1658   541 I ActivityManager: START u0 {cmp=io.ionic.starter/com.microsoft.aad.adal.AuthenticationActivity (has extras)} from uid 10194 on display 0
06-21 14:55:14.042  1658  1670 W InputMethodManagerService: Window already focused, ignoring focus gain of: com.android.internal.view.IInputMethodClient$Stub$Proxy@9304009 attribute=null, token = android.os.BinderProxy@f606b55
06-21 14:55:34.950 16618 16618 W ViewRootImpl[AuthenticationActivity]: Cancelling event due to no window focus: KeyEvent { action=ACTION_UP, keyCode=KEYCODE_ENTER, scanCode=28, metaState=0, flags=0x28, repeatCount=0, eventTime=669366948, downTime=669366931, deviceId=0, source=0x101 }
06-21 14:55:35.182  1658  4119 W InputMethodManagerService: Window already focused, ignoring focus gain of: com.android.internal.view.IInputMethodClient$Stub$Proxy@1b5b67d attribute=android.view.inputmethod.EditorInfo@9a6f972, token = android.os.BinderProxy@f606b55
06-21 14:59:29.506  1658  1678 E BatteryStatsService: no controller energy info supplied
06-21 14:59:29.509  1658  1678 E KernelCpuSpeedReader: Failed to read cpu-freq: /sys/devices/system/cpu/cpu0/cpufreq/stats/time_in_state (No such file or directory)
06-21 14:59:29.509  1658  1678 E KernelUidCpuTimeReader: Failed to read uid_cputime: /proc/uid_cputime/show_uid_stat (No such file or directory)
06-21 14:59:29.510  1658  1678 E BatteryStatsService: modem info is invalid: ModemActivityInfo{ mTimestamp=0 mSleepTimeMs=0 mIdleTimeMs=0 mTxTimeMs[]=[0, 0, 0, 0, 0] mRxTimeMs=0 mEnergyUsed=0}
06-21 14:59:41.438  1658  1658 I EntropyMixer: Writing entropy...
06-21 14:59:55.618  1658  1675 I ProcessStatsService: Prepared write state in 1ms
06-21 15:02:41.948  1658  1675 I ActivityManager: Start proc 16796:com.google.android.configupdater/u0a5 for broadcast com.google.android.configupdater/.SmsShortCodes.SmsShortCodesUpdateRequestReceiver
06-21 15:04:00.004  1658  1658 I ActivityManager: Killing 15543:com.google.android.packageinstaller/u0a18 (adj 906): empty for 1825s
06-21 15:04:00.040  1658  2005 D ActivityManager: cleanUpApplicationRecord -- 15543
06-21 15:07:02.411  1658  1675 I ActivityManager: Force stopping io.ionic.starter appid=10194 user=-1: deletePackageX
06-21 15:07:02.412  1658  1675 I ActivityManager: Killing 16618:io.ionic.starter/u0a194 (adj 0): stop io.ionic.starter
06-21 15:07:02.412  1658  1675 D ActivityManager: cleanUpApplicationRecord -- 16618
06-21 15:07:02.412  1658  1675 W ActivityManager: Force removing ActivityRecord{7ad6354 u0 io.ionic.starter/.MainActivity t221}: app died, no saved state
06-21 15:07:02.466  1658  4380 D ConnectivityService: ConnectivityService NetworkRequestInfo binderDied(NetworkRequest [ LISTEN id=163, [ Capabilities: INTERNET&NOT_RESTRICTED&TRUSTED&FOREGROUND] ], android.os.BinderProxy@8e590ff)
06-21 15:07:02.467  1658  2291 D ConnectivityService: ConnectivityService NetworkRequestInfo binderDied(NetworkRequest [ LISTEN id=164, [ Capabilities: INTERNET&NOT_RESTRICTED&TRUSTED&FOREGROUND] ], android.os.BinderProxy@269ecc)
06-21 15:07:02.473  1658  1719 E ConnectivityService: RemoteException caught trying to send a callback msg for NetworkRequest [ LISTEN id=163, [ Capabilities: INTERNET&NOT_RESTRICTED&TRUSTED&FOREGROUND] ]
06-21 15:07:02.474  1658  1719 E ConnectivityService: RemoteException caught trying to send a callback msg for NetworkRequest [ LISTEN id=164, [ Capabilities: INTERNET&NOT_RESTRICTED&TRUSTED&FOREGROUND] ]
06-21 15:07:02.578  1658  1687 I ActivityManager: Force stopping io.ionic.starter appid=10194 user=0: pkg removed
